[0.154s] [34mcolcon[0m [1;30mDEBUG[0m [32mCommand line arguments: ['/home/clawMachine/miniforge3/envs/ros_env/bin/colcon', 'build'][0m
[0.154s] [34mcolcon[0m [1;30mDEBUG[0m [32mParsed command line arguments: Namespace(log_base=None, log_level=None, verb_name='build', build_base='build', install_base='install', merge_install=False, symlink_install=False, test_result_base=None, continue_on_error=False, executor='parallel', parallel_workers=8, event_handlers=None, ignore_user_meta=False, metas=['./colcon.meta'], base_paths=['.'], packages_ignore=None, packages_ignore_regex=None, paths=None, packages_up_to=None, packages_up_to_regex=None, packages_above=None, packages_above_and_dependencies=None, packages_above_depth=None, packages_select_by_dep=None, packages_skip_by_dep=None, packages_skip_up_to=None, packages_select_build_failed=False, packages_skip_build_finished=False, packages_select_test_failures=False, packages_skip_test_passed=False, packages_select=None, packages_skip=None, packages_select_regex=None, packages_skip_regex=None, packages_start=None, packages_end=None, cmake_args=None, cmake_target=None, cmake_target_skip_unavailable=False, cmake_clean_cache=False, cmake_clean_first=False, cmake_force_configure=False, ament_cmake_args=None, catkin_cmake_args=None, catkin_skip_building_tests=False, verb_parser=<colcon_defaults.argument_parser.defaults.DefaultArgumentsDecorator object at 0x7fec009cfa10>, verb_extension=<colcon_core.verb.build.BuildVerb object at 0x7fec009ce090>, main=<bound method BuildVerb.main of <colcon_core.verb.build.BuildVerb object at 0x7fec009ce090>>)[0m
[0.186s] [34mcolcon.colcon_core.package_discovery[0m [1;30mLevel 1[0m discover_packages(colcon_meta) check parameters
[0.187s] [34mcolcon.colcon_core.package_discovery[0m [1;30mLevel 1[0m discover_packages(recursive) check parameters
[0.187s] [34mcolcon.colcon_core.package_discovery[0m [1;30mLevel 1[0m discover_packages(ignore) check parameters
[0.187s] [34mcolcon.colcon_core.package_discovery[0m [1;30mLevel 1[0m discover_packages(path) check parameters
[0.187s] [34mcolcon.colcon_core.package_discovery[0m [1;30mLevel 1[0m discover_packages(colcon_meta) discover
[0.187s] [34mcolcon.colcon_core.package_discovery[0m [1;30mLevel 1[0m discover_packages(recursive) discover
[0.187s] [34mcolcon.colcon_core.package_discovery[0m [1;30mINFO[0m Crawling recursively for packages in '/home/clawMachine/code/claw_machine_ros2'
[0.187s] [34mcolcon.colcon_core.package_identification[0m [1;30mLevel 1[0m _identify(.) by extensions ['ignore', 'ignore_ament_install']
[0.187s] [34mcolcon.colcon_core.package_identification[0m [1;30mLevel 1[0m _identify(.) by extension 'ignore'
[0.187s] [34mcolcon.colcon_core.package_identification[0m [1;30mLevel 1[0m _identify(.) by extension 'ignore_ament_install'
[0.187s] [34mcolcon.colcon_core.package_identification[0m [1;30mLevel 1[0m _identify(.) by extensions ['colcon_pkg']
[0.187s] [34mcolcon.colcon_core.package_identification[0m [1;30mLevel 1[0m _identify(.) by extension 'colcon_pkg'
[0.187s] [34mcolcon.colcon_core.package_identification[0m [1;30mLevel 1[0m _identify(.) by extensions ['colcon_meta']
[0.187s] [34mcolcon.colcon_core.package_identification[0m [1;30mLevel 1[0m _identify(.) by extension 'colcon_meta'
[0.188s] [34mcolcon.colcon_core.package_identification[0m [1;30mLevel 1[0m _identify(.) by extensions ['ros']
[0.188s] [34mcolcon.colcon_core.package_identification[0m [1;30mLevel 1[0m _identify(.) by extension 'ros'
[0.211s] [34mcolcon.colcon_core.package_identification[0m [1;30mLevel 1[0m _identify(.) by extensions ['cmake', 'python']
[0.211s] [34mcolcon.colcon_core.package_identification[0m [1;30mLevel 1[0m _identify(.) by extension 'cmake'
[0.211s] [34mcolcon.colcon_core.package_identification[0m [1;30mLevel 1[0m _identify(.) by extension 'python'
[0.211s] [34mcolcon.colcon_core.package_identification[0m [1;30mLevel 1[0m _identify(.) by extensions ['python_setup_py']
[0.211s] [34mcolcon.colcon_core.package_identification[0m [1;30mLevel 1[0m _identify(.) by extension 'python_setup_py'
[0.212s] [34mcolcon.colcon_core.package_identification[0m [1;30mLevel 1[0m _identify(build) by extensions ['ignore', 'ignore_ament_install']
[0.212s] [34mcolcon.colcon_core.package_identification[0m [1;30mLevel 1[0m _identify(build) by extension 'ignore'
[0.212s] [34mcolcon.colcon_core.package_identification[0m [1;30mLevel 1[0m _identify(build) ignored
[0.212s] [34mcolcon.colcon_core.package_identification[0m [1;30mLevel 1[0m _identify(cache) by extensions ['ignore', 'ignore_ament_install']
[0.212s] [34mcolcon.colcon_core.package_identification[0m [1;30mLevel 1[0m _identify(cache) by extension 'ignore'
[0.212s] [34mcolcon.colcon_core.package_identification[0m [1;30mLevel 1[0m _identify(cache) by extension 'ignore_ament_install'
[0.212s] [34mcolcon.colcon_core.package_identification[0m [1;30mLevel 1[0m _identify(cache) by extensions ['colcon_pkg']
[0.212s] [34mcolcon.colcon_core.package_identification[0m [1;30mLevel 1[0m _identify(cache) by extension 'colcon_pkg'
[0.212s] [34mcolcon.colcon_core.package_identification[0m [1;30mLevel 1[0m _identify(cache) by extensions ['colcon_meta']
[0.212s] [34mcolcon.colcon_core.package_identification[0m [1;30mLevel 1[0m _identify(cache) by extension 'colcon_meta'
[0.212s] [34mcolcon.colcon_core.package_identification[0m [1;30mLevel 1[0m _identify(cache) by extensions ['ros']
[0.212s] [34mcolcon.colcon_core.package_identification[0m [1;30mLevel 1[0m _identify(cache) by extension 'ros'
[0.212s] [34mcolcon.colcon_core.package_identification[0m [1;30mLevel 1[0m _identify(cache) by extensions ['cmake', 'python']
[0.213s] [34mcolcon.colcon_core.package_identification[0m [1;30mLevel 1[0m _identify(cache) by extension 'cmake'
[0.213s] [34mcolcon.colcon_core.package_identification[0m [1;30mLevel 1[0m _identify(cache) by extension 'python'
[0.213s] [34mcolcon.colcon_core.package_identification[0m [1;30mLevel 1[0m _identify(cache) by extensions ['python_setup_py']
[0.213s] [34mcolcon.colcon_core.package_identification[0m [1;30mLevel 1[0m _identify(cache) by extension 'python_setup_py'
[0.213s] [34mcolcon.colcon_core.package_identification[0m [1;30mLevel 1[0m _identify(cache/humble) by extensions ['ignore', 'ignore_ament_install']
[0.213s] [34mcolcon.colcon_core.package_identification[0m [1;30mLevel 1[0m _identify(cache/humble) by extension 'ignore'
[0.213s] [34mcolcon.colcon_core.package_identification[0m [1;30mLevel 1[0m _identify(cache/humble) by extension 'ignore_ament_install'
[0.213s] [34mcolcon.colcon_core.package_identification[0m [1;30mLevel 1[0m _identify(cache/humble) by extensions ['colcon_pkg']
[0.213s] [34mcolcon.colcon_core.package_identification[0m [1;30mLevel 1[0m _identify(cache/humble) by extension 'colcon_pkg'
[0.213s] [34mcolcon.colcon_core.package_identification[0m [1;30mLevel 1[0m _identify(cache/humble) by extensions ['colcon_meta']
[0.213s] [34mcolcon.colcon_core.package_identification[0m [1;30mLevel 1[0m _identify(cache/humble) by extension 'colcon_meta'
[0.213s] [34mcolcon.colcon_core.package_identification[0m [1;30mLevel 1[0m _identify(cache/humble) by extensions ['ros']
[0.213s] [34mcolcon.colcon_core.package_identification[0m [1;30mLevel 1[0m _identify(cache/humble) by extension 'ros'
[0.213s] [34mcolcon.colcon_core.package_identification[0m [1;30mLevel 1[0m _identify(cache/humble) by extensions ['cmake', 'python']
[0.213s] [34mcolcon.colcon_core.package_identification[0m [1;30mLevel 1[0m _identify(cache/humble) by extension 'cmake'
[0.213s] [34mcolcon.colcon_core.package_identification[0m [1;30mLevel 1[0m _identify(cache/humble) by extension 'python'
[0.213s] [34mcolcon.colcon_core.package_identification[0m [1;30mLevel 1[0m _identify(cache/humble) by extensions ['python_setup_py']
[0.214s] [34mcolcon.colcon_core.package_identification[0m [1;30mLevel 1[0m _identify(cache/humble) by extension 'python_setup_py'
[0.214s] [34mcolcon.colcon_core.package_identification[0m [1;30mLevel 1[0m _identify(install) by extensions ['ignore', 'ignore_ament_install']
[0.214s] [34mcolcon.colcon_core.package_identification[0m [1;30mLevel 1[0m _identify(install) by extension 'ignore'
[0.214s] [34mcolcon.colcon_core.package_identification[0m [1;30mLevel 1[0m _identify(install) ignored
[0.215s] [34mcolcon.colcon_core.package_identification[0m [1;30mLevel 1[0m _identify(log) by extensions ['ignore', 'ignore_ament_install']
[0.215s] [34mcolcon.colcon_core.package_identification[0m [1;30mLevel 1[0m _identify(log) by extension 'ignore'
[0.215s] [34mcolcon.colcon_core.package_identification[0m [1;30mLevel 1[0m _identify(log) ignored
[0.215s] [34mcolcon.colcon_core.package_identification[0m [1;30mLevel 1[0m _identify(my-new-projecthttps:) by extensions ['ignore', 'ignore_ament_install']
[0.215s] [34mcolcon.colcon_core.package_identification[0m [1;30mLevel 1[0m _identify(my-new-projecthttps:) by extension 'ignore'
[0.215s] [34mcolcon.colcon_core.package_identification[0m [1;30mLevel 1[0m _identify(my-new-projecthttps:) by extension 'ignore_ament_install'
[0.215s] [34mcolcon.colcon_core.package_identification[0m [1;30mLevel 1[0m _identify(my-new-projecthttps:) by extensions ['colcon_pkg']
[0.215s] [34mcolcon.colcon_core.package_identification[0m [1;30mLevel 1[0m _identify(my-new-projecthttps:) by extension 'colcon_pkg'
[0.215s] [34mcolcon.colcon_core.package_identification[0m [1;30mLevel 1[0m _identify(my-new-projecthttps:) by extensions ['colcon_meta']
[0.215s] [34mcolcon.colcon_core.package_identification[0m [1;30mLevel 1[0m _identify(my-new-projecthttps:) by extension 'colcon_meta'
[0.216s] [34mcolcon.colcon_core.package_identification[0m [1;30mLevel 1[0m _identify(my-new-projecthttps:) by extensions ['ros']
[0.216s] [34mcolcon.colcon_core.package_identification[0m [1;30mLevel 1[0m _identify(my-new-projecthttps:) by extension 'ros'
[0.216s] [34mcolcon.colcon_core.package_identification[0m [1;30mLevel 1[0m _identify(my-new-projecthttps:) by extensions ['cmake', 'python']
[0.216s] [34mcolcon.colcon_core.package_identification[0m [1;30mLevel 1[0m _identify(my-new-projecthttps:) by extension 'cmake'
[0.216s] [34mcolcon.colcon_core.package_identification[0m [1;30mLevel 1[0m _identify(my-new-projecthttps:) by extension 'python'
[0.216s] [34mcolcon.colcon_core.package_identification[0m [1;30mLevel 1[0m _identify(my-new-projecthttps:) by extensions ['python_setup_py']
[0.216s] [34mcolcon.colcon_core.package_identification[0m [1;30mLevel 1[0m _identify(my-new-projecthttps:) by extension 'python_setup_py'
[0.216s] [34mcolcon.colcon_core.package_identification[0m [1;30mLevel 1[0m _identify(my-new-projecthttps:/github.com) by extensions ['ignore', 'ignore_ament_install']
[0.216s] [34mcolcon.colcon_core.package_identification[0m [1;30mLevel 1[0m _identify(my-new-projecthttps:/github.com) by extension 'ignore'
[0.216s] [34mcolcon.colcon_core.package_identification[0m [1;30mLevel 1[0m _identify(my-new-projecthttps:/github.com) by extension 'ignore_ament_install'
[0.216s] [34mcolcon.colcon_core.package_identification[0m [1;30mLevel 1[0m _identify(my-new-projecthttps:/github.com) by extensions ['colcon_pkg']
[0.216s] [34mcolcon.colcon_core.package_identification[0m [1;30mLevel 1[0m _identify(my-new-projecthttps:/github.com) by extension 'colcon_pkg'
[0.216s] [34mcolcon.colcon_core.package_identification[0m [1;30mLevel 1[0m _identify(my-new-projecthttps:/github.com) by extensions ['colcon_meta']
[0.216s] [34mcolcon.colcon_core.package_identification[0m [1;30mLevel 1[0m _identify(my-new-projecthttps:/github.com) by extension 'colcon_meta'
[0.216s] [34mcolcon.colcon_core.package_identification[0m [1;30mLevel 1[0m _identify(my-new-projecthttps:/github.com) by extensions ['ros']
[0.216s] [34mcolcon.colcon_core.package_identification[0m [1;30mLevel 1[0m _identify(my-new-projecthttps:/github.com) by extension 'ros'
[0.217s] [34mcolcon.colcon_core.package_identification[0m [1;30mLevel 1[0m _identify(my-new-projecthttps:/github.com) by extensions ['cmake', 'python']
[0.217s] [34mcolcon.colcon_core.package_identification[0m [1;30mLevel 1[0m _identify(my-new-projecthttps:/github.com) by extension 'cmake'
[0.217s] [34mcolcon.colcon_core.package_identification[0m [1;30mLevel 1[0m _identify(my-new-projecthttps:/github.com) by extension 'python'
[0.217s] [34mcolcon.colcon_core.package_identification[0m [1;30mLevel 1[0m _identify(my-new-projecthttps:/github.com) by extensions ['python_setup_py']
[0.217s] [34mcolcon.colcon_core.package_identification[0m [1;30mLevel 1[0m _identify(my-new-projecthttps:/github.com) by extension 'python_setup_py'
[0.217s] [34mcolcon.colcon_core.package_identification[0m [1;30mLevel 1[0m _identify(my-new-projecthttps:/github.com/SamGomez170) by extensions ['ignore', 'ignore_ament_install']
[0.217s] [34mcolcon.colcon_core.package_identification[0m [1;30mLevel 1[0m _identify(my-new-projecthttps:/github.com/SamGomez170) by extension 'ignore'
[0.217s] [34mcolcon.colcon_core.package_identification[0m [1;30mLevel 1[0m _identify(my-new-projecthttps:/github.com/SamGomez170) by extension 'ignore_ament_install'
[0.217s] [34mcolcon.colcon_core.package_identification[0m [1;30mLevel 1[0m _identify(my-new-projecthttps:/github.com/SamGomez170) by extensions ['colcon_pkg']
[0.217s] [34mcolcon.colcon_core.package_identification[0m [1;30mLevel 1[0m _identify(my-new-projecthttps:/github.com/SamGomez170) by extension 'colcon_pkg'
[0.217s] [34mcolcon.colcon_core.package_identification[0m [1;30mLevel 1[0m _identify(my-new-projecthttps:/github.com/SamGomez170) by extensions ['colcon_meta']
[0.217s] [34mcolcon.colcon_core.package_identification[0m [1;30mLevel 1[0m _identify(my-new-projecthttps:/github.com/SamGomez170) by extension 'colcon_meta'
[0.217s] [34mcolcon.colcon_core.package_identification[0m [1;30mLevel 1[0m _identify(my-new-projecthttps:/github.com/SamGomez170) by extensions ['ros']
[0.217s] [34mcolcon.colcon_core.package_identification[0m [1;30mLevel 1[0m _identify(my-new-projecthttps:/github.com/SamGomez170) by extension 'ros'
[0.217s] [34mcolcon.colcon_core.package_identification[0m [1;30mLevel 1[0m _identify(my-new-projecthttps:/github.com/SamGomez170) by extensions ['cmake', 'python']
[0.217s] [34mcolcon.colcon_core.package_identification[0m [1;30mLevel 1[0m _identify(my-new-projecthttps:/github.com/SamGomez170) by extension 'cmake'
[0.218s] [34mcolcon.colcon_core.package_identification[0m [1;30mLevel 1[0m _identify(my-new-projecthttps:/github.com/SamGomez170) by extension 'python'
[0.218s] [34mcolcon.colcon_core.package_identification[0m [1;30mLevel 1[0m _identify(my-new-projecthttps:/github.com/SamGomez170) by extensions ['python_setup_py']
[0.218s] [34mcolcon.colcon_core.package_identification[0m [1;30mLevel 1[0m _identify(my-new-projecthttps:/github.com/SamGomez170) by extension 'python_setup_py'
[0.218s] [34mcolcon.colcon_core.package_identification[0m [1;30mLevel 1[0m _identify(src) by extensions ['ignore', 'ignore_ament_install']
[0.218s] [34mcolcon.colcon_core.package_identification[0m [1;30mLevel 1[0m _identify(src) by extension 'ignore'
[0.218s] [34mcolcon.colcon_core.package_identification[0m [1;30mLevel 1[0m _identify(src) by extension 'ignore_ament_install'
[0.218s] [34mcolcon.colcon_core.package_identification[0m [1;30mLevel 1[0m _identify(src) by extensions ['colcon_pkg']
[0.218s] [34mcolcon.colcon_core.package_identification[0m [1;30mLevel 1[0m _identify(src) by extension 'colcon_pkg'
[0.218s] [34mcolcon.colcon_core.package_identification[0m [1;30mLevel 1[0m _identify(src) by extensions ['colcon_meta']
[0.218s] [34mcolcon.colcon_core.package_identification[0m [1;30mLevel 1[0m _identify(src) by extension 'colcon_meta'
[0.218s] [34mcolcon.colcon_core.package_identification[0m [1;30mLevel 1[0m _identify(src) by extensions ['ros']
[0.218s] [34mcolcon.colcon_core.package_identification[0m [1;30mLevel 1[0m _identify(src) by extension 'ros'
[0.218s] [34mcolcon.colcon_core.package_identification[0m [1;30mLevel 1[0m _identify(src) by extensions ['cmake', 'python']
[0.218s] [34mcolcon.colcon_core.package_identification[0m [1;30mLevel 1[0m _identify(src) by extension 'cmake'
[0.218s] [34mcolcon.colcon_core.package_identification[0m [1;30mLevel 1[0m _identify(src) by extension 'python'
[0.218s] [34mcolcon.colcon_core.package_identification[0m [1;30mLevel 1[0m _identify(src) by extensions ['python_setup_py']
[0.219s] [34mcolcon.colcon_core.package_identification[0m [1;30mLevel 1[0m _identify(src) by extension 'python_setup_py'
[0.219s] [34mcolcon.colcon_core.package_identification[0m [1;30mLevel 1[0m _identify(src/build) by extensions ['ignore', 'ignore_ament_install']
[0.219s] [34mcolcon.colcon_core.package_identification[0m [1;30mLevel 1[0m _identify(src/build) by extension 'ignore'
[0.219s] [34mcolcon.colcon_core.package_identification[0m [1;30mLevel 1[0m _identify(src/build) by extension 'ignore_ament_install'
[0.219s] [34mcolcon.colcon_core.package_identification[0m [1;30mLevel 1[0m _identify(src/build) by extensions ['colcon_pkg']
[0.219s] [34mcolcon.colcon_core.package_identification[0m [1;30mLevel 1[0m _identify(src/build) by extension 'colcon_pkg'
[0.219s] [34mcolcon.colcon_core.package_identification[0m [1;30mLevel 1[0m _identify(src/build) by extensions ['colcon_meta']
[0.219s] [34mcolcon.colcon_core.package_identification[0m [1;30mLevel 1[0m _identify(src/build) by extension 'colcon_meta'
[0.219s] [34mcolcon.colcon_core.package_identification[0m [1;30mLevel 1[0m _identify(src/build) by extensions ['ros']
[0.219s] [34mcolcon.colcon_core.package_identification[0m [1;30mLevel 1[0m _identify(src/build) by extension 'ros'
[0.219s] [34mcolcon.colcon_core.package_identification[0m [1;30mLevel 1[0m _identify(src/build) by extensions ['cmake', 'python']
[0.219s] [34mcolcon.colcon_core.package_identification[0m [1;30mLevel 1[0m _identify(src/build) by extension 'cmake'
[0.219s] [34mcolcon.colcon_core.package_identification[0m [1;30mLevel 1[0m _identify(src/build) by extension 'python'
[0.219s] [34mcolcon.colcon_core.package_identification[0m [1;30mLevel 1[0m _identify(src/build) by extensions ['python_setup_py']
[0.219s] [34mcolcon.colcon_core.package_identification[0m [1;30mLevel 1[0m _identify(src/build) by extension 'python_setup_py'
[0.220s] [34mcolcon.colcon_core.package_identification[0m [1;30mLevel 1[0m _identify(src/claw_machine_msgs) by extensions ['ignore', 'ignore_ament_install']
[0.220s] [34mcolcon.colcon_core.package_identification[0m [1;30mLevel 1[0m _identify(src/claw_machine_msgs) by extension 'ignore'
[0.220s] [34mcolcon.colcon_core.package_identification[0m [1;30mLevel 1[0m _identify(src/claw_machine_msgs) by extension 'ignore_ament_install'
[0.220s] [34mcolcon.colcon_core.package_identification[0m [1;30mLevel 1[0m _identify(src/claw_machine_msgs) by extensions ['colcon_pkg']
[0.220s] [34mcolcon.colcon_core.package_identification[0m [1;30mLevel 1[0m _identify(src/claw_machine_msgs) by extension 'colcon_pkg'
[0.220s] [34mcolcon.colcon_core.package_identification[0m [1;30mLevel 1[0m _identify(src/claw_machine_msgs) by extensions ['colcon_meta']
[0.220s] [34mcolcon.colcon_core.package_identification[0m [1;30mLevel 1[0m _identify(src/claw_machine_msgs) by extension 'colcon_meta'
[0.220s] [34mcolcon.colcon_core.package_identification[0m [1;30mLevel 1[0m _identify(src/claw_machine_msgs) by extensions ['ros']
[0.220s] [34mcolcon.colcon_core.package_identification[0m [1;30mLevel 1[0m _identify(src/claw_machine_msgs) by extension 'ros'
[0.223s] [34mcolcon.colcon_core.package_identification[0m [1;30mDEBUG[0m [32mPackage 'src/claw_machine_msgs' with type 'ros.ament_cmake' and name 'claw_machine_msgs'[0m
[0.224s] [34mcolcon.colcon_core.package_identification[0m [1;30mLevel 1[0m _identify(src/install) by extensions ['ignore', 'ignore_ament_install']
[0.224s] [34mcolcon.colcon_core.package_identification[0m [1;30mLevel 1[0m _identify(src/install) by extension 'ignore'
[0.224s] [34mcolcon.colcon_core.package_identification[0m [1;30mLevel 1[0m _identify(src/install) ignored
[0.224s] [34mcolcon.colcon_core.package_identification[0m [1;30mLevel 1[0m _identify(src/keyboard_claw_controller) by extensions ['ignore', 'ignore_ament_install']
[0.224s] [34mcolcon.colcon_core.package_identification[0m [1;30mLevel 1[0m _identify(src/keyboard_claw_controller) by extension 'ignore'
[0.224s] [34mcolcon.colcon_core.package_identification[0m [1;30mLevel 1[0m _identify(src/keyboard_claw_controller) by extension 'ignore_ament_install'
[0.224s] [34mcolcon.colcon_core.package_identification[0m [1;30mLevel 1[0m _identify(src/keyboard_claw_controller) by extensions ['colcon_pkg']
[0.224s] [34mcolcon.colcon_core.package_identification[0m [1;30mLevel 1[0m _identify(src/keyboard_claw_controller) by extension 'colcon_pkg'
[0.224s] [34mcolcon.colcon_core.package_identification[0m [1;30mLevel 1[0m _identify(src/keyboard_claw_controller) by extensions ['colcon_meta']
[0.224s] [34mcolcon.colcon_core.package_identification[0m [1;30mLevel 1[0m _identify(src/keyboard_claw_controller) by extension 'colcon_meta'
[0.224s] [34mcolcon.colcon_core.package_identification[0m [1;30mLevel 1[0m _identify(src/keyboard_claw_controller) by extensions ['ros']
[0.224s] [34mcolcon.colcon_core.package_identification[0m [1;30mLevel 1[0m _identify(src/keyboard_claw_controller) by extension 'ros'
[0.225s] [34mcolcon.colcon_core.package_identification[0m [1;30mDEBUG[0m [32mPackage 'src/keyboard_claw_controller' with type 'ros.ament_python' and name 'keyboard_claw_controller'[0m
[0.225s] [34mcolcon.colcon_core.package_identification[0m [1;30mLevel 1[0m _identify(src/log) by extensions ['ignore', 'ignore_ament_install']
[0.225s] [34mcolcon.colcon_core.package_identification[0m [1;30mLevel 1[0m _identify(src/log) by extension 'ignore'
[0.225s] [34mcolcon.colcon_core.package_identification[0m [1;30mLevel 1[0m _identify(src/log) ignored
[0.225s] [34mcolcon.colcon_core.package_discovery[0m [1;30mLevel 1[0m discover_packages(recursive) using defaults
[0.225s] [34mcolcon.colcon_core.package_discovery[0m [1;30mLevel 1[0m discover_packages(ignore) discover
[0.225s] [34mcolcon.colcon_core.package_discovery[0m [1;30mLevel 1[0m discover_packages(ignore) using defaults
[0.225s] [34mcolcon.colcon_core.package_discovery[0m [1;30mLevel 1[0m discover_packages(path) discover
[0.225s] [34mcolcon.colcon_core.package_discovery[0m [1;30mLevel 1[0m discover_packages(path) using defaults
[0.244s] [34mcolcon.colcon_core.verb[0m [1;30mLevel 5[0m set package 'claw_machine_msgs' build argument 'cmake_args' from command line to 'None'
[0.244s] [34mcolcon.colcon_core.verb[0m [1;30mLevel 5[0m set package 'claw_machine_msgs' build argument 'cmake_target' from command line to 'None'
[0.244s] [34mcolcon.colcon_core.verb[0m [1;30mLevel 5[0m set package 'claw_machine_msgs' build argument 'cmake_target_skip_unavailable' from command line to 'False'
[0.244s] [34mcolcon.colcon_core.verb[0m [1;30mLevel 5[0m set package 'claw_machine_msgs' build argument 'cmake_clean_cache' from command line to 'False'
[0.244s] [34mcolcon.colcon_core.verb[0m [1;30mLevel 5[0m set package 'claw_machine_msgs' build argument 'cmake_clean_first' from command line to 'False'
[0.244s] [34mcolcon.colcon_core.verb[0m [1;30mLevel 5[0m set package 'claw_machine_msgs' build argument 'cmake_force_configure' from command line to 'False'
[0.244s] [34mcolcon.colcon_core.verb[0m [1;30mLevel 5[0m set package 'claw_machine_msgs' build argument 'ament_cmake_args' from command line to 'None'
[0.244s] [34mcolcon.colcon_core.verb[0m [1;30mLevel 5[0m set package 'claw_machine_msgs' build argument 'catkin_cmake_args' from command line to 'None'
[0.244s] [34mcolcon.colcon_core.verb[0m [1;30mLevel 5[0m set package 'claw_machine_msgs' build argument 'catkin_skip_building_tests' from command line to 'False'
[0.244s] [34mcolcon.colcon_core.verb[0m [1;30mDEBUG[0m [32mBuilding package 'claw_machine_msgs' with the following arguments: {'ament_cmake_args': None, 'build_base': '/home/clawMachine/code/claw_machine_ros2/build/claw_machine_msgs', 'catkin_cmake_args': None, 'catkin_skip_building_tests': False, 'cmake_args': None, 'cmake_clean_cache': False, 'cmake_clean_first': False, 'cmake_force_configure': False, 'cmake_target': None, 'cmake_target_skip_unavailable': False, 'install_base': '/home/clawMachine/code/claw_machine_ros2/install/claw_machine_msgs', 'merge_install': False, 'path': '/home/clawMachine/code/claw_machine_ros2/src/claw_machine_msgs', 'symlink_install': False, 'test_result_base': None}[0m
[0.245s] [34mcolcon.colcon_core.verb[0m [1;30mLevel 5[0m set package 'keyboard_claw_controller' build argument 'cmake_args' from command line to 'None'
[0.245s] [34mcolcon.colcon_core.verb[0m [1;30mLevel 5[0m set package 'keyboard_claw_controller' build argument 'cmake_target' from command line to 'None'
[0.245s] [34mcolcon.colcon_core.verb[0m [1;30mLevel 5[0m set package 'keyboard_claw_controller' build argument 'cmake_target_skip_unavailable' from command line to 'False'
[0.245s] [34mcolcon.colcon_core.verb[0m [1;30mLevel 5[0m set package 'keyboard_claw_controller' build argument 'cmake_clean_cache' from command line to 'False'
[0.245s] [34mcolcon.colcon_core.verb[0m [1;30mLevel 5[0m set package 'keyboard_claw_controller' build argument 'cmake_clean_first' from command line to 'False'
[0.245s] [34mcolcon.colcon_core.verb[0m [1;30mLevel 5[0m set package 'keyboard_claw_controller' build argument 'cmake_force_configure' from command line to 'False'
[0.245s] [34mcolcon.colcon_core.verb[0m [1;30mLevel 5[0m set package 'keyboard_claw_controller' build argument 'ament_cmake_args' from command line to 'None'
[0.245s] [34mcolcon.colcon_core.verb[0m [1;30mLevel 5[0m set package 'keyboard_claw_controller' build argument 'catkin_cmake_args' from command line to 'None'
[0.245s] [34mcolcon.colcon_core.verb[0m [1;30mLevel 5[0m set package 'keyboard_claw_controller' build argument 'catkin_skip_building_tests' from command line to 'False'
[0.245s] [34mcolcon.colcon_core.verb[0m [1;30mDEBUG[0m [32mBuilding package 'keyboard_claw_controller' with the following arguments: {'ament_cmake_args': None, 'build_base': '/home/clawMachine/code/claw_machine_ros2/build/keyboard_claw_controller', 'catkin_cmake_args': None, 'catkin_skip_building_tests': False, 'cmake_args': None, 'cmake_clean_cache': False, 'cmake_clean_first': False, 'cmake_force_configure': False, 'cmake_target': None, 'cmake_target_skip_unavailable': False, 'install_base': '/home/clawMachine/code/claw_machine_ros2/install/keyboard_claw_controller', 'merge_install': False, 'path': '/home/clawMachine/code/claw_machine_ros2/src/keyboard_claw_controller', 'symlink_install': False, 'test_result_base': None}[0m
[0.245s] [34mcolcon.colcon_core.executor[0m [1;30mINFO[0m Executing jobs using 'parallel' executor
[0.246s] [34mcolcon.colcon_parallel_executor.executor.parallel[0m [1;30mDEBUG[0m [32mrun_until_complete[0m
[0.247s] [34mcolcon.colcon_ros.task.ament_cmake.build[0m [1;30mINFO[0m Building ROS package in '/home/clawMachine/code/claw_machine_ros2/src/claw_machine_msgs' with build type 'ament_cmake'
[0.247s] [34mcolcon.colcon_cmake.task.cmake.build[0m [1;30mINFO[0m Building CMake package in '/home/clawMachine/code/claw_machine_ros2/src/claw_machine_msgs'
[0.249s] [34mcolcon.colcon_core.plugin_system[0m [1;30mINFO[0m Skipping extension 'colcon_core.shell.bat': Not used on non-Windows systems
[0.249s] [34mcolcon.colcon_core.shell[0m [1;30mINFO[0m Skip shell extension 'powershell' for command environment: Not usable outside of PowerShell
[0.249s] [34mcolcon.colcon_core.shell[0m [1;30mDEBUG[0m [32mSkip shell extension 'dsv' for command environment[0m
[0.255s] [34mcolcon.colcon_ros.task.ament_python.build[0m [1;30mINFO[0m Building ROS package in '/home/clawMachine/code/claw_machine_ros2/src/keyboard_claw_controller' with build type 'ament_python'
[0.256s] [34mcolcon.colcon_core.shell[0m [1;30mLevel 1[0m create_environment_hook('keyboard_claw_controller', 'ament_prefix_path')
[0.256s] [34mcolcon.colcon_core.shell[0m [1;30mINFO[0m Creating environment hook '/home/clawMachine/code/claw_machine_ros2/install/keyboard_claw_controller/share/keyboard_claw_controller/hook/ament_prefix_path.ps1'
[0.256s] [34mcolcon.colcon_core.shell[0m [1;30mINFO[0m Creating environment descriptor '/home/clawMachine/code/claw_machine_ros2/install/keyboard_claw_controller/share/keyboard_claw_controller/hook/ament_prefix_path.dsv'
[0.257s] [34mcolcon.colcon_core.shell[0m [1;30mINFO[0m Creating environment hook '/home/clawMachine/code/claw_machine_ros2/install/keyboard_claw_controller/share/keyboard_claw_controller/hook/ament_prefix_path.sh'
[0.257s] [34mcolcon.colcon_core.shell[0m [1;30mINFO[0m Skip shell extension 'powershell' for command environment: Not usable outside of PowerShell
[0.257s] [34mcolcon.colcon_core.shell[0m [1;30mDEBUG[0m [32mSkip shell extension 'dsv' for command environment[0m
[0.267s] [34mcolcon.colcon_core.event_handler.log_command[0m [1;30mDEBUG[0m [32mInvoking command in '/home/clawMachine/code/claw_machine_ros2/build/claw_machine_msgs': CMAKE_PREFIX_PATH=${CMAKE_PREFIX_PATH}:/home/clawMachine/code/claw_machine_ros2/install/keyboard_claw_controller CONDA_PROMPT_MODIFIER=(ros_env) /home/clawMachine/miniforge3/envs/ros_env/bin/cmake --build /home/clawMachine/code/claw_machine_ros2/build/claw_machine_msgs -- -j8 -l8[0m
[0.600s] [34mcolcon.colcon_core.task.python.build[0m [1;30mINFO[0m Building Python package in '/home/clawMachine/code/claw_machine_ros2/src/keyboard_claw_controller'
[0.600s] [34mcolcon.colcon_core.shell[0m [1;30mINFO[0m Skip shell extension 'powershell' for command environment: Not usable outside of PowerShell
[0.600s] [34mcolcon.colcon_core.shell[0m [1;30mDEBUG[0m [32mSkip shell extension 'dsv' for command environment[0m
[0.752s] [34mcolcon.colcon_core.event_handler.log_command[0m [1;30mDEBUG[0m [32mInvoked command in '/home/clawMachine/code/claw_machine_ros2/build/claw_machine_msgs' returned '0': CMAKE_PREFIX_PATH=${CMAKE_PREFIX_PATH}:/home/clawMachine/code/claw_machine_ros2/install/keyboard_claw_controller CONDA_PROMPT_MODIFIER=(ros_env) /home/clawMachine/miniforge3/envs/ros_env/bin/cmake --build /home/clawMachine/code/claw_machine_ros2/build/claw_machine_msgs -- -j8 -l8[0m
[0.807s] [34mcolcon.colcon_core.event_handler.log_command[0m [1;30mDEBUG[0m [32mInvoking command in '/home/clawMachine/code/claw_machine_ros2/build/claw_machine_msgs': CMAKE_PREFIX_PATH=${CMAKE_PREFIX_PATH}:/home/clawMachine/code/claw_machine_ros2/install/keyboard_claw_controller CONDA_PROMPT_MODIFIER=(ros_env) /home/clawMachine/miniforge3/envs/ros_env/bin/cmake --install /home/clawMachine/code/claw_machine_ros2/build/claw_machine_msgs[0m
[0.877s] [34mcolcon.colcon_core.environment[0m [1;30mLevel 1[0m create_environment_scripts_only(claw_machine_msgs)
[0.878s] [34mcolcon.colcon_core.event_handler.log_command[0m [1;30mDEBUG[0m [32mInvoked command in '/home/clawMachine/code/claw_machine_ros2/build/claw_machine_msgs' returned '0': CMAKE_PREFIX_PATH=${CMAKE_PREFIX_PATH}:/home/clawMachine/code/claw_machine_ros2/install/keyboard_claw_controller CONDA_PROMPT_MODIFIER=(ros_env) /home/clawMachine/miniforge3/envs/ros_env/bin/cmake --install /home/clawMachine/code/claw_machine_ros2/build/claw_machine_msgs[0m
[0.881s] [34mcolcon.colcon_core.environment[0m [1;30mLevel 1[0m checking '/home/clawMachine/code/claw_machine_ros2/install/claw_machine_msgs' for CMake module files
[0.883s] [34mcolcon.colcon_core.environment[0m [1;30mLevel 1[0m checking '/home/clawMachine/code/claw_machine_ros2/install/claw_machine_msgs' for CMake config files
[0.883s] [34mcolcon.colcon_core.shell[0m [1;30mLevel 1[0m create_environment_hook('claw_machine_msgs', 'cmake_prefix_path')
[0.884s] [34mcolcon.colcon_core.shell[0m [1;30mINFO[0m Creating environment hook '/home/clawMachine/code/claw_machine_ros2/install/claw_machine_msgs/share/claw_machine_msgs/hook/cmake_prefix_path.ps1'
[0.884s] [34mcolcon.colcon_core.shell[0m [1;30mINFO[0m Creating environment descriptor '/home/clawMachine/code/claw_machine_ros2/install/claw_machine_msgs/share/claw_machine_msgs/hook/cmake_prefix_path.dsv'
[0.884s] [34mcolcon.colcon_core.shell[0m [1;30mINFO[0m Creating environment hook '/home/clawMachine/code/claw_machine_ros2/install/claw_machine_msgs/share/claw_machine_msgs/hook/cmake_prefix_path.sh'
[0.885s] [34mcolcon.colcon_core.environment[0m [1;30mLevel 1[0m checking '/home/clawMachine/code/claw_machine_ros2/install/claw_machine_msgs/lib'
[0.885s] [34mcolcon.colcon_core.shell[0m [1;30mLevel 1[0m create_environment_hook('claw_machine_msgs', 'ld_library_path_lib')
[0.885s] [34mcolcon.colcon_core.shell[0m [1;30mINFO[0m Creating environment hook '/home/clawMachine/code/claw_machine_ros2/install/claw_machine_msgs/share/claw_machine_msgs/hook/ld_library_path_lib.ps1'
[0.886s] [34mcolcon.colcon_core.shell[0m [1;30mINFO[0m Creating environment descriptor '/home/clawMachine/code/claw_machine_ros2/install/claw_machine_msgs/share/claw_machine_msgs/hook/ld_library_path_lib.dsv'
[0.886s] [34mcolcon.colcon_core.shell[0m [1;30mINFO[0m Creating environment hook '/home/clawMachine/code/claw_machine_ros2/install/claw_machine_msgs/share/claw_machine_msgs/hook/ld_library_path_lib.sh'
[0.886s] [34mcolcon.colcon_core.environment[0m [1;30mLevel 1[0m checking '/home/clawMachine/code/claw_machine_ros2/install/claw_machine_msgs/bin'
[0.886s] [34mcolcon.colcon_core.environment[0m [1;30mLevel 1[0m checking '/home/clawMachine/code/claw_machine_ros2/install/claw_machine_msgs/lib/pkgconfig/claw_machine_msgs.pc'
[0.887s] [34mcolcon.colcon_core.environment[0m [1;30mLevel 1[0m checking '/home/clawMachine/code/claw_machine_ros2/install/claw_machine_msgs/lib/python3.11/site-packages'
[0.887s] [34mcolcon.colcon_core.shell[0m [1;30mLevel 1[0m create_environment_hook('claw_machine_msgs', 'pythonpath')
[0.887s] [34mcolcon.colcon_core.shell[0m [1;30mINFO[0m Creating environment hook '/home/clawMachine/code/claw_machine_ros2/install/claw_machine_msgs/share/claw_machine_msgs/hook/pythonpath.ps1'
[0.887s] [34mcolcon.colcon_core.shell[0m [1;30mINFO[0m Creating environment descriptor '/home/clawMachine/code/claw_machine_ros2/install/claw_machine_msgs/share/claw_machine_msgs/hook/pythonpath.dsv'
[0.887s] [34mcolcon.colcon_core.shell[0m [1;30mINFO[0m Creating environment hook '/home/clawMachine/code/claw_machine_ros2/install/claw_machine_msgs/share/claw_machine_msgs/hook/pythonpath.sh'
[0.888s] [34mcolcon.colcon_core.environment[0m [1;30mLevel 1[0m checking '/home/clawMachine/code/claw_machine_ros2/install/claw_machine_msgs/bin'
[0.888s] [34mcolcon.colcon_core.shell[0m [1;30mINFO[0m Creating package script '/home/clawMachine/code/claw_machine_ros2/install/claw_machine_msgs/share/claw_machine_msgs/package.ps1'
[0.889s] [34mcolcon.colcon_core.shell[0m [1;30mINFO[0m Creating package descriptor '/home/clawMachine/code/claw_machine_ros2/install/claw_machine_msgs/share/claw_machine_msgs/package.dsv'
[0.889s] [34mcolcon.colcon_core.shell[0m [1;30mINFO[0m Creating package script '/home/clawMachine/code/claw_machine_ros2/install/claw_machine_msgs/share/claw_machine_msgs/package.sh'
[0.890s] [34mcolcon.colcon_core.shell[0m [1;30mINFO[0m Creating package script '/home/clawMachine/code/claw_machine_ros2/install/claw_machine_msgs/share/claw_machine_msgs/package.bash'
[0.890s] [34mcolcon.colcon_core.shell[0m [1;30mINFO[0m Creating package script '/home/clawMachine/code/claw_machine_ros2/install/claw_machine_msgs/share/claw_machine_msgs/package.zsh'
[0.891s] [34mcolcon.colcon_core.environment[0m [1;30mLevel 1[0m create_file_with_runtime_dependencies(/home/clawMachine/code/claw_machine_ros2/install/claw_machine_msgs/share/colcon-core/packages/claw_machine_msgs)
[0.947s] [34mcolcon.colcon_core.environment[0m [1;30mLevel 1[0m create_environment_scripts_only(claw_machine_msgs)
[0.947s] [34mcolcon.colcon_core.environment[0m [1;30mLevel 1[0m checking '/home/clawMachine/code/claw_machine_ros2/install/claw_machine_msgs' for CMake module files
[0.949s] [34mcolcon.colcon_core.environment[0m [1;30mLevel 1[0m checking '/home/clawMachine/code/claw_machine_ros2/install/claw_machine_msgs' for CMake config files
[0.950s] [34mcolcon.colcon_core.shell[0m [1;30mLevel 1[0m create_environment_hook('claw_machine_msgs', 'cmake_prefix_path')
[0.950s] [34mcolcon.colcon_core.shell[0m [1;30mINFO[0m Creating environment hook '/home/clawMachine/code/claw_machine_ros2/install/claw_machine_msgs/share/claw_machine_msgs/hook/cmake_prefix_path.ps1'
[0.951s] [34mcolcon.colcon_core.shell[0m [1;30mINFO[0m Creating environment descriptor '/home/clawMachine/code/claw_machine_ros2/install/claw_machine_msgs/share/claw_machine_msgs/hook/cmake_prefix_path.dsv'
[0.951s] [34mcolcon.colcon_core.shell[0m [1;30mINFO[0m Creating environment hook '/home/clawMachine/code/claw_machine_ros2/install/claw_machine_msgs/share/claw_machine_msgs/hook/cmake_prefix_path.sh'
[0.952s] [34mcolcon.colcon_core.environment[0m [1;30mLevel 1[0m checking '/home/clawMachine/code/claw_machine_ros2/install/claw_machine_msgs/lib'
[0.952s] [34mcolcon.colcon_core.shell[0m [1;30mLevel 1[0m create_environment_hook('claw_machine_msgs', 'ld_library_path_lib')
[0.952s] [34mcolcon.colcon_core.shell[0m [1;30mINFO[0m Creating environment hook '/home/clawMachine/code/claw_machine_ros2/install/claw_machine_msgs/share/claw_machine_msgs/hook/ld_library_path_lib.ps1'
[0.952s] [34mcolcon.colcon_core.shell[0m [1;30mINFO[0m Creating environment descriptor '/home/clawMachine/code/claw_machine_ros2/install/claw_machine_msgs/share/claw_machine_msgs/hook/ld_library_path_lib.dsv'
[0.952s] [34mcolcon.colcon_core.shell[0m [1;30mINFO[0m Creating environment hook '/home/clawMachine/code/claw_machine_ros2/install/claw_machine_msgs/share/claw_machine_msgs/hook/ld_library_path_lib.sh'
[0.953s] [34mcolcon.colcon_core.environment[0m [1;30mLevel 1[0m checking '/home/clawMachine/code/claw_machine_ros2/install/claw_machine_msgs/bin'
[0.953s] [34mcolcon.colcon_core.environment[0m [1;30mLevel 1[0m checking '/home/clawMachine/code/claw_machine_ros2/install/claw_machine_msgs/lib/pkgconfig/claw_machine_msgs.pc'
[0.953s] [34mcolcon.colcon_core.environment[0m [1;30mLevel 1[0m checking '/home/clawMachine/code/claw_machine_ros2/install/claw_machine_msgs/lib/python3.11/site-packages'
[0.953s] [34mcolcon.colcon_core.shell[0m [1;30mLevel 1[0m create_environment_hook('claw_machine_msgs', 'pythonpath')
[0.953s] [34mcolcon.colcon_core.shell[0m [1;30mINFO[0m Creating environment hook '/home/clawMachine/code/claw_machine_ros2/install/claw_machine_msgs/share/claw_machine_msgs/hook/pythonpath.ps1'
[0.953s] [34mcolcon.colcon_core.shell[0m [1;30mINFO[0m Creating environment descriptor '/home/clawMachine/code/claw_machine_ros2/install/claw_machine_msgs/share/claw_machine_msgs/hook/pythonpath.dsv'
[0.953s] [34mcolcon.colcon_core.shell[0m [1;30mINFO[0m Creating environment hook '/home/clawMachine/code/claw_machine_ros2/install/claw_machine_msgs/share/claw_machine_msgs/hook/pythonpath.sh'
[0.954s] [34mcolcon.colcon_core.environment[0m [1;30mLevel 1[0m checking '/home/clawMachine/code/claw_machine_ros2/install/claw_machine_msgs/bin'
[0.954s] [34mcolcon.colcon_core.shell[0m [1;30mINFO[0m Creating package script '/home/clawMachine/code/claw_machine_ros2/install/claw_machine_msgs/share/claw_machine_msgs/package.ps1'
[0.954s] [34mcolcon.colcon_core.shell[0m [1;30mINFO[0m Creating package descriptor '/home/clawMachine/code/claw_machine_ros2/install/claw_machine_msgs/share/claw_machine_msgs/package.dsv'
[0.955s] [34mcolcon.colcon_core.shell[0m [1;30mINFO[0m Creating package script '/home/clawMachine/code/claw_machine_ros2/install/claw_machine_msgs/share/claw_machine_msgs/package.sh'
[0.955s] [34mcolcon.colcon_core.shell[0m [1;30mINFO[0m Creating package script '/home/clawMachine/code/claw_machine_ros2/install/claw_machine_msgs/share/claw_machine_msgs/package.bash'
[0.955s] [34mcolcon.colcon_core.shell[0m [1;30mINFO[0m Creating package script '/home/clawMachine/code/claw_machine_ros2/install/claw_machine_msgs/share/claw_machine_msgs/package.zsh'
[0.956s] [34mcolcon.colcon_core.environment[0m [1;30mLevel 1[0m create_file_with_runtime_dependencies(/home/clawMachine/code/claw_machine_ros2/install/claw_machine_msgs/share/colcon-core/packages/claw_machine_msgs)
[1.123s] [34mcolcon.colcon_core.event_handler.log_command[0m [1;30mDEBUG[0m [32mInvoking command in '/home/clawMachine/code/claw_machine_ros2/src/keyboard_claw_controller': CONDA_PROMPT_MODIFIER=(ros_env) PYTHONPATH=/home/clawMachine/code/claw_machine_ros2/build/keyboard_claw_controller/prefix_override:/home/clawMachine/code/claw_machine_ros2/install/keyboard_claw_controller/lib/python3.11/site-packages:${PYTHONPATH} /home/clawMachine/miniforge3/envs/ros_env/bin/python3.11 -W ignore:setup.py install is deprecated setup.py egg_info --egg-base ../../build/keyboard_claw_controller build --build-base /home/clawMachine/code/claw_machine_ros2/build/keyboard_claw_controller/build install --record /home/clawMachine/code/claw_machine_ros2/build/keyboard_claw_controller/install.log --single-version-externally-managed install_data[0m
[1.636s] [34mcolcon.colcon_core.environment[0m [1;30mLevel 1[0m checking '/home/clawMachine/code/claw_machine_ros2/install/keyboard_claw_controller' for CMake module files
[1.636s] [34mcolcon.colcon_core.event_handler.log_command[0m [1;30mDEBUG[0m [32mInvoked command in '/home/clawMachine/code/claw_machine_ros2/src/keyboard_claw_controller' returned '0': CONDA_PROMPT_MODIFIER=(ros_env) PYTHONPATH=/home/clawMachine/code/claw_machine_ros2/build/keyboard_claw_controller/prefix_override:/home/clawMachine/code/claw_machine_ros2/install/keyboard_claw_controller/lib/python3.11/site-packages:${PYTHONPATH} /home/clawMachine/miniforge3/envs/ros_env/bin/python3.11 -W ignore:setup.py install is deprecated setup.py egg_info --egg-base ../../build/keyboard_claw_controller build --build-base /home/clawMachine/code/claw_machine_ros2/build/keyboard_claw_controller/build install --record /home/clawMachine/code/claw_machine_ros2/build/keyboard_claw_controller/install.log --single-version-externally-managed install_data[0m
[1.637s] [34mcolcon.colcon_core.environment[0m [1;30mLevel 1[0m checking '/home/clawMachine/code/claw_machine_ros2/install/keyboard_claw_controller' for CMake config files
[1.638s] [34mcolcon.colcon_core.environment[0m [1;30mLevel 1[0m checking '/home/clawMachine/code/claw_machine_ros2/install/keyboard_claw_controller/lib'
[1.638s] [34mcolcon.colcon_core.environment[0m [1;30mLevel 1[0m checking '/home/clawMachine/code/claw_machine_ros2/install/keyboard_claw_controller/bin'
[1.638s] [34mcolcon.colcon_core.environment[0m [1;30mLevel 1[0m checking '/home/clawMachine/code/claw_machine_ros2/install/keyboard_claw_controller/lib/pkgconfig/keyboard_claw_controller.pc'
[1.638s] [34mcolcon.colcon_core.environment[0m [1;30mLevel 1[0m checking '/home/clawMachine/code/claw_machine_ros2/install/keyboard_claw_controller/lib/python3.11/site-packages'
[1.638s] [34mcolcon.colcon_core.shell[0m [1;30mLevel 1[0m create_environment_hook('keyboard_claw_controller', 'pythonpath')
[1.639s] [34mcolcon.colcon_core.shell[0m [1;30mINFO[0m Creating environment hook '/home/clawMachine/code/claw_machine_ros2/install/keyboard_claw_controller/share/keyboard_claw_controller/hook/pythonpath.ps1'
[1.639s] [34mcolcon.colcon_core.shell[0m [1;30mINFO[0m Creating environment descriptor '/home/clawMachine/code/claw_machine_ros2/install/keyboard_claw_controller/share/keyboard_claw_controller/hook/pythonpath.dsv'
[1.640s] [34mcolcon.colcon_core.shell[0m [1;30mINFO[0m Creating environment hook '/home/clawMachine/code/claw_machine_ros2/install/keyboard_claw_controller/share/keyboard_claw_controller/hook/pythonpath.sh'
[1.640s] [34mcolcon.colcon_core.environment[0m [1;30mLevel 1[0m checking '/home/clawMachine/code/claw_machine_ros2/install/keyboard_claw_controller/bin'
[1.640s] [34mcolcon.colcon_core.environment[0m [1;30mLevel 1[0m create_environment_scripts_only(keyboard_claw_controller)
[1.641s] [34mcolcon.colcon_core.shell[0m [1;30mINFO[0m Creating package script '/home/clawMachine/code/claw_machine_ros2/install/keyboard_claw_controller/share/keyboard_claw_controller/package.ps1'
[1.641s] [34mcolcon.colcon_core.shell[0m [1;30mINFO[0m Creating package descriptor '/home/clawMachine/code/claw_machine_ros2/install/keyboard_claw_controller/share/keyboard_claw_controller/package.dsv'
[1.641s] [34mcolcon.colcon_core.shell[0m [1;30mINFO[0m Creating package script '/home/clawMachine/code/claw_machine_ros2/install/keyboard_claw_controller/share/keyboard_claw_controller/package.sh'
[1.642s] [34mcolcon.colcon_core.shell[0m [1;30mINFO[0m Creating package script '/home/clawMachine/code/claw_machine_ros2/install/keyboard_claw_controller/share/keyboard_claw_controller/package.bash'
[1.642s] [34mcolcon.colcon_core.shell[0m [1;30mINFO[0m Creating package script '/home/clawMachine/code/claw_machine_ros2/install/keyboard_claw_controller/share/keyboard_claw_controller/package.zsh'
[1.642s] [34mcolcon.colcon_core.environment[0m [1;30mLevel 1[0m create_file_with_runtime_dependencies(/home/clawMachine/code/claw_machine_ros2/install/keyboard_claw_controller/share/colcon-core/packages/keyboard_claw_controller)
[1.643s] [34mcolcon.colcon_parallel_executor.executor.parallel[0m [1;30mDEBUG[0m [32mclosing loop[0m
[1.643s] [34mcolcon.colcon_parallel_executor.executor.parallel[0m [1;30mDEBUG[0m [32mloop closed[0m
[1.643s] [34mcolcon.colcon_parallel_executor.executor.parallel[0m [1;30mDEBUG[0m [32mrun_until_complete finished with '0'[0m
[1.643s] [34mcolcon.colcon_core.event_reactor[0m [1;30mDEBUG[0m [32mjoining thread[0m
[1.644s] [34mcolcon.colcon_core.event_reactor[0m [1;30mDEBUG[0m [32mjoined thread[0m
[1.644s] [34mcolcon.colcon_core.shell[0m [1;30mINFO[0m Creating prefix script '/home/clawMachine/code/claw_machine_ros2/install/local_setup.ps1'
[1.645s] [34mcolcon.colcon_core.shell[0m [1;30mINFO[0m Creating prefix util module '/home/clawMachine/code/claw_machine_ros2/install/_local_setup_util_ps1.py'
[1.646s] [34mcolcon.colcon_core.shell[0m [1;30mINFO[0m Creating prefix chain script '/home/clawMachine/code/claw_machine_ros2/install/setup.ps1'
[1.647s] [34mcolcon.colcon_core.shell[0m [1;30mINFO[0m Creating prefix script '/home/clawMachine/code/claw_machine_ros2/install/local_setup.sh'
[1.647s] [34mcolcon.colcon_core.shell[0m [1;30mINFO[0m Creating prefix util module '/home/clawMachine/code/claw_machine_ros2/install/_local_setup_util_sh.py'
[1.648s] [34mcolcon.colcon_core.shell[0m [1;30mINFO[0m Creating prefix chain script '/home/clawMachine/code/claw_machine_ros2/install/setup.sh'
[1.648s] [34mcolcon.colcon_core.shell[0m [1;30mINFO[0m Creating prefix script '/home/clawMachine/code/claw_machine_ros2/install/local_setup.bash'
[1.649s] [34mcolcon.colcon_core.shell[0m [1;30mINFO[0m Creating prefix chain script '/home/clawMachine/code/claw_machine_ros2/install/setup.bash'
[1.650s] [34mcolcon.colcon_core.shell[0m [1;30mINFO[0m Creating prefix script '/home/clawMachine/code/claw_machine_ros2/install/local_setup.zsh'
[1.651s] [34mcolcon.colcon_core.shell[0m [1;30mINFO[0m Creating prefix chain script '/home/clawMachine/code/claw_machine_ros2/install/setup.zsh'
