[0.136s] Invoking command in '/home/clawMachine/code/claw_machine_ros2/build/claw_machine_msgs': CMAKE_PREFIX_PATH=${CMAKE_PREFIX_PATH}:/home/clawMachine/code/claw_machine_ros2/install/keyboard_claw_controller CONDA_PROMPT_MODIFIER=(ros_env) /home/clawMachine/miniforge3/envs/ros_env/bin/cmake --build /home/clawMachine/code/claw_machine_ros2/build/claw_machine_msgs -- -j8 -l8
[1.219s] [  3%] Built target claw_machine_msgs__cpp
[1.335s] [  3%] Built target ament_cmake_python_copy_claw_machine_msgs
[1.564s] running egg_info
[1.576s] writing claw_machine_msgs.egg-info/PKG-INFO
[1.576s] writing dependency_links to claw_machine_msgs.egg-info/dependency_links.txt
[1.576s] writing top-level names to claw_machine_msgs.egg-info/top_level.txt
[1.603s] [ 29%] Built target claw_machine_msgs__rosidl_generator_c
[1.603s] [ 32%] Built target claw_machine_msgs__rosidl_typesupport_fastrtps_cpp
[1.603s] [ 32%] Built target claw_machine_msgs__rosidl_typesupport_introspection_cpp
[1.605s] [ 41%] Built target claw_machine_msgs__rosidl_typesupport_cpp
[1.613s] reading manifest file 'claw_machine_msgs.egg-info/SOURCES.txt'
[1.613s] writing manifest file 'claw_machine_msgs.egg-info/SOURCES.txt'
[1.643s] [ 41%] Built target ament_cmake_python_build_claw_machine_msgs_egg
[1.661s] [ 51%] Built target claw_machine_msgs__rosidl_typesupport_fastrtps_c
[1.662s] [ 61%] Built target claw_machine_msgs__rosidl_typesupport_introspection_c
[1.666s] [ 70%] Built target claw_machine_msgs__rosidl_typesupport_c
[1.683s] [ 70%] Built target claw_machine_msgs
[1.701s] [ 74%] Built target claw_machine_msgs__py
[1.773s] [ 80%] Built target claw_machine_msgs__rosidl_generator_py
[1.846s] [ 87%] Built target claw_machine_msgs__rosidl_typesupport_introspection_c__pyext
[1.850s] [ 93%] Built target claw_machine_msgs__rosidl_typesupport_fastrtps_c__pyext
[1.861s] [100%] Built target claw_machine_msgs__rosidl_typesupport_c__pyext
[1.871s] Invoked command in '/home/clawMachine/code/claw_machine_ros2/build/claw_machine_msgs' returned '0': CMAKE_PREFIX_PATH=${CMAKE_PREFIX_PATH}:/home/clawMachine/code/claw_machine_ros2/install/keyboard_claw_controller CONDA_PROMPT_MODIFIER=(ros_env) /home/clawMachine/miniforge3/envs/ros_env/bin/cmake --build /home/clawMachine/code/claw_machine_ros2/build/claw_machine_msgs -- -j8 -l8
[1.955s] Invoking command in '/home/clawMachine/code/claw_machine_ros2/build/claw_machine_msgs': CMAKE_PREFIX_PATH=${CMAKE_PREFIX_PATH}:/home/clawMachine/code/claw_machine_ros2/install/keyboard_claw_controller CONDA_PROMPT_MODIFIER=(ros_env) /home/clawMachine/miniforge3/envs/ros_env/bin/cmake --install /home/clawMachine/code/claw_machine_ros2/build/claw_machine_msgs
[1.987s] -- Install configuration: ""
[1.994s] -- Up-to-date: /home/clawMachine/code/claw_machine_ros2/install/claw_machine_msgs/share/ament_index/resource_index/rosidl_interfaces/claw_machine_msgs
[1.995s] -- Up-to-date: /home/clawMachine/code/claw_machine_ros2/install/claw_machine_msgs/include/claw_machine_msgs/claw_machine_msgs
[1.995s] -- Up-to-date: /home/clawMachine/code/claw_machine_ros2/install/claw_machine_msgs/include/claw_machine_msgs/claw_machine_msgs/msg
[1.995s] -- Up-to-date: /home/clawMachine/code/claw_machine_ros2/install/claw_machine_msgs/include/claw_machine_msgs/claw_machine_msgs/msg/rosidl_generator_c__visibility_control.h
[1.995s] -- Up-to-date: /home/clawMachine/code/claw_machine_ros2/install/claw_machine_msgs/include/claw_machine_msgs/claw_machine_msgs/msg/position.h
[1.995s] -- Up-to-date: /home/clawMachine/code/claw_machine_ros2/install/claw_machine_msgs/include/claw_machine_msgs/claw_machine_msgs/msg/detail
[1.995s] -- Up-to-date: /home/clawMachine/code/claw_machine_ros2/install/claw_machine_msgs/include/claw_machine_msgs/claw_machine_msgs/msg/detail/position__struct.h
[1.995s] -- Up-to-date: /home/clawMachine/code/claw_machine_ros2/install/claw_machine_msgs/include/claw_machine_msgs/claw_machine_msgs/msg/detail/position__functions.h
[1.995s] -- Up-to-date: /home/clawMachine/code/claw_machine_ros2/install/claw_machine_msgs/include/claw_machine_msgs/claw_machine_msgs/msg/detail/position__type_support.h
[1.995s] -- Up-to-date: /home/clawMachine/code/claw_machine_ros2/install/claw_machine_msgs/include/claw_machine_msgs/claw_machine_msgs/msg/detail/position__functions.c
[1.999s] -- Installing: /home/clawMachine/code/claw_machine_ros2/install/claw_machine_msgs/lib/libclaw_machine_msgs__rosidl_generator_c.so
[2.019s] -- Up-to-date: /home/clawMachine/code/claw_machine_ros2/install/claw_machine_msgs/include/claw_machine_msgs/claw_machine_msgs
[2.019s] -- Up-to-date: /home/clawMachine/code/claw_machine_ros2/install/claw_machine_msgs/include/claw_machine_msgs/claw_machine_msgs/msg
[2.019s] -- Up-to-date: /home/clawMachine/code/claw_machine_ros2/install/claw_machine_msgs/include/claw_machine_msgs/claw_machine_msgs/msg/rosidl_typesupport_fastrtps_c__visibility_control.h
[2.019s] -- Up-to-date: /home/clawMachine/code/claw_machine_ros2/install/claw_machine_msgs/include/claw_machine_msgs/claw_machine_msgs/msg/detail
[2.019s] -- Up-to-date: /home/clawMachine/code/claw_machine_ros2/install/claw_machine_msgs/include/claw_machine_msgs/claw_machine_msgs/msg/detail/position__rosidl_typesupport_fastrtps_c.h
[2.019s] -- Installing: /home/clawMachine/code/claw_machine_ros2/install/claw_machine_msgs/lib/libclaw_machine_msgs__rosidl_typesupport_fastrtps_c.so
[2.021s] -- Set non-toolchain portion of runtime path of "/home/clawMachine/code/claw_machine_ros2/install/claw_machine_msgs/lib/libclaw_machine_msgs__rosidl_typesupport_fastrtps_c.so" to ""
[2.021s] -- Up-to-date: /home/clawMachine/code/claw_machine_ros2/install/claw_machine_msgs/include/claw_machine_msgs/claw_machine_msgs
[2.021s] -- Up-to-date: /home/clawMachine/code/claw_machine_ros2/install/claw_machine_msgs/include/claw_machine_msgs/claw_machine_msgs/msg
[2.021s] -- Up-to-date: /home/clawMachine/code/claw_machine_ros2/install/claw_machine_msgs/include/claw_machine_msgs/claw_machine_msgs/msg/position.hpp
[2.021s] -- Up-to-date: /home/clawMachine/code/claw_machine_ros2/install/claw_machine_msgs/include/claw_machine_msgs/claw_machine_msgs/msg/detail
[2.021s] -- Up-to-date: /home/clawMachine/code/claw_machine_ros2/install/claw_machine_msgs/include/claw_machine_msgs/claw_machine_msgs/msg/detail/position__traits.hpp
[2.021s] -- Up-to-date: /home/clawMachine/code/claw_machine_ros2/install/claw_machine_msgs/include/claw_machine_msgs/claw_machine_msgs/msg/detail/position__struct.hpp
[2.021s] -- Up-to-date: /home/clawMachine/code/claw_machine_ros2/install/claw_machine_msgs/include/claw_machine_msgs/claw_machine_msgs/msg/detail/position__builder.hpp
[2.022s] -- Up-to-date: /home/clawMachine/code/claw_machine_ros2/install/claw_machine_msgs/include/claw_machine_msgs/claw_machine_msgs
[2.022s] -- Up-to-date: /home/clawMachine/code/claw_machine_ros2/install/claw_machine_msgs/include/claw_machine_msgs/claw_machine_msgs/msg
[2.022s] -- Up-to-date: /home/clawMachine/code/claw_machine_ros2/install/claw_machine_msgs/include/claw_machine_msgs/claw_machine_msgs/msg/rosidl_typesupport_fastrtps_cpp__visibility_control.h
[2.022s] -- Up-to-date: /home/clawMachine/code/claw_machine_ros2/install/claw_machine_msgs/include/claw_machine_msgs/claw_machine_msgs/msg/detail
[2.022s] -- Up-to-date: /home/clawMachine/code/claw_machine_ros2/install/claw_machine_msgs/include/claw_machine_msgs/claw_machine_msgs/msg/detail/position__rosidl_typesupport_fastrtps_cpp.hpp
[2.022s] -- Up-to-date: /home/clawMachine/code/claw_machine_ros2/install/claw_machine_msgs/include/claw_machine_msgs/claw_machine_msgs/msg/detail/dds_fastrtps
[2.022s] -- Installing: /home/clawMachine/code/claw_machine_ros2/install/claw_machine_msgs/lib/libclaw_machine_msgs__rosidl_typesupport_fastrtps_cpp.so
[2.022s] -- Up-to-date: /home/clawMachine/code/claw_machine_ros2/install/claw_machine_msgs/include/claw_machine_msgs/claw_machine_msgs
[2.022s] -- Up-to-date: /home/clawMachine/code/claw_machine_ros2/install/claw_machine_msgs/include/claw_machine_msgs/claw_machine_msgs/msg
[2.022s] -- Up-to-date: /home/clawMachine/code/claw_machine_ros2/install/claw_machine_msgs/include/claw_machine_msgs/claw_machine_msgs/msg/rosidl_typesupport_introspection_c__visibility_control.h
[2.022s] -- Up-to-date: /home/clawMachine/code/claw_machine_ros2/install/claw_machine_msgs/include/claw_machine_msgs/claw_machine_msgs/msg/detail
[2.023s] -- Up-to-date: /home/clawMachine/code/claw_machine_ros2/install/claw_machine_msgs/include/claw_machine_msgs/claw_machine_msgs/msg/detail/position__type_support.c
[2.023s] -- Up-to-date: /home/clawMachine/code/claw_machine_ros2/install/claw_machine_msgs/include/claw_machine_msgs/claw_machine_msgs/msg/detail/position__rosidl_typesupport_introspection_c.h
[2.023s] -- Installing: /home/clawMachine/code/claw_machine_ros2/install/claw_machine_msgs/lib/libclaw_machine_msgs__rosidl_typesupport_introspection_c.so
[2.023s] -- Set non-toolchain portion of runtime path of "/home/clawMachine/code/claw_machine_ros2/install/claw_machine_msgs/lib/libclaw_machine_msgs__rosidl_typesupport_introspection_c.so" to ""
[2.023s] -- Installing: /home/clawMachine/code/claw_machine_ros2/install/claw_machine_msgs/lib/libclaw_machine_msgs__rosidl_typesupport_c.so
[2.024s] -- Set non-toolchain portion of runtime path of "/home/clawMachine/code/claw_machine_ros2/install/claw_machine_msgs/lib/libclaw_machine_msgs__rosidl_typesupport_c.so" to ""
[2.024s] -- Up-to-date: /home/clawMachine/code/claw_machine_ros2/install/claw_machine_msgs/include/claw_machine_msgs/claw_machine_msgs
[2.024s] -- Up-to-date: /home/clawMachine/code/claw_machine_ros2/install/claw_machine_msgs/include/claw_machine_msgs/claw_machine_msgs/msg
[2.024s] -- Up-to-date: /home/clawMachine/code/claw_machine_ros2/install/claw_machine_msgs/include/claw_machine_msgs/claw_machine_msgs/msg/detail
[2.024s] -- Up-to-date: /home/clawMachine/code/claw_machine_ros2/install/claw_machine_msgs/include/claw_machine_msgs/claw_machine_msgs/msg/detail/position__rosidl_typesupport_introspection_cpp.hpp
[2.024s] -- Up-to-date: /home/clawMachine/code/claw_machine_ros2/install/claw_machine_msgs/include/claw_machine_msgs/claw_machine_msgs/msg/detail/position__type_support.cpp
[2.024s] -- Installing: /home/clawMachine/code/claw_machine_ros2/install/claw_machine_msgs/lib/libclaw_machine_msgs__rosidl_typesupport_introspection_cpp.so
[2.025s] -- Installing: /home/clawMachine/code/claw_machine_ros2/install/claw_machine_msgs/lib/libclaw_machine_msgs__rosidl_typesupport_cpp.so
[2.025s] -- Up-to-date: /home/clawMachine/code/claw_machine_ros2/install/claw_machine_msgs/share/claw_machine_msgs/environment/pythonpath.sh
[2.025s] -- Up-to-date: /home/clawMachine/code/claw_machine_ros2/install/claw_machine_msgs/share/claw_machine_msgs/environment/pythonpath.dsv
[2.025s] -- Up-to-date: /home/clawMachine/code/claw_machine_ros2/install/claw_machine_msgs/lib/python3.11/site-packages/claw_machine_msgs-0.0.0-py3.11.egg-info
[2.025s] -- Installing: /home/clawMachine/code/claw_machine_ros2/install/claw_machine_msgs/lib/python3.11/site-packages/claw_machine_msgs-0.0.0-py3.11.egg-info/PKG-INFO
[2.025s] -- Installing: /home/clawMachine/code/claw_machine_ros2/install/claw_machine_msgs/lib/python3.11/site-packages/claw_machine_msgs-0.0.0-py3.11.egg-info/top_level.txt
[2.025s] -- Installing: /home/clawMachine/code/claw_machine_ros2/install/claw_machine_msgs/lib/python3.11/site-packages/claw_machine_msgs-0.0.0-py3.11.egg-info/SOURCES.txt
[2.026s] -- Installing: /home/clawMachine/code/claw_machine_ros2/install/claw_machine_msgs/lib/python3.11/site-packages/claw_machine_msgs-0.0.0-py3.11.egg-info/dependency_links.txt
[2.026s] -- Up-to-date: /home/clawMachine/code/claw_machine_ros2/install/claw_machine_msgs/lib/python3.11/site-packages/claw_machine_msgs
[2.026s] -- Up-to-date: /home/clawMachine/code/claw_machine_ros2/install/claw_machine_msgs/lib/python3.11/site-packages/claw_machine_msgs/_claw_machine_msgs_s.ep.rosidl_typesupport_c.c
[2.026s] -- Up-to-date: /home/clawMachine/code/claw_machine_ros2/install/claw_machine_msgs/lib/python3.11/site-packages/claw_machine_msgs/_claw_machine_msgs_s.ep.rosidl_typesupport_fastrtps_c.c
[2.026s] -- Up-to-date: /home/clawMachine/code/claw_machine_ros2/install/claw_machine_msgs/lib/python3.11/site-packages/claw_machine_msgs/claw_machine_msgs_s__rosidl_typesupport_introspection_c.cpython-311-x86_64-linux-gnu.so
[2.026s] -- Up-to-date: /home/clawMachine/code/claw_machine_ros2/install/claw_machine_msgs/lib/python3.11/site-packages/claw_machine_msgs/__init__.py
[2.026s] -- Up-to-date: /home/clawMachine/code/claw_machine_ros2/install/claw_machine_msgs/lib/python3.11/site-packages/claw_machine_msgs/claw_machine_msgs_s__rosidl_typesupport_fastrtps_c.cpython-311-x86_64-linux-gnu.so
[2.026s] -- Up-to-date: /home/clawMachine/code/claw_machine_ros2/install/claw_machine_msgs/lib/python3.11/site-packages/claw_machine_msgs/msg
[2.026s] -- Up-to-date: /home/clawMachine/code/claw_machine_ros2/install/claw_machine_msgs/lib/python3.11/site-packages/claw_machine_msgs/msg/__init__.py
[2.026s] -- Up-to-date: /home/clawMachine/code/claw_machine_ros2/install/claw_machine_msgs/lib/python3.11/site-packages/claw_machine_msgs/msg/_position.py
[2.027s] -- Up-to-date: /home/clawMachine/code/claw_machine_ros2/install/claw_machine_msgs/lib/python3.11/site-packages/claw_machine_msgs/msg/_position_s.c
[2.027s] -- Up-to-date: /home/clawMachine/code/claw_machine_ros2/install/claw_machine_msgs/lib/python3.11/site-packages/claw_machine_msgs/_claw_machine_msgs_s.ep.rosidl_typesupport_introspection_c.c
[2.027s] -- Up-to-date: /home/clawMachine/code/claw_machine_ros2/install/claw_machine_msgs/lib/python3.11/site-packages/claw_machine_msgs/claw_machine_msgs_s__rosidl_typesupport_c.cpython-311-x86_64-linux-gnu.so
[2.027s] -- Up-to-date: /home/clawMachine/code/claw_machine_ros2/install/claw_machine_msgs/lib/python3.11/site-packages/claw_machine_msgs/libclaw_machine_msgs__rosidl_generator_py.so
[2.069s] Listing 'lib/python3.11/site-packages/claw_machine_msgs'...
[2.069s] Can't list 'lib/python3.11/site-packages/claw_machine_msgs'
[2.073s] -- Installing: /home/clawMachine/code/claw_machine_ros2/install/claw_machine_msgs/lib/python3.11/site-packages/claw_machine_msgs/claw_machine_msgs_s__rosidl_typesupport_fastrtps_c.cpython-311-x86_64-linux-gnu.so
[2.073s] -- Set non-toolchain portion of runtime path of "/home/clawMachine/code/claw_machine_ros2/install/claw_machine_msgs/lib/python3.11/site-packages/claw_machine_msgs/claw_machine_msgs_s__rosidl_typesupport_fastrtps_c.cpython-311-x86_64-linux-gnu.so" to ""
[2.074s] -- Installing: /home/clawMachine/code/claw_machine_ros2/install/claw_machine_msgs/lib/python3.11/site-packages/claw_machine_msgs/claw_machine_msgs_s__rosidl_typesupport_introspection_c.cpython-311-x86_64-linux-gnu.so
[2.074s] -- Set non-toolchain portion of runtime path of "/home/clawMachine/code/claw_machine_ros2/install/claw_machine_msgs/lib/python3.11/site-packages/claw_machine_msgs/claw_machine_msgs_s__rosidl_typesupport_introspection_c.cpython-311-x86_64-linux-gnu.so" to ""
[2.074s] -- Installing: /home/clawMachine/code/claw_machine_ros2/install/claw_machine_msgs/lib/python3.11/site-packages/claw_machine_msgs/claw_machine_msgs_s__rosidl_typesupport_c.cpython-311-x86_64-linux-gnu.so
[2.074s] -- Set non-toolchain portion of runtime path of "/home/clawMachine/code/claw_machine_ros2/install/claw_machine_msgs/lib/python3.11/site-packages/claw_machine_msgs/claw_machine_msgs_s__rosidl_typesupport_c.cpython-311-x86_64-linux-gnu.so" to ""
[2.075s] -- Installing: /home/clawMachine/code/claw_machine_ros2/install/claw_machine_msgs/lib/libclaw_machine_msgs__rosidl_generator_py.so
[2.075s] -- Set non-toolchain portion of runtime path of "/home/clawMachine/code/claw_machine_ros2/install/claw_machine_msgs/lib/libclaw_machine_msgs__rosidl_generator_py.so" to ""
[2.075s] -- Up-to-date: /home/clawMachine/code/claw_machine_ros2/install/claw_machine_msgs/share/claw_machine_msgs/msg/Position.idl
[2.075s] -- Up-to-date: /home/clawMachine/code/claw_machine_ros2/install/claw_machine_msgs/share/claw_machine_msgs/msg/Position.msg
[2.075s] -- Up-to-date: /home/clawMachine/code/claw_machine_ros2/install/claw_machine_msgs/share/ament_index/resource_index/package_run_dependencies/claw_machine_msgs
[2.076s] -- Up-to-date: /home/clawMachine/code/claw_machine_ros2/install/claw_machine_msgs/share/ament_index/resource_index/parent_prefix_path/claw_machine_msgs
[2.076s] -- Up-to-date: /home/clawMachine/code/claw_machine_ros2/install/claw_machine_msgs/share/claw_machine_msgs/environment/ament_prefix_path.sh
[2.076s] -- Up-to-date: /home/clawMachine/code/claw_machine_ros2/install/claw_machine_msgs/share/claw_machine_msgs/environment/ament_prefix_path.dsv
[2.076s] -- Up-to-date: /home/clawMachine/code/claw_machine_ros2/install/claw_machine_msgs/share/claw_machine_msgs/environment/path.sh
[2.076s] -- Up-to-date: /home/clawMachine/code/claw_machine_ros2/install/claw_machine_msgs/share/claw_machine_msgs/environment/path.dsv
[2.076s] -- Up-to-date: /home/clawMachine/code/claw_machine_ros2/install/claw_machine_msgs/share/claw_machine_msgs/local_setup.bash
[2.076s] -- Up-to-date: /home/clawMachine/code/claw_machine_ros2/install/claw_machine_msgs/share/claw_machine_msgs/local_setup.sh
[2.076s] -- Up-to-date: /home/clawMachine/code/claw_machine_ros2/install/claw_machine_msgs/share/claw_machine_msgs/local_setup.zsh
[2.076s] -- Up-to-date: /home/clawMachine/code/claw_machine_ros2/install/claw_machine_msgs/share/claw_machine_msgs/local_setup.dsv
[2.076s] -- Installing: /home/clawMachine/code/claw_machine_ros2/install/claw_machine_msgs/share/claw_machine_msgs/package.dsv
[2.092s] -- Up-to-date: /home/clawMachine/code/claw_machine_ros2/install/claw_machine_msgs/share/ament_index/resource_index/packages/claw_machine_msgs
[2.092s] -- Up-to-date: /home/clawMachine/code/claw_machine_ros2/install/claw_machine_msgs/share/claw_machine_msgs/cmake/export_claw_machine_msgs__rosidl_generator_cExport.cmake
[2.092s] -- Up-to-date: /home/clawMachine/code/claw_machine_ros2/install/claw_machine_msgs/share/claw_machine_msgs/cmake/export_claw_machine_msgs__rosidl_generator_cExport-noconfig.cmake
[2.092s] -- Up-to-date: /home/clawMachine/code/claw_machine_ros2/install/claw_machine_msgs/share/claw_machine_msgs/cmake/export_claw_machine_msgs__rosidl_typesupport_fastrtps_cExport.cmake
[2.092s] -- Up-to-date: /home/clawMachine/code/claw_machine_ros2/install/claw_machine_msgs/share/claw_machine_msgs/cmake/export_claw_machine_msgs__rosidl_typesupport_fastrtps_cExport-noconfig.cmake
[2.093s] -- Up-to-date: /home/clawMachine/code/claw_machine_ros2/install/claw_machine_msgs/share/claw_machine_msgs/cmake/export_claw_machine_msgs__rosidl_generator_cppExport.cmake
[2.094s] -- Up-to-date: /home/clawMachine/code/claw_machine_ros2/install/claw_machine_msgs/share/claw_machine_msgs/cmake/export_claw_machine_msgs__rosidl_typesupport_fastrtps_cppExport.cmake
[2.094s] -- Up-to-date: /home/clawMachine/code/claw_machine_ros2/install/claw_machine_msgs/share/claw_machine_msgs/cmake/export_claw_machine_msgs__rosidl_typesupport_fastrtps_cppExport-noconfig.cmake
[2.099s] -- Up-to-date: /home/clawMachine/code/claw_machine_ros2/install/claw_machine_msgs/share/claw_machine_msgs/cmake/claw_machine_msgs__rosidl_typesupport_introspection_cExport.cmake
[2.099s] -- Up-to-date: /home/clawMachine/code/claw_machine_ros2/install/claw_machine_msgs/share/claw_machine_msgs/cmake/claw_machine_msgs__rosidl_typesupport_introspection_cExport-noconfig.cmake
[2.099s] -- Up-to-date: /home/clawMachine/code/claw_machine_ros2/install/claw_machine_msgs/share/claw_machine_msgs/cmake/claw_machine_msgs__rosidl_typesupport_cExport.cmake
[2.099s] -- Up-to-date: /home/clawMachine/code/claw_machine_ros2/install/claw_machine_msgs/share/claw_machine_msgs/cmake/claw_machine_msgs__rosidl_typesupport_cExport-noconfig.cmake
[2.100s] -- Up-to-date: /home/clawMachine/code/claw_machine_ros2/install/claw_machine_msgs/share/claw_machine_msgs/cmake/claw_machine_msgs__rosidl_typesupport_introspection_cppExport.cmake
[2.100s] -- Up-to-date: /home/clawMachine/code/claw_machine_ros2/install/claw_machine_msgs/share/claw_machine_msgs/cmake/claw_machine_msgs__rosidl_typesupport_introspection_cppExport-noconfig.cmake
[2.100s] -- Up-to-date: /home/clawMachine/code/claw_machine_ros2/install/claw_machine_msgs/share/claw_machine_msgs/cmake/claw_machine_msgs__rosidl_typesupport_cppExport.cmake
[2.101s] -- Up-to-date: /home/clawMachine/code/claw_machine_ros2/install/claw_machine_msgs/share/claw_machine_msgs/cmake/claw_machine_msgs__rosidl_typesupport_cppExport-noconfig.cmake
[2.101s] -- Up-to-date: /home/clawMachine/code/claw_machine_ros2/install/claw_machine_msgs/share/claw_machine_msgs/cmake/export_claw_machine_msgs__rosidl_generator_pyExport.cmake
[2.101s] -- Up-to-date: /home/clawMachine/code/claw_machine_ros2/install/claw_machine_msgs/share/claw_machine_msgs/cmake/export_claw_machine_msgs__rosidl_generator_pyExport-noconfig.cmake
[2.101s] -- Up-to-date: /home/clawMachine/code/claw_machine_ros2/install/claw_machine_msgs/share/claw_machine_msgs/cmake/rosidl_cmake-extras.cmake
[2.101s] -- Up-to-date: /home/clawMachine/code/claw_machine_ros2/install/claw_machine_msgs/share/claw_machine_msgs/cmake/ament_cmake_export_dependencies-extras.cmake
[2.101s] -- Up-to-date: /home/clawMachine/code/claw_machine_ros2/install/claw_machine_msgs/share/claw_machine_msgs/cmake/ament_cmake_export_include_directories-extras.cmake
[2.101s] -- Up-to-date: /home/clawMachine/code/claw_machine_ros2/install/claw_machine_msgs/share/claw_machine_msgs/cmake/ament_cmake_export_libraries-extras.cmake
[2.101s] -- Up-to-date: /home/clawMachine/code/claw_machine_ros2/install/claw_machine_msgs/share/claw_machine_msgs/cmake/ament_cmake_export_targets-extras.cmake
[2.101s] -- Up-to-date: /home/clawMachine/code/claw_machine_ros2/install/claw_machine_msgs/share/claw_machine_msgs/cmake/rosidl_cmake_export_typesupport_targets-extras.cmake
[2.102s] -- Up-to-date: /home/clawMachine/code/claw_machine_ros2/install/claw_machine_msgs/share/claw_machine_msgs/cmake/rosidl_cmake_export_typesupport_libraries-extras.cmake
[2.102s] -- Up-to-date: /home/clawMachine/code/claw_machine_ros2/install/claw_machine_msgs/share/claw_machine_msgs/cmake/claw_machine_msgsConfig.cmake
[2.102s] -- Up-to-date: /home/clawMachine/code/claw_machine_ros2/install/claw_machine_msgs/share/claw_machine_msgs/cmake/claw_machine_msgsConfig-version.cmake
[2.102s] -- Up-to-date: /home/clawMachine/code/claw_machine_ros2/install/claw_machine_msgs/share/claw_machine_msgs/package.xml
[2.104s] Invoked command in '/home/clawMachine/code/claw_machine_ros2/build/claw_machine_msgs' returned '0': CMAKE_PREFIX_PATH=${CMAKE_PREFIX_PATH}:/home/clawMachine/code/claw_machine_ros2/install/keyboard_claw_controller CONDA_PROMPT_MODIFIER=(ros_env) /home/clawMachine/miniforge3/envs/ros_env/bin/cmake --install /home/clawMachine/code/claw_machine_ros2/build/claw_machine_msgs
