[0.871s] Invoking command in '/home/clawMachine/code/claw_machine_ros2/src/keyboard_claw_controller': CONDA_PROMPT_MODIFIER=(ros_env) PYTHONPATH=/home/clawMachine/code/claw_machine_ros2/build/keyboard_claw_controller/prefix_override:/home/clawMachine/code/claw_machine_ros2/install/keyboard_claw_controller/lib/python3.11/site-packages:${PYTHONPATH} /home/clawMachine/miniforge3/envs/ros_env/bin/python3.11 -W ignore:setup.py install is deprecated setup.py egg_info --egg-base ../../build/keyboard_claw_controller build --build-base /home/clawMachine/code/claw_machine_ros2/build/keyboard_claw_controller/build install --record /home/clawMachine/code/claw_machine_ros2/build/keyboard_claw_controller/install.log --single-version-externally-managed install_data
[1.110s] running egg_info
[1.122s] writing ../../build/keyboard_claw_controller/keyboard_claw_controller.egg-info/PKG-INFO
[1.122s] writing dependency_links to ../../build/keyboard_claw_controller/keyboard_claw_controller.egg-info/dependency_links.txt
[1.122s] writing entry points to ../../build/keyboard_claw_controller/keyboard_claw_controller.egg-info/entry_points.txt
[1.122s] writing requirements to ../../build/keyboard_claw_controller/keyboard_claw_controller.egg-info/requires.txt
[1.122s] writing top-level names to ../../build/keyboard_claw_controller/keyboard_claw_controller.egg-info/top_level.txt
[1.150s] reading manifest file '../../build/keyboard_claw_controller/keyboard_claw_controller.egg-info/SOURCES.txt'
[1.152s] writing manifest file '../../build/keyboard_claw_controller/keyboard_claw_controller.egg-info/SOURCES.txt'
[1.152s] running build
[1.152s] running build_py
[1.152s] copying keyboard_claw_controller/keyboard_publisher.py -> /home/clawMachine/code/claw_machine_ros2/build/keyboard_claw_controller/build/lib/keyboard_claw_controller
[1.152s] copying keyboard_claw_controller/__init__.py -> /home/clawMachine/code/claw_machine_ros2/build/keyboard_claw_controller/build/lib/keyboard_claw_controller
[1.152s] copying keyboard_claw_controller/ros2_mqtt_bridge.py -> /home/clawMachine/code/claw_machine_ros2/build/keyboard_claw_controller/build/lib/keyboard_claw_controller
[1.153s] running install
[1.162s] running install_lib
[1.177s] copying /home/clawMachine/code/claw_machine_ros2/build/keyboard_claw_controller/build/lib/keyboard_claw_controller/claw_lib.py -> /home/clawMachine/code/claw_machine_ros2/install/keyboard_claw_controller/lib/python3.11/site-packages/keyboard_claw_controller
[1.178s] copying /home/clawMachine/code/claw_machine_ros2/build/keyboard_claw_controller/build/lib/keyboard_claw_controller/P9c540fb7/session_20260206T135442/combined_all_training_P9c540fb7_20260206T135735.json -> /home/clawMachine/code/claw_machine_ros2/install/keyboard_claw_controller/lib/python3.11/site-packages/keyboard_claw_controller/P9c540fb7/session_20260206T135442
[1.178s] copying /home/clawMachine/code/claw_machine_ros2/build/keyboard_claw_controller/build/lib/keyboard_claw_controller/P9c540fb7/session_20260206T135442/train_trial_2_PP9c540fb7_20260206T135523.json -> /home/clawMachine/code/claw_machine_ros2/install/keyboard_claw_controller/lib/python3.11/site-packages/keyboard_claw_controller/P9c540fb7/session_20260206T135442
[1.178s] copying /home/clawMachine/code/claw_machine_ros2/build/keyboard_claw_controller/build/lib/keyboard_claw_controller/P9c540fb7/session_20260206T135442/choice_trial_2_P9c540fb7_20260206T135717.json -> /home/clawMachine/code/claw_machine_ros2/install/keyboard_claw_controller/lib/python3.11/site-packages/keyboard_claw_controller/P9c540fb7/session_20260206T135442
[1.178s] copying /home/clawMachine/code/claw_machine_ros2/build/keyboard_claw_controller/build/lib/keyboard_claw_controller/P9c540fb7/session_20260206T135442/choice_trial_1_P9c540fb7_20260206T135656.json -> /home/clawMachine/code/claw_machine_ros2/install/keyboard_claw_controller/lib/python3.11/site-packages/keyboard_claw_controller/P9c540fb7/session_20260206T135442
[1.178s] copying /home/clawMachine/code/claw_machine_ros2/build/keyboard_claw_controller/build/lib/keyboard_claw_controller/P9c540fb7/session_20260206T135442/train_trial_4_PP9c540fb7_20260206T135633.json -> /home/clawMachine/code/claw_machine_ros2/install/keyboard_claw_controller/lib/python3.11/site-packages/keyboard_claw_controller/P9c540fb7/session_20260206T135442
[1.179s] copying /home/clawMachine/code/claw_machine_ros2/build/keyboard_claw_controller/build/lib/keyboard_claw_controller/P9c540fb7/session_20260206T135442/choice_trial_3_P9c540fb7_20260206T135735.json -> /home/clawMachine/code/claw_machine_ros2/install/keyboard_claw_controller/lib/python3.11/site-packages/keyboard_claw_controller/P9c540fb7/session_20260206T135442
[1.179s] copying /home/clawMachine/code/claw_machine_ros2/build/keyboard_claw_controller/build/lib/keyboard_claw_controller/P9c540fb7/session_20260206T135442/train_trial_3_PP9c540fb7_20260206T135558.json -> /home/clawMachine/code/claw_machine_ros2/install/keyboard_claw_controller/lib/python3.11/site-packages/keyboard_claw_controller/P9c540fb7/session_20260206T135442
[1.179s] copying /home/clawMachine/code/claw_machine_ros2/build/keyboard_claw_controller/build/lib/keyboard_claw_controller/P9c540fb7/session_20260206T135442/combined_all_trials_P9c540fb7_20260206T135735.json -> /home/clawMachine/code/claw_machine_ros2/install/keyboard_claw_controller/lib/python3.11/site-packages/keyboard_claw_controller/P9c540fb7/session_20260206T135442
[1.179s] copying /home/clawMachine/code/claw_machine_ros2/build/keyboard_claw_controller/build/lib/keyboard_claw_controller/P9c540fb7/session_20260206T135442/train_trial_1_PP9c540fb7_20260206T135501.json -> /home/clawMachine/code/claw_machine_ros2/install/keyboard_claw_controller/lib/python3.11/site-packages/keyboard_claw_controller/P9c540fb7/session_20260206T135442
[1.179s] copying /home/clawMachine/code/claw_machine_ros2/build/keyboard_claw_controller/build/lib/keyboard_claw_controller/basic_game (copy).py -> /home/clawMachine/code/claw_machine_ros2/install/keyboard_claw_controller/lib/python3.11/site-packages/keyboard_claw_controller
[1.180s] copying /home/clawMachine/code/claw_machine_ros2/build/keyboard_claw_controller/build/lib/keyboard_claw_controller/read_rfid.py -> /home/clawMachine/code/claw_machine_ros2/install/keyboard_claw_controller/lib/python3.11/site-packages/keyboard_claw_controller
[1.180s] copying /home/clawMachine/code/claw_machine_ros2/build/keyboard_claw_controller/build/lib/keyboard_claw_controller/xcarve_controller.py -> /home/clawMachine/code/claw_machine_ros2/install/keyboard_claw_controller/lib/python3.11/site-packages/keyboard_claw_controller
[1.180s] copying /home/clawMachine/code/claw_machine_ros2/build/keyboard_claw_controller/build/lib/keyboard_claw_controller/data_logger.py -> /home/clawMachine/code/claw_machine_ros2/install/keyboard_claw_controller/lib/python3.11/site-packages/keyboard_claw_controller
[1.180s] copying /home/clawMachine/code/claw_machine_ros2/build/keyboard_claw_controller/build/lib/keyboard_claw_controller/read_IR.py -> /home/clawMachine/code/claw_machine_ros2/install/keyboard_claw_controller/lib/python3.11/site-packages/keyboard_claw_controller
[1.180s] copying /home/clawMachine/code/claw_machine_ros2/build/keyboard_claw_controller/build/lib/keyboard_claw_controller/game_flow.py -> /home/clawMachine/code/claw_machine_ros2/install/keyboard_claw_controller/lib/python3.11/site-packages/keyboard_claw_controller
[1.181s] copying /home/clawMachine/code/claw_machine_ros2/build/keyboard_claw_controller/build/lib/keyboard_claw_controller/arduino_code.cpp -> /home/clawMachine/code/claw_machine_ros2/install/keyboard_claw_controller/lib/python3.11/site-packages/keyboard_claw_controller
[1.181s] copying /home/clawMachine/code/claw_machine_ros2/build/keyboard_claw_controller/build/lib/keyboard_claw_controller/strength_test.py -> /home/clawMachine/code/claw_machine_ros2/install/keyboard_claw_controller/lib/python3.11/site-packages/keyboard_claw_controller
[1.181s] copying /home/clawMachine/code/claw_machine_ros2/build/keyboard_claw_controller/build/lib/keyboard_claw_controller/basic_game.py -> /home/clawMachine/code/claw_machine_ros2/install/keyboard_claw_controller/lib/python3.11/site-packages/keyboard_claw_controller
[1.182s] byte-compiling /home/clawMachine/code/claw_machine_ros2/install/keyboard_claw_controller/lib/python3.11/site-packages/keyboard_claw_controller/basic_game.py to basic_game.cpython-311.pyc
[1.182s] running install_data
[1.182s] copying resource/keyboard_claw_controller -> /home/clawMachine/code/claw_machine_ros2/install/keyboard_claw_controller/share/ament_index/resource_index/packages
[1.183s] copying package.xml -> /home/clawMachine/code/claw_machine_ros2/install/keyboard_claw_controller/share/keyboard_claw_controller
[1.183s] copying launch/clawMachine_engine.launch.py -> /home/clawMachine/code/claw_machine_ros2/install/keyboard_claw_controller/share/keyboard_claw_controller
[1.183s] running install_egg_info
[1.199s] removing '/home/clawMachine/code/claw_machine_ros2/install/keyboard_claw_controller/lib/python3.11/site-packages/keyboard_claw_controller-0.0.0-py3.11.egg-info' (and everything under it)
[1.199s] Copying ../../build/keyboard_claw_controller/keyboard_claw_controller.egg-info to /home/clawMachine/code/claw_machine_ros2/install/keyboard_claw_controller/lib/python3.11/site-packages/keyboard_claw_controller-0.0.0-py3.11.egg-info
[1.200s] running install_scripts
[1.305s] Installing basic_game script to /home/clawMachine/code/claw_machine_ros2/install/keyboard_claw_controller/lib/keyboard_claw_controller
[1.305s] Installing keyboard_publisher script to /home/clawMachine/code/claw_machine_ros2/install/keyboard_claw_controller/lib/keyboard_claw_controller
[1.306s] Installing ros2_mqtt_bridge script to /home/clawMachine/code/claw_machine_ros2/install/keyboard_claw_controller/lib/keyboard_claw_controller
[1.306s] Installing xcarve_controller script to /home/clawMachine/code/claw_machine_ros2/install/keyboard_claw_controller/lib/keyboard_claw_controller
[1.306s] writing list of installed files to '/home/clawMachine/code/claw_machine_ros2/build/keyboard_claw_controller/install.log'
[1.366s] Invoked command in '/home/clawMachine/code/claw_machine_ros2/src/keyboard_claw_controller' returned '0': CONDA_PROMPT_MODIFIER=(ros_env) PYTHONPATH=/home/clawMachine/code/claw_machine_ros2/build/keyboard_claw_controller/prefix_override:/home/clawMachine/code/claw_machine_ros2/install/keyboard_claw_controller/lib/python3.11/site-packages:${PYTHONPATH} /home/clawMachine/miniforge3/envs/ros_env/bin/python3.11 -W ignore:setup.py install is deprecated setup.py egg_info --egg-base ../../build/keyboard_claw_controller build --build-base /home/clawMachine/code/claw_machine_ros2/build/keyboard_claw_controller/build install --record /home/clawMachine/code/claw_machine_ros2/build/keyboard_claw_controller/install.log --single-version-externally-managed install_data
