[0.094s] Invoking command in '/home/clawMachine/code/claw_machine_ros2/build/claw_machine_msgs': CMAKE_PREFIX_PATH=${CMAKE_PREFIX_PATH}:/home/clawMachine/code/claw_machine_ros2/install/keyboard_claw_controller CONDA_PROMPT_MODIFIER=(ros_env) /home/clawMachine/miniforge3/envs/ros_env/bin/cmake --build /home/clawMachine/code/claw_machine_ros2/build/claw_machine_msgs -- -j8 -l8
[1.197s] [  3%] Built target claw_machine_msgs__cpp
[1.251s] [  3%] Built target ament_cmake_python_copy_claw_machine_msgs
[1.506s] running egg_info
[1.538s] [ 19%] Built target claw_machine_msgs__rosidl_typesupport_cpp
[1.539s] [ 22%] Built target claw_machine_msgs__rosidl_typesupport_introspection_cpp
[1.540s] [ 32%] Built target claw_machine_msgs__rosidl_generator_c
[1.540s] writing claw_machine_msgs.egg-info/PKG-INFO
[1.540s] [ 41%] Built target claw_machine_msgs__rosidl_typesupport_fastrtps_cpp
[1.540s] writing dependency_links to claw_machine_msgs.egg-info/dependency_links.txt
[1.541s] writing top-level names to claw_machine_msgs.egg-info/top_level.txt
[1.575s] [ 51%] Built target claw_machine_msgs__rosidl_typesupport_introspection_c
[1.576s] reading manifest file 'claw_machine_msgs.egg-info/SOURCES.txt'
[1.577s] writing manifest file 'claw_machine_msgs.egg-info/SOURCES.txt'
[1.592s] [ 61%] Built target claw_machine_msgs__rosidl_typesupport_c
[1.599s] [ 70%] Built target claw_machine_msgs__rosidl_typesupport_fastrtps_c
[1.604s] [ 70%] Built target ament_cmake_python_build_claw_machine_msgs_egg
[1.794s] [ 70%] Built target claw_machine_msgs
[1.843s] [ 74%] Built target claw_machine_msgs__py
[2.095s] [ 80%] Built target claw_machine_msgs__rosidl_generator_py
[2.215s] [ 87%] Built target claw_machine_msgs__rosidl_typesupport_fastrtps_c__pyext
[2.216s] [ 93%] Built target claw_machine_msgs__rosidl_typesupport_c__pyext
[2.218s] [100%] Built target claw_machine_msgs__rosidl_typesupport_introspection_c__pyext
[2.231s] Invoked command in '/home/clawMachine/code/claw_machine_ros2/build/claw_machine_msgs' returned '0': CMAKE_PREFIX_PATH=${CMAKE_PREFIX_PATH}:/home/clawMachine/code/claw_machine_ros2/install/keyboard_claw_controller CONDA_PROMPT_MODIFIER=(ros_env) /home/clawMachine/miniforge3/envs/ros_env/bin/cmake --build /home/clawMachine/code/claw_machine_ros2/build/claw_machine_msgs -- -j8 -l8
[2.315s] Invoking command in '/home/clawMachine/code/claw_machine_ros2/build/claw_machine_msgs': CMAKE_PREFIX_PATH=${CMAKE_PREFIX_PATH}:/home/clawMachine/code/claw_machine_ros2/install/keyboard_claw_controller CONDA_PROMPT_MODIFIER=(ros_env) /home/clawMachine/miniforge3/envs/ros_env/bin/cmake --install /home/clawMachine/code/claw_machine_ros2/build/claw_machine_msgs
[2.356s] -- Install configuration: ""
[2.363s] -- Up-to-date: /home/clawMachine/code/claw_machine_ros2/install/claw_machine_msgs/share/ament_index/resource_index/rosidl_interfaces/claw_machine_msgs
[2.363s] -- Up-to-date: /home/clawMachine/code/claw_machine_ros2/install/claw_machine_msgs/include/claw_machine_msgs/claw_machine_msgs
[2.364s] -- Up-to-date: /home/clawMachine/code/claw_machine_ros2/install/claw_machine_msgs/include/claw_machine_msgs/claw_machine_msgs/msg
[2.364s] -- Up-to-date: /home/clawMachine/code/claw_machine_ros2/install/claw_machine_msgs/include/claw_machine_msgs/claw_machine_msgs/msg/rosidl_generator_c__visibility_control.h
[2.364s] -- Up-to-date: /home/clawMachine/code/claw_machine_ros2/install/claw_machine_msgs/include/claw_machine_msgs/claw_machine_msgs/msg/position.h
[2.364s] -- Up-to-date: /home/clawMachine/code/claw_machine_ros2/install/claw_machine_msgs/include/claw_machine_msgs/claw_machine_msgs/msg/detail
[2.364s] -- Up-to-date: /home/clawMachine/code/claw_machine_ros2/install/claw_machine_msgs/include/claw_machine_msgs/claw_machine_msgs/msg/detail/position__struct.h
[2.364s] -- Up-to-date: /home/clawMachine/code/claw_machine_ros2/install/claw_machine_msgs/include/claw_machine_msgs/claw_machine_msgs/msg/detail/position__functions.h
[2.365s] -- Up-to-date: /home/clawMachine/code/claw_machine_ros2/install/claw_machine_msgs/include/claw_machine_msgs/claw_machine_msgs/msg/detail/position__type_support.h
[2.365s] -- Up-to-date: /home/clawMachine/code/claw_machine_ros2/install/claw_machine_msgs/include/claw_machine_msgs/claw_machine_msgs/msg/detail/position__functions.c
[2.402s] -- Installing: /home/clawMachine/code/claw_machine_ros2/install/claw_machine_msgs/lib/libclaw_machine_msgs__rosidl_generator_c.so
[2.404s] -- Up-to-date: /home/clawMachine/code/claw_machine_ros2/install/claw_machine_msgs/include/claw_machine_msgs/claw_machine_msgs
[2.405s] -- Up-to-date: /home/clawMachine/code/claw_machine_ros2/install/claw_machine_msgs/include/claw_machine_msgs/claw_machine_msgs/msg
[2.405s] -- Up-to-date: /home/clawMachine/code/claw_machine_ros2/install/claw_machine_msgs/include/claw_machine_msgs/claw_machine_msgs/msg/rosidl_typesupport_fastrtps_c__visibility_control.h
[2.405s] -- Up-to-date: /home/clawMachine/code/claw_machine_ros2/install/claw_machine_msgs/include/claw_machine_msgs/claw_machine_msgs/msg/detail
[2.405s] -- Up-to-date: /home/clawMachine/code/claw_machine_ros2/install/claw_machine_msgs/include/claw_machine_msgs/claw_machine_msgs/msg/detail/position__rosidl_typesupport_fastrtps_c.h
[2.405s] -- Installing: /home/clawMachine/code/claw_machine_ros2/install/claw_machine_msgs/lib/libclaw_machine_msgs__rosidl_typesupport_fastrtps_c.so
[2.424s] -- Set non-toolchain portion of runtime path of "/home/clawMachine/code/claw_machine_ros2/install/claw_machine_msgs/lib/libclaw_machine_msgs__rosidl_typesupport_fastrtps_c.so" to ""
[2.424s] -- Up-to-date: /home/clawMachine/code/claw_machine_ros2/install/claw_machine_msgs/include/claw_machine_msgs/claw_machine_msgs
[2.425s] -- Up-to-date: /home/clawMachine/code/claw_machine_ros2/install/claw_machine_msgs/include/claw_machine_msgs/claw_machine_msgs/msg
[2.425s] -- Up-to-date: /home/clawMachine/code/claw_machine_ros2/install/claw_machine_msgs/include/claw_machine_msgs/claw_machine_msgs/msg/position.hpp
[2.426s] -- Up-to-date: /home/clawMachine/code/claw_machine_ros2/install/claw_machine_msgs/include/claw_machine_msgs/claw_machine_msgs/msg/detail
[2.426s] -- Up-to-date: /home/clawMachine/code/claw_machine_ros2/install/claw_machine_msgs/include/claw_machine_msgs/claw_machine_msgs/msg/detail/position__traits.hpp
[2.426s] -- Up-to-date: /home/clawMachine/code/claw_machine_ros2/install/claw_machine_msgs/include/claw_machine_msgs/claw_machine_msgs/msg/detail/position__struct.hpp
[2.426s] -- Up-to-date: /home/clawMachine/code/claw_machine_ros2/install/claw_machine_msgs/include/claw_machine_msgs/claw_machine_msgs/msg/detail/position__builder.hpp
[2.426s] -- Up-to-date: /home/clawMachine/code/claw_machine_ros2/install/claw_machine_msgs/include/claw_machine_msgs/claw_machine_msgs
[2.427s] -- Up-to-date: /home/clawMachine/code/claw_machine_ros2/install/claw_machine_msgs/include/claw_machine_msgs/claw_machine_msgs/msg
[2.427s] -- Up-to-date: /home/clawMachine/code/claw_machine_ros2/install/claw_machine_msgs/include/claw_machine_msgs/claw_machine_msgs/msg/rosidl_typesupport_fastrtps_cpp__visibility_control.h
[2.427s] -- Up-to-date: /home/clawMachine/code/claw_machine_ros2/install/claw_machine_msgs/include/claw_machine_msgs/claw_machine_msgs/msg/detail
[2.427s] -- Up-to-date: /home/clawMachine/code/claw_machine_ros2/install/claw_machine_msgs/include/claw_machine_msgs/claw_machine_msgs/msg/detail/position__rosidl_typesupport_fastrtps_cpp.hpp
[2.428s] -- Up-to-date: /home/clawMachine/code/claw_machine_ros2/install/claw_machine_msgs/include/claw_machine_msgs/claw_machine_msgs/msg/detail/dds_fastrtps
[2.428s] -- Installing: /home/clawMachine/code/claw_machine_ros2/install/claw_machine_msgs/lib/libclaw_machine_msgs__rosidl_typesupport_fastrtps_cpp.so
[2.428s] -- Up-to-date: /home/clawMachine/code/claw_machine_ros2/install/claw_machine_msgs/include/claw_machine_msgs/claw_machine_msgs
[2.429s] -- Up-to-date: /home/clawMachine/code/claw_machine_ros2/install/claw_machine_msgs/include/claw_machine_msgs/claw_machine_msgs/msg
[2.429s] -- Up-to-date: /home/clawMachine/code/claw_machine_ros2/install/claw_machine_msgs/include/claw_machine_msgs/claw_machine_msgs/msg/rosidl_typesupport_introspection_c__visibility_control.h
[2.429s] -- Up-to-date: /home/clawMachine/code/claw_machine_ros2/install/claw_machine_msgs/include/claw_machine_msgs/claw_machine_msgs/msg/detail
[2.430s] -- Up-to-date: /home/clawMachine/code/claw_machine_ros2/install/claw_machine_msgs/include/claw_machine_msgs/claw_machine_msgs/msg/detail/position__type_support.c
[2.430s] -- Up-to-date: /home/clawMachine/code/claw_machine_ros2/install/claw_machine_msgs/include/claw_machine_msgs/claw_machine_msgs/msg/detail/position__rosidl_typesupport_introspection_c.h
[2.430s] -- Installing: /home/clawMachine/code/claw_machine_ros2/install/claw_machine_msgs/lib/libclaw_machine_msgs__rosidl_typesupport_introspection_c.so
[2.432s] -- Set non-toolchain portion of runtime path of "/home/clawMachine/code/claw_machine_ros2/install/claw_machine_msgs/lib/libclaw_machine_msgs__rosidl_typesupport_introspection_c.so" to ""
[2.433s] -- Installing: /home/clawMachine/code/claw_machine_ros2/install/claw_machine_msgs/lib/libclaw_machine_msgs__rosidl_typesupport_c.so
[2.435s] -- Set non-toolchain portion of runtime path of "/home/clawMachine/code/claw_machine_ros2/install/claw_machine_msgs/lib/libclaw_machine_msgs__rosidl_typesupport_c.so" to ""
[2.436s] -- Up-to-date: /home/clawMachine/code/claw_machine_ros2/install/claw_machine_msgs/include/claw_machine_msgs/claw_machine_msgs
[2.436s] -- Up-to-date: /home/clawMachine/code/claw_machine_ros2/install/claw_machine_msgs/include/claw_machine_msgs/claw_machine_msgs/msg
[2.437s] -- Up-to-date: /home/clawMachine/code/claw_machine_ros2/install/claw_machine_msgs/include/claw_machine_msgs/claw_machine_msgs/msg/detail
[2.437s] -- Up-to-date: /home/clawMachine/code/claw_machine_ros2/install/claw_machine_msgs/include/claw_machine_msgs/claw_machine_msgs/msg/detail/position__rosidl_typesupport_introspection_cpp.hpp
[2.437s] -- Up-to-date: /home/clawMachine/code/claw_machine_ros2/install/claw_machine_msgs/include/claw_machine_msgs/claw_machine_msgs/msg/detail/position__type_support.cpp
[2.438s] -- Installing: /home/clawMachine/code/claw_machine_ros2/install/claw_machine_msgs/lib/libclaw_machine_msgs__rosidl_typesupport_introspection_cpp.so
[2.439s] -- Installing: /home/clawMachine/code/claw_machine_ros2/install/claw_machine_msgs/lib/libclaw_machine_msgs__rosidl_typesupport_cpp.so
[2.440s] -- Up-to-date: /home/clawMachine/code/claw_machine_ros2/install/claw_machine_msgs/share/claw_machine_msgs/environment/pythonpath.sh
[2.440s] -- Up-to-date: /home/clawMachine/code/claw_machine_ros2/install/claw_machine_msgs/share/claw_machine_msgs/environment/pythonpath.dsv
[2.441s] -- Up-to-date: /home/clawMachine/code/claw_machine_ros2/install/claw_machine_msgs/lib/python3.11/site-packages/claw_machine_msgs-0.0.0-py3.11.egg-info
[2.441s] -- Installing: /home/clawMachine/code/claw_machine_ros2/install/claw_machine_msgs/lib/python3.11/site-packages/claw_machine_msgs-0.0.0-py3.11.egg-info/PKG-INFO
[2.441s] -- Installing: /home/clawMachine/code/claw_machine_ros2/install/claw_machine_msgs/lib/python3.11/site-packages/claw_machine_msgs-0.0.0-py3.11.egg-info/top_level.txt
[2.441s] -- Installing: /home/clawMachine/code/claw_machine_ros2/install/claw_machine_msgs/lib/python3.11/site-packages/claw_machine_msgs-0.0.0-py3.11.egg-info/SOURCES.txt
[2.441s] -- Installing: /home/clawMachine/code/claw_machine_ros2/install/claw_machine_msgs/lib/python3.11/site-packages/claw_machine_msgs-0.0.0-py3.11.egg-info/dependency_links.txt
[2.442s] -- Up-to-date: /home/clawMachine/code/claw_machine_ros2/install/claw_machine_msgs/lib/python3.11/site-packages/claw_machine_msgs
[2.442s] -- Up-to-date: /home/clawMachine/code/claw_machine_ros2/install/claw_machine_msgs/lib/python3.11/site-packages/claw_machine_msgs/_claw_machine_msgs_s.ep.rosidl_typesupport_c.c
[2.442s] -- Up-to-date: /home/clawMachine/code/claw_machine_ros2/install/claw_machine_msgs/lib/python3.11/site-packages/claw_machine_msgs/_claw_machine_msgs_s.ep.rosidl_typesupport_fastrtps_c.c
[2.442s] -- Up-to-date: /home/clawMachine/code/claw_machine_ros2/install/claw_machine_msgs/lib/python3.11/site-packages/claw_machine_msgs/claw_machine_msgs_s__rosidl_typesupport_introspection_c.cpython-311-x86_64-linux-gnu.so
[2.443s] -- Up-to-date: /home/clawMachine/code/claw_machine_ros2/install/claw_machine_msgs/lib/python3.11/site-packages/claw_machine_msgs/__init__.py
[2.443s] -- Up-to-date: /home/clawMachine/code/claw_machine_ros2/install/claw_machine_msgs/lib/python3.11/site-packages/claw_machine_msgs/claw_machine_msgs_s__rosidl_typesupport_fastrtps_c.cpython-311-x86_64-linux-gnu.so
[2.443s] -- Up-to-date: /home/clawMachine/code/claw_machine_ros2/install/claw_machine_msgs/lib/python3.11/site-packages/claw_machine_msgs/msg
[2.443s] -- Up-to-date: /home/clawMachine/code/claw_machine_ros2/install/claw_machine_msgs/lib/python3.11/site-packages/claw_machine_msgs/msg/__init__.py
[2.443s] -- Up-to-date: /home/clawMachine/code/claw_machine_ros2/install/claw_machine_msgs/lib/python3.11/site-packages/claw_machine_msgs/msg/_position.py
[2.443s] -- Up-to-date: /home/clawMachine/code/claw_machine_ros2/install/claw_machine_msgs/lib/python3.11/site-packages/claw_machine_msgs/msg/_position_s.c
[2.443s] -- Up-to-date: /home/clawMachine/code/claw_machine_ros2/install/claw_machine_msgs/lib/python3.11/site-packages/claw_machine_msgs/_claw_machine_msgs_s.ep.rosidl_typesupport_introspection_c.c
[2.444s] -- Up-to-date: /home/clawMachine/code/claw_machine_ros2/install/claw_machine_msgs/lib/python3.11/site-packages/claw_machine_msgs/claw_machine_msgs_s__rosidl_typesupport_c.cpython-311-x86_64-linux-gnu.so
[2.444s] -- Up-to-date: /home/clawMachine/code/claw_machine_ros2/install/claw_machine_msgs/lib/python3.11/site-packages/claw_machine_msgs/libclaw_machine_msgs__rosidl_generator_py.so
[2.521s] Listing 'lib/python3.11/site-packages/claw_machine_msgs'...
[2.521s] Can't list 'lib/python3.11/site-packages/claw_machine_msgs'
[2.525s] -- Installing: /home/clawMachine/code/claw_machine_ros2/install/claw_machine_msgs/lib/python3.11/site-packages/claw_machine_msgs/claw_machine_msgs_s__rosidl_typesupport_fastrtps_c.cpython-311-x86_64-linux-gnu.so
[2.526s] -- Set non-toolchain portion of runtime path of "/home/clawMachine/code/claw_machine_ros2/install/claw_machine_msgs/lib/python3.11/site-packages/claw_machine_msgs/claw_machine_msgs_s__rosidl_typesupport_fastrtps_c.cpython-311-x86_64-linux-gnu.so" to ""
[2.526s] -- Installing: /home/clawMachine/code/claw_machine_ros2/install/claw_machine_msgs/lib/python3.11/site-packages/claw_machine_msgs/claw_machine_msgs_s__rosidl_typesupport_introspection_c.cpython-311-x86_64-linux-gnu.so
[2.526s] -- Set non-toolchain portion of runtime path of "/home/clawMachine/code/claw_machine_ros2/install/claw_machine_msgs/lib/python3.11/site-packages/claw_machine_msgs/claw_machine_msgs_s__rosidl_typesupport_introspection_c.cpython-311-x86_64-linux-gnu.so" to ""
[2.527s] -- Installing: /home/clawMachine/code/claw_machine_ros2/install/claw_machine_msgs/lib/python3.11/site-packages/claw_machine_msgs/claw_machine_msgs_s__rosidl_typesupport_c.cpython-311-x86_64-linux-gnu.so
[2.527s] -- Set non-toolchain portion of runtime path of "/home/clawMachine/code/claw_machine_ros2/install/claw_machine_msgs/lib/python3.11/site-packages/claw_machine_msgs/claw_machine_msgs_s__rosidl_typesupport_c.cpython-311-x86_64-linux-gnu.so" to ""
[2.527s] -- Installing: /home/clawMachine/code/claw_machine_ros2/install/claw_machine_msgs/lib/libclaw_machine_msgs__rosidl_generator_py.so
[2.527s] -- Set non-toolchain portion of runtime path of "/home/clawMachine/code/claw_machine_ros2/install/claw_machine_msgs/lib/libclaw_machine_msgs__rosidl_generator_py.so" to ""
[2.528s] -- Up-to-date: /home/clawMachine/code/claw_machine_ros2/install/claw_machine_msgs/share/claw_machine_msgs/msg/Position.idl
[2.528s] -- Up-to-date: /home/clawMachine/code/claw_machine_ros2/install/claw_machine_msgs/share/claw_machine_msgs/msg/Position.msg
[2.528s] -- Up-to-date: /home/clawMachine/code/claw_machine_ros2/install/claw_machine_msgs/share/ament_index/resource_index/package_run_dependencies/claw_machine_msgs
[2.528s] -- Up-to-date: /home/clawMachine/code/claw_machine_ros2/install/claw_machine_msgs/share/ament_index/resource_index/parent_prefix_path/claw_machine_msgs
[2.528s] -- Up-to-date: /home/clawMachine/code/claw_machine_ros2/install/claw_machine_msgs/share/claw_machine_msgs/environment/ament_prefix_path.sh
[2.528s] -- Up-to-date: /home/clawMachine/code/claw_machine_ros2/install/claw_machine_msgs/share/claw_machine_msgs/environment/ament_prefix_path.dsv
[2.528s] -- Up-to-date: /home/clawMachine/code/claw_machine_ros2/install/claw_machine_msgs/share/claw_machine_msgs/environment/path.sh
[2.528s] -- Up-to-date: /home/clawMachine/code/claw_machine_ros2/install/claw_machine_msgs/share/claw_machine_msgs/environment/path.dsv
[2.528s] -- Up-to-date: /home/clawMachine/code/claw_machine_ros2/install/claw_machine_msgs/share/claw_machine_msgs/local_setup.bash
[2.528s] -- Up-to-date: /home/clawMachine/code/claw_machine_ros2/install/claw_machine_msgs/share/claw_machine_msgs/local_setup.sh
[2.528s] -- Up-to-date: /home/clawMachine/code/claw_machine_ros2/install/claw_machine_msgs/share/claw_machine_msgs/local_setup.zsh
[2.528s] -- Up-to-date: /home/clawMachine/code/claw_machine_ros2/install/claw_machine_msgs/share/claw_machine_msgs/local_setup.dsv
[2.528s] -- Installing: /home/clawMachine/code/claw_machine_ros2/install/claw_machine_msgs/share/claw_machine_msgs/package.dsv
[2.535s] -- Up-to-date: /home/clawMachine/code/claw_machine_ros2/install/claw_machine_msgs/share/ament_index/resource_index/packages/claw_machine_msgs
[2.535s] -- Up-to-date: /home/clawMachine/code/claw_machine_ros2/install/claw_machine_msgs/share/claw_machine_msgs/cmake/export_claw_machine_msgs__rosidl_generator_cExport.cmake
[2.535s] -- Up-to-date: /home/clawMachine/code/claw_machine_ros2/install/claw_machine_msgs/share/claw_machine_msgs/cmake/export_claw_machine_msgs__rosidl_generator_cExport-noconfig.cmake
[2.536s] -- Up-to-date: /home/clawMachine/code/claw_machine_ros2/install/claw_machine_msgs/share/claw_machine_msgs/cmake/export_claw_machine_msgs__rosidl_typesupport_fastrtps_cExport.cmake
[2.536s] -- Up-to-date: /home/clawMachine/code/claw_machine_ros2/install/claw_machine_msgs/share/claw_machine_msgs/cmake/export_claw_machine_msgs__rosidl_typesupport_fastrtps_cExport-noconfig.cmake
[2.536s] -- Up-to-date: /home/clawMachine/code/claw_machine_ros2/install/claw_machine_msgs/share/claw_machine_msgs/cmake/export_claw_machine_msgs__rosidl_generator_cppExport.cmake
[2.536s] -- Up-to-date: /home/clawMachine/code/claw_machine_ros2/install/claw_machine_msgs/share/claw_machine_msgs/cmake/export_claw_machine_msgs__rosidl_typesupport_fastrtps_cppExport.cmake
[2.536s] -- Up-to-date: /home/clawMachine/code/claw_machine_ros2/install/claw_machine_msgs/share/claw_machine_msgs/cmake/export_claw_machine_msgs__rosidl_typesupport_fastrtps_cppExport-noconfig.cmake
[2.567s] -- Up-to-date: /home/clawMachine/code/claw_machine_ros2/install/claw_machine_msgs/share/claw_machine_msgs/cmake/claw_machine_msgs__rosidl_typesupport_introspection_cExport.cmake
[2.567s] -- Up-to-date: /home/clawMachine/code/claw_machine_ros2/install/claw_machine_msgs/share/claw_machine_msgs/cmake/claw_machine_msgs__rosidl_typesupport_introspection_cExport-noconfig.cmake
[2.568s] -- Up-to-date: /home/clawMachine/code/claw_machine_ros2/install/claw_machine_msgs/share/claw_machine_msgs/cmake/claw_machine_msgs__rosidl_typesupport_cExport.cmake
[2.568s] -- Up-to-date: /home/clawMachine/code/claw_machine_ros2/install/claw_machine_msgs/share/claw_machine_msgs/cmake/claw_machine_msgs__rosidl_typesupport_cExport-noconfig.cmake
[2.569s] -- Up-to-date: /home/clawMachine/code/claw_machine_ros2/install/claw_machine_msgs/share/claw_machine_msgs/cmake/claw_machine_msgs__rosidl_typesupport_introspection_cppExport.cmake
[2.569s] -- Up-to-date: /home/clawMachine/code/claw_machine_ros2/install/claw_machine_msgs/share/claw_machine_msgs/cmake/claw_machine_msgs__rosidl_typesupport_introspection_cppExport-noconfig.cmake
[2.569s] -- Up-to-date: /home/clawMachine/code/claw_machine_ros2/install/claw_machine_msgs/share/claw_machine_msgs/cmake/claw_machine_msgs__rosidl_typesupport_cppExport.cmake
[2.569s] -- Up-to-date: /home/clawMachine/code/claw_machine_ros2/install/claw_machine_msgs/share/claw_machine_msgs/cmake/claw_machine_msgs__rosidl_typesupport_cppExport-noconfig.cmake
[2.570s] -- Up-to-date: /home/clawMachine/code/claw_machine_ros2/install/claw_machine_msgs/share/claw_machine_msgs/cmake/export_claw_machine_msgs__rosidl_generator_pyExport.cmake
[2.570s] -- Up-to-date: /home/clawMachine/code/claw_machine_ros2/install/claw_machine_msgs/share/claw_machine_msgs/cmake/export_claw_machine_msgs__rosidl_generator_pyExport-noconfig.cmake
[2.570s] -- Up-to-date: /home/clawMachine/code/claw_machine_ros2/install/claw_machine_msgs/share/claw_machine_msgs/cmake/rosidl_cmake-extras.cmake
[2.570s] -- Up-to-date: /home/clawMachine/code/claw_machine_ros2/install/claw_machine_msgs/share/claw_machine_msgs/cmake/ament_cmake_export_dependencies-extras.cmake
[2.571s] -- Up-to-date: /home/clawMachine/code/claw_machine_ros2/install/claw_machine_msgs/share/claw_machine_msgs/cmake/ament_cmake_export_include_directories-extras.cmake
[2.571s] -- Up-to-date: /home/clawMachine/code/claw_machine_ros2/install/claw_machine_msgs/share/claw_machine_msgs/cmake/ament_cmake_export_libraries-extras.cmake
[2.571s] -- Up-to-date: /home/clawMachine/code/claw_machine_ros2/install/claw_machine_msgs/share/claw_machine_msgs/cmake/ament_cmake_export_targets-extras.cmake
[2.571s] -- Up-to-date: /home/clawMachine/code/claw_machine_ros2/install/claw_machine_msgs/share/claw_machine_msgs/cmake/rosidl_cmake_export_typesupport_targets-extras.cmake
[2.571s] -- Up-to-date: /home/clawMachine/code/claw_machine_ros2/install/claw_machine_msgs/share/claw_machine_msgs/cmake/rosidl_cmake_export_typesupport_libraries-extras.cmake
[2.571s] -- Up-to-date: /home/clawMachine/code/claw_machine_ros2/install/claw_machine_msgs/share/claw_machine_msgs/cmake/claw_machine_msgsConfig.cmake
[2.571s] -- Up-to-date: /home/clawMachine/code/claw_machine_ros2/install/claw_machine_msgs/share/claw_machine_msgs/cmake/claw_machine_msgsConfig-version.cmake
[2.571s] -- Up-to-date: /home/clawMachine/code/claw_machine_ros2/install/claw_machine_msgs/share/claw_machine_msgs/package.xml
[2.574s] Invoked command in '/home/clawMachine/code/claw_machine_ros2/build/claw_machine_msgs' returned '0': CMAKE_PREFIX_PATH=${CMAKE_PREFIX_PATH}:/home/clawMachine/code/claw_machine_ros2/install/keyboard_claw_controller CONDA_PROMPT_MODIFIER=(ros_env) /home/clawMachine/miniforge3/envs/ros_env/bin/cmake --install /home/clawMachine/code/claw_machine_ros2/build/claw_machine_msgs
