[1.918s] [34mcolcon[0m [1;30mDEBUG[0m [32mCommand line arguments: ['/home/clawMachine/miniforge3/envs/ros_env/bin/colcon', 'build'][0m
[1.919s] [34mcolcon[0m [1;30mDEBUG[0m [32mParsed command line arguments: Namespace(log_base=None, log_level=None, verb_name='build', build_base='build', install_base='install', merge_install=False, symlink_install=False, test_result_base=None, continue_on_error=False, executor='parallel', parallel_workers=8, event_handlers=None, ignore_user_meta=False, metas=['./colcon.meta'], base_paths=['.'], packages_ignore=None, packages_ignore_regex=None, paths=None, packages_up_to=None, packages_up_to_regex=None, packages_above=None, packages_above_and_dependencies=None, packages_above_depth=None, packages_select_by_dep=None, packages_skip_by_dep=None, packages_skip_up_to=None, packages_select_build_failed=False, packages_skip_build_finished=False, packages_select_test_failures=False, packages_skip_test_passed=False, packages_select=None, packages_skip=None, packages_select_regex=None, packages_skip_regex=None, packages_start=None, packages_end=None, cmake_args=None, cmake_target=None, cmake_target_skip_unavailable=False, cmake_clean_cache=False, cmake_clean_first=False, cmake_force_configure=False, ament_cmake_args=None, catkin_cmake_args=None, catkin_skip_building_tests=False, verb_parser=<colcon_defaults.argument_parser.defaults.DefaultArgumentsDecorator object at 0x7f2aa3f04f90>, verb_extension=<colcon_core.verb.build.BuildVerb object at 0x7f2aa327e4d0>, main=<bound method BuildVerb.main of <colcon_core.verb.build.BuildVerb object at 0x7f2aa327e4d0>>)[0m
[2.355s] [34mcolcon.colcon_core.package_discovery[0m [1;30mLevel 1[0m discover_packages(colcon_meta) check parameters
[2.355s] [34mcolcon.colcon_core.package_discovery[0m [1;30mLevel 1[0m discover_packages(recursive) check parameters
[2.355s] [34mcolcon.colcon_core.package_discovery[0m [1;30mLevel 1[0m discover_packages(ignore) check parameters
[2.356s] [34mcolcon.colcon_core.package_discovery[0m [1;30mLevel 1[0m discover_packages(path) check parameters
[2.356s] [34mcolcon.colcon_core.package_discovery[0m [1;30mLevel 1[0m discover_packages(colcon_meta) discover
[2.356s] [34mcolcon.colcon_core.package_discovery[0m [1;30mLevel 1[0m discover_packages(recursive) discover
[2.356s] [34mcolcon.colcon_core.package_discovery[0m [1;30mINFO[0m Crawling recursively for packages in '/home/clawMachine/code/claw_machine_ros2'
[2.356s] [34mcolcon.colcon_core.package_identification[0m [1;30mLevel 1[0m _identify(.) by extensions ['ignore', 'ignore_ament_install']
[2.357s] [34mcolcon.colcon_core.package_identification[0m [1;30mLevel 1[0m _identify(.) by extension 'ignore'
[2.357s] [34mcolcon.colcon_core.package_identification[0m [1;30mLevel 1[0m _identify(.) by extension 'ignore_ament_install'
[2.357s] [34mcolcon.colcon_core.package_identification[0m [1;30mLevel 1[0m _identify(.) by extensions ['colcon_pkg']
[2.357s] [34mcolcon.colcon_core.package_identification[0m [1;30mLevel 1[0m _identify(.) by extension 'colcon_pkg'
[2.357s] [34mcolcon.colcon_core.package_identification[0m [1;30mLevel 1[0m _identify(.) by extensions ['colcon_meta']
[2.358s] [34mcolcon.colcon_core.package_identification[0m [1;30mLevel 1[0m _identify(.) by extension 'colcon_meta'
[2.358s] [34mcolcon.colcon_core.package_identification[0m [1;30mLevel 1[0m _identify(.) by extensions ['ros']
[2.358s] [34mcolcon.colcon_core.package_identification[0m [1;30mLevel 1[0m _identify(.) by extension 'ros'
[2.671s] [34mcolcon.colcon_core.package_identification[0m [1;30mLevel 1[0m _identify(.) by extensions ['cmake', 'python']
[2.671s] [34mcolcon.colcon_core.package_identification[0m [1;30mLevel 1[0m _identify(.) by extension 'cmake'
[2.672s] [34mcolcon.colcon_core.package_identification[0m [1;30mLevel 1[0m _identify(.) by extension 'python'
[2.672s] [34mcolcon.colcon_core.package_identification[0m [1;30mLevel 1[0m _identify(.) by extensions ['python_setup_py']
[2.672s] [34mcolcon.colcon_core.package_identification[0m [1;30mLevel 1[0m _identify(.) by extension 'python_setup_py'
[2.672s] [34mcolcon.colcon_core.package_identification[0m [1;30mLevel 1[0m _identify(build) by extensions ['ignore', 'ignore_ament_install']
[2.673s] [34mcolcon.colcon_core.package_identification[0m [1;30mLevel 1[0m _identify(build) by extension 'ignore'
[2.673s] [34mcolcon.colcon_core.package_identification[0m [1;30mLevel 1[0m _identify(build) ignored
[2.673s] [34mcolcon.colcon_core.package_identification[0m [1;30mLevel 1[0m _identify(cache) by extensions ['ignore', 'ignore_ament_install']
[2.673s] [34mcolcon.colcon_core.package_identification[0m [1;30mLevel 1[0m _identify(cache) by extension 'ignore'
[2.673s] [34mcolcon.colcon_core.package_identification[0m [1;30mLevel 1[0m _identify(cache) by extension 'ignore_ament_install'
[2.673s] [34mcolcon.colcon_core.package_identification[0m [1;30mLevel 1[0m _identify(cache) by extensions ['colcon_pkg']
[2.674s] [34mcolcon.colcon_core.package_identification[0m [1;30mLevel 1[0m _identify(cache) by extension 'colcon_pkg'
[2.674s] [34mcolcon.colcon_core.package_identification[0m [1;30mLevel 1[0m _identify(cache) by extensions ['colcon_meta']
[2.674s] [34mcolcon.colcon_core.package_identification[0m [1;30mLevel 1[0m _identify(cache) by extension 'colcon_meta'
[2.674s] [34mcolcon.colcon_core.package_identification[0m [1;30mLevel 1[0m _identify(cache) by extensions ['ros']
[2.674s] [34mcolcon.colcon_core.package_identification[0m [1;30mLevel 1[0m _identify(cache) by extension 'ros'
[2.674s] [34mcolcon.colcon_core.package_identification[0m [1;30mLevel 1[0m _identify(cache) by extensions ['cmake', 'python']
[2.674s] [34mcolcon.colcon_core.package_identification[0m [1;30mLevel 1[0m _identify(cache) by extension 'cmake'
[2.674s] [34mcolcon.colcon_core.package_identification[0m [1;30mLevel 1[0m _identify(cache) by extension 'python'
[2.674s] [34mcolcon.colcon_core.package_identification[0m [1;30mLevel 1[0m _identify(cache) by extensions ['python_setup_py']
[2.674s] [34mcolcon.colcon_core.package_identification[0m [1;30mLevel 1[0m _identify(cache) by extension 'python_setup_py'
[2.675s] [34mcolcon.colcon_core.package_identification[0m [1;30mLevel 1[0m _identify(cache/humble) by extensions ['ignore', 'ignore_ament_install']
[2.675s] [34mcolcon.colcon_core.package_identification[0m [1;30mLevel 1[0m _identify(cache/humble) by extension 'ignore'
[2.675s] [34mcolcon.colcon_core.package_identification[0m [1;30mLevel 1[0m _identify(cache/humble) by extension 'ignore_ament_install'
[2.675s] [34mcolcon.colcon_core.package_identification[0m [1;30mLevel 1[0m _identify(cache/humble) by extensions ['colcon_pkg']
[2.675s] [34mcolcon.colcon_core.package_identification[0m [1;30mLevel 1[0m _identify(cache/humble) by extension 'colcon_pkg'
[2.675s] [34mcolcon.colcon_core.package_identification[0m [1;30mLevel 1[0m _identify(cache/humble) by extensions ['colcon_meta']
[2.675s] [34mcolcon.colcon_core.package_identification[0m [1;30mLevel 1[0m _identify(cache/humble) by extension 'colcon_meta'
[2.675s] [34mcolcon.colcon_core.package_identification[0m [1;30mLevel 1[0m _identify(cache/humble) by extensions ['ros']
[2.676s] [34mcolcon.colcon_core.package_identification[0m [1;30mLevel 1[0m _identify(cache/humble) by extension 'ros'
[2.676s] [34mcolcon.colcon_core.package_identification[0m [1;30mLevel 1[0m _identify(cache/humble) by extensions ['cmake', 'python']
[2.676s] [34mcolcon.colcon_core.package_identification[0m [1;30mLevel 1[0m _identify(cache/humble) by extension 'cmake'
[2.676s] [34mcolcon.colcon_core.package_identification[0m [1;30mLevel 1[0m _identify(cache/humble) by extension 'python'
[2.676s] [34mcolcon.colcon_core.package_identification[0m [1;30mLevel 1[0m _identify(cache/humble) by extensions ['python_setup_py']
[2.676s] [34mcolcon.colcon_core.package_identification[0m [1;30mLevel 1[0m _identify(cache/humble) by extension 'python_setup_py'
[2.676s] [34mcolcon.colcon_core.package_identification[0m [1;30mLevel 1[0m _identify(cache/humble/build) by extensions ['ignore', 'ignore_ament_install']
[2.676s] [34mcolcon.colcon_core.package_identification[0m [1;30mLevel 1[0m _identify(cache/humble/build) by extension 'ignore'
[2.677s] [34mcolcon.colcon_core.package_identification[0m [1;30mLevel 1[0m _identify(cache/humble/build) by extension 'ignore_ament_install'
[2.677s] [34mcolcon.colcon_core.package_identification[0m [1;30mLevel 1[0m _identify(cache/humble/build) by extensions ['colcon_pkg']
[2.677s] [34mcolcon.colcon_core.package_identification[0m [1;30mLevel 1[0m _identify(cache/humble/build) by extension 'colcon_pkg'
[2.677s] [34mcolcon.colcon_core.package_identification[0m [1;30mLevel 1[0m _identify(cache/humble/build) by extensions ['colcon_meta']
[2.677s] [34mcolcon.colcon_core.package_identification[0m [1;30mLevel 1[0m _identify(cache/humble/build) by extension 'colcon_meta'
[2.677s] [34mcolcon.colcon_core.package_identification[0m [1;30mLevel 1[0m _identify(cache/humble/build) by extensions ['ros']
[2.677s] [34mcolcon.colcon_core.package_identification[0m [1;30mLevel 1[0m _identify(cache/humble/build) by extension 'ros'
[2.677s] [34mcolcon.colcon_core.package_identification[0m [1;30mLevel 1[0m _identify(cache/humble/build) by extensions ['cmake', 'python']
[2.677s] [34mcolcon.colcon_core.package_identification[0m [1;30mLevel 1[0m _identify(cache/humble/build) by extension 'cmake'
[2.678s] [34mcolcon.colcon_core.package_identification[0m [1;30mLevel 1[0m _identify(cache/humble/build) by extension 'python'
[2.678s] [34mcolcon.colcon_core.package_identification[0m [1;30mLevel 1[0m _identify(cache/humble/build) by extensions ['python_setup_py']
[2.678s] [34mcolcon.colcon_core.package_identification[0m [1;30mLevel 1[0m _identify(cache/humble/build) by extension 'python_setup_py'
[2.678s] [34mcolcon.colcon_core.package_identification[0m [1;30mLevel 1[0m _identify(cache/humble/install) by extensions ['ignore', 'ignore_ament_install']
[2.678s] [34mcolcon.colcon_core.package_identification[0m [1;30mLevel 1[0m _identify(cache/humble/install) by extension 'ignore'
[2.678s] [34mcolcon.colcon_core.package_identification[0m [1;30mLevel 1[0m _identify(cache/humble/install) by extension 'ignore_ament_install'
[2.678s] [34mcolcon.colcon_core.package_identification[0m [1;30mLevel 1[0m _identify(cache/humble/install) by extensions ['colcon_pkg']
[2.678s] [34mcolcon.colcon_core.package_identification[0m [1;30mLevel 1[0m _identify(cache/humble/install) by extension 'colcon_pkg'
[2.678s] [34mcolcon.colcon_core.package_identification[0m [1;30mLevel 1[0m _identify(cache/humble/install) by extensions ['colcon_meta']
[2.678s] [34mcolcon.colcon_core.package_identification[0m [1;30mLevel 1[0m _identify(cache/humble/install) by extension 'colcon_meta'
[2.678s] [34mcolcon.colcon_core.package_identification[0m [1;30mLevel 1[0m _identify(cache/humble/install) by extensions ['ros']
[2.679s] [34mcolcon.colcon_core.package_identification[0m [1;30mLevel 1[0m _identify(cache/humble/install) by extension 'ros'
[2.679s] [34mcolcon.colcon_core.package_identification[0m [1;30mLevel 1[0m _identify(cache/humble/install) by extensions ['cmake', 'python']
[2.679s] [34mcolcon.colcon_core.package_identification[0m [1;30mLevel 1[0m _identify(cache/humble/install) by extension 'cmake'
[2.679s] [34mcolcon.colcon_core.package_identification[0m [1;30mLevel 1[0m _identify(cache/humble/install) by extension 'python'
[2.679s] [34mcolcon.colcon_core.package_identification[0m [1;30mLevel 1[0m _identify(cache/humble/install) by extensions ['python_setup_py']
[2.679s] [34mcolcon.colcon_core.package_identification[0m [1;30mLevel 1[0m _identify(cache/humble/install) by extension 'python_setup_py'
[2.679s] [34mcolcon.colcon_core.package_identification[0m [1;30mLevel 1[0m _identify(cache/humble/log) by extensions ['ignore', 'ignore_ament_install']
[2.679s] [34mcolcon.colcon_core.package_identification[0m [1;30mLevel 1[0m _identify(cache/humble/log) by extension 'ignore'
[2.680s] [34mcolcon.colcon_core.package_identification[0m [1;30mLevel 1[0m _identify(cache/humble/log) ignored
[2.680s] [34mcolcon.colcon_core.package_identification[0m [1;30mLevel 1[0m _identify(install) by extensions ['ignore', 'ignore_ament_install']
[2.680s] [34mcolcon.colcon_core.package_identification[0m [1;30mLevel 1[0m _identify(install) by extension 'ignore'
[2.680s] [34mcolcon.colcon_core.package_identification[0m [1;30mLevel 1[0m _identify(install) ignored
[2.680s] [34mcolcon.colcon_core.package_identification[0m [1;30mLevel 1[0m _identify(log) by extensions ['ignore', 'ignore_ament_install']
[2.680s] [34mcolcon.colcon_core.package_identification[0m [1;30mLevel 1[0m _identify(log) by extension 'ignore'
[2.680s] [34mcolcon.colcon_core.package_identification[0m [1;30mLevel 1[0m _identify(log) ignored
[2.681s] [34mcolcon.colcon_core.package_identification[0m [1;30mLevel 1[0m _identify(src) by extensions ['ignore', 'ignore_ament_install']
[2.681s] [34mcolcon.colcon_core.package_identification[0m [1;30mLevel 1[0m _identify(src) by extension 'ignore'
[2.681s] [34mcolcon.colcon_core.package_identification[0m [1;30mLevel 1[0m _identify(src) by extension 'ignore_ament_install'
[2.681s] [34mcolcon.colcon_core.package_identification[0m [1;30mLevel 1[0m _identify(src) by extensions ['colcon_pkg']
[2.681s] [34mcolcon.colcon_core.package_identification[0m [1;30mLevel 1[0m _identify(src) by extension 'colcon_pkg'
[2.681s] [34mcolcon.colcon_core.package_identification[0m [1;30mLevel 1[0m _identify(src) by extensions ['colcon_meta']
[2.681s] [34mcolcon.colcon_core.package_identification[0m [1;30mLevel 1[0m _identify(src) by extension 'colcon_meta'
[2.681s] [34mcolcon.colcon_core.package_identification[0m [1;30mLevel 1[0m _identify(src) by extensions ['ros']
[2.681s] [34mcolcon.colcon_core.package_identification[0m [1;30mLevel 1[0m _identify(src) by extension 'ros'
[2.681s] [34mcolcon.colcon_core.package_identification[0m [1;30mLevel 1[0m _identify(src) by extensions ['cmake', 'python']
[2.681s] [34mcolcon.colcon_core.package_identification[0m [1;30mLevel 1[0m _identify(src) by extension 'cmake'
[2.681s] [34mcolcon.colcon_core.package_identification[0m [1;30mLevel 1[0m _identify(src) by extension 'python'
[2.682s] [34mcolcon.colcon_core.package_identification[0m [1;30mLevel 1[0m _identify(src) by extensions ['python_setup_py']
[2.682s] [34mcolcon.colcon_core.package_identification[0m [1;30mLevel 1[0m _identify(src) by extension 'python_setup_py'
[2.682s] [34mcolcon.colcon_core.package_identification[0m [1;30mLevel 1[0m _identify(src/build) by extensions ['ignore', 'ignore_ament_install']
[2.682s] [34mcolcon.colcon_core.package_identification[0m [1;30mLevel 1[0m _identify(src/build) by extension 'ignore'
[2.682s] [34mcolcon.colcon_core.package_identification[0m [1;30mLevel 1[0m _identify(src/build) by extension 'ignore_ament_install'
[2.682s] [34mcolcon.colcon_core.package_identification[0m [1;30mLevel 1[0m _identify(src/build) by extensions ['colcon_pkg']
[2.682s] [34mcolcon.colcon_core.package_identification[0m [1;30mLevel 1[0m _identify(src/build) by extension 'colcon_pkg'
[2.682s] [34mcolcon.colcon_core.package_identification[0m [1;30mLevel 1[0m _identify(src/build) by extensions ['colcon_meta']
[2.682s] [34mcolcon.colcon_core.package_identification[0m [1;30mLevel 1[0m _identify(src/build) by extension 'colcon_meta'
[2.682s] [34mcolcon.colcon_core.package_identification[0m [1;30mLevel 1[0m _identify(src/build) by extensions ['ros']
[2.682s] [34mcolcon.colcon_core.package_identification[0m [1;30mLevel 1[0m _identify(src/build) by extension 'ros'
[2.683s] [34mcolcon.colcon_core.package_identification[0m [1;30mLevel 1[0m _identify(src/build) by extensions ['cmake', 'python']
[2.683s] [34mcolcon.colcon_core.package_identification[0m [1;30mLevel 1[0m _identify(src/build) by extension 'cmake'
[2.683s] [34mcolcon.colcon_core.package_identification[0m [1;30mLevel 1[0m _identify(src/build) by extension 'python'
[2.683s] [34mcolcon.colcon_core.package_identification[0m [1;30mLevel 1[0m _identify(src/build) by extensions ['python_setup_py']
[2.683s] [34mcolcon.colcon_core.package_identification[0m [1;30mLevel 1[0m _identify(src/build) by extension 'python_setup_py'
[2.683s] [34mcolcon.colcon_core.package_identification[0m [1;30mLevel 1[0m _identify(src/claw_machine_msgs) by extensions ['ignore', 'ignore_ament_install']
[2.683s] [34mcolcon.colcon_core.package_identification[0m [1;30mLevel 1[0m _identify(src/claw_machine_msgs) by extension 'ignore'
[2.683s] [34mcolcon.colcon_core.package_identification[0m [1;30mLevel 1[0m _identify(src/claw_machine_msgs) by extension 'ignore_ament_install'
[2.683s] [34mcolcon.colcon_core.package_identification[0m [1;30mLevel 1[0m _identify(src/claw_machine_msgs) by extensions ['colcon_pkg']
[2.683s] [34mcolcon.colcon_core.package_identification[0m [1;30mLevel 1[0m _identify(src/claw_machine_msgs) by extension 'colcon_pkg'
[2.683s] [34mcolcon.colcon_core.package_identification[0m [1;30mLevel 1[0m _identify(src/claw_machine_msgs) by extensions ['colcon_meta']
[2.683s] [34mcolcon.colcon_core.package_identification[0m [1;30mLevel 1[0m _identify(src/claw_machine_msgs) by extension 'colcon_meta'
[2.683s] [34mcolcon.colcon_core.package_identification[0m [1;30mLevel 1[0m _identify(src/claw_machine_msgs) by extensions ['ros']
[2.683s] [34mcolcon.colcon_core.package_identification[0m [1;30mLevel 1[0m _identify(src/claw_machine_msgs) by extension 'ros'
[2.698s] [34mcolcon.colcon_core.package_identification[0m [1;30mDEBUG[0m [32mPackage 'src/claw_machine_msgs' with type 'ros.ament_cmake' and name 'claw_machine_msgs'[0m
[2.698s] [34mcolcon.colcon_core.package_identification[0m [1;30mLevel 1[0m _identify(src/install) by extensions ['ignore', 'ignore_ament_install']
[2.698s] [34mcolcon.colcon_core.package_identification[0m [1;30mLevel 1[0m _identify(src/install) by extension 'ignore'
[2.698s] [34mcolcon.colcon_core.package_identification[0m [1;30mLevel 1[0m _identify(src/install) ignored
[2.698s] [34mcolcon.colcon_core.package_identification[0m [1;30mLevel 1[0m _identify(src/keyboard_claw_controller) by extensions ['ignore', 'ignore_ament_install']
[2.698s] [34mcolcon.colcon_core.package_identification[0m [1;30mLevel 1[0m _identify(src/keyboard_claw_controller) by extension 'ignore'
[2.698s] [34mcolcon.colcon_core.package_identification[0m [1;30mLevel 1[0m _identify(src/keyboard_claw_controller) by extension 'ignore_ament_install'
[2.698s] [34mcolcon.colcon_core.package_identification[0m [1;30mLevel 1[0m _identify(src/keyboard_claw_controller) by extensions ['colcon_pkg']
[2.698s] [34mcolcon.colcon_core.package_identification[0m [1;30mLevel 1[0m _identify(src/keyboard_claw_controller) by extension 'colcon_pkg'
[2.698s] [34mcolcon.colcon_core.package_identification[0m [1;30mLevel 1[0m _identify(src/keyboard_claw_controller) by extensions ['colcon_meta']
[2.698s] [34mcolcon.colcon_core.package_identification[0m [1;30mLevel 1[0m _identify(src/keyboard_claw_controller) by extension 'colcon_meta'
[2.698s] [34mcolcon.colcon_core.package_identification[0m [1;30mLevel 1[0m _identify(src/keyboard_claw_controller) by extensions ['ros']
[2.698s] [34mcolcon.colcon_core.package_identification[0m [1;30mLevel 1[0m _identify(src/keyboard_claw_controller) by extension 'ros'
[2.699s] [34mcolcon.colcon_core.package_identification[0m [1;30mDEBUG[0m [32mPackage 'src/keyboard_claw_controller' with type 'ros.ament_python' and name 'keyboard_claw_controller'[0m
[2.699s] [34mcolcon.colcon_core.package_identification[0m [1;30mLevel 1[0m _identify(src/log) by extensions ['ignore', 'ignore_ament_install']
[2.699s] [34mcolcon.colcon_core.package_identification[0m [1;30mLevel 1[0m _identify(src/log) by extension 'ignore'
[2.699s] [34mcolcon.colcon_core.package_identification[0m [1;30mLevel 1[0m _identify(src/log) ignored
[2.699s] [34mcolcon.colcon_core.package_discovery[0m [1;30mLevel 1[0m discover_packages(recursive) using defaults
[2.700s] [34mcolcon.colcon_core.package_discovery[0m [1;30mLevel 1[0m discover_packages(ignore) discover
[2.700s] [34mcolcon.colcon_core.package_discovery[0m [1;30mLevel 1[0m discover_packages(ignore) using defaults
[2.700s] [34mcolcon.colcon_core.package_discovery[0m [1;30mLevel 1[0m discover_packages(path) discover
[2.700s] [34mcolcon.colcon_core.package_discovery[0m [1;30mLevel 1[0m discover_packages(path) using defaults
[2.891s] [34mcolcon.colcon_core.verb[0m [1;30mLevel 5[0m set package 'claw_machine_msgs' build argument 'cmake_args' from command line to 'None'
[2.892s] [34mcolcon.colcon_core.verb[0m [1;30mLevel 5[0m set package 'claw_machine_msgs' build argument 'cmake_target' from command line to 'None'
[2.892s] [34mcolcon.colcon_core.verb[0m [1;30mLevel 5[0m set package 'claw_machine_msgs' build argument 'cmake_target_skip_unavailable' from command line to 'False'
[2.892s] [34mcolcon.colcon_core.verb[0m [1;30mLevel 5[0m set package 'claw_machine_msgs' build argument 'cmake_clean_cache' from command line to 'False'
[2.892s] [34mcolcon.colcon_core.verb[0m [1;30mLevel 5[0m set package 'claw_machine_msgs' build argument 'cmake_clean_first' from command line to 'False'
[2.892s] [34mcolcon.colcon_core.verb[0m [1;30mLevel 5[0m set package 'claw_machine_msgs' build argument 'cmake_force_configure' from command line to 'False'
[2.892s] [34mcolcon.colcon_core.verb[0m [1;30mLevel 5[0m set package 'claw_machine_msgs' build argument 'ament_cmake_args' from command line to 'None'
[2.892s] [34mcolcon.colcon_core.verb[0m [1;30mLevel 5[0m set package 'claw_machine_msgs' build argument 'catkin_cmake_args' from command line to 'None'
[2.892s] [34mcolcon.colcon_core.verb[0m [1;30mLevel 5[0m set package 'claw_machine_msgs' build argument 'catkin_skip_building_tests' from command line to 'False'
[2.892s] [34mcolcon.colcon_core.verb[0m [1;30mDEBUG[0m [32mBuilding package 'claw_machine_msgs' with the following arguments: {'ament_cmake_args': None, 'build_base': '/home/clawMachine/code/claw_machine_ros2/build/claw_machine_msgs', 'catkin_cmake_args': None, 'catkin_skip_building_tests': False, 'cmake_args': None, 'cmake_clean_cache': False, 'cmake_clean_first': False, 'cmake_force_configure': False, 'cmake_target': None, 'cmake_target_skip_unavailable': False, 'install_base': '/home/clawMachine/code/claw_machine_ros2/install/claw_machine_msgs', 'merge_install': False, 'path': '/home/clawMachine/code/claw_machine_ros2/src/claw_machine_msgs', 'symlink_install': False, 'test_result_base': None}[0m
[2.893s] [34mcolcon.colcon_core.verb[0m [1;30mLevel 5[0m set package 'keyboard_claw_controller' build argument 'cmake_args' from command line to 'None'
[2.894s] [34mcolcon.colcon_core.verb[0m [1;30mLevel 5[0m set package 'keyboard_claw_controller' build argument 'cmake_target' from command line to 'None'
[2.894s] [34mcolcon.colcon_core.verb[0m [1;30mLevel 5[0m set package 'keyboard_claw_controller' build argument 'cmake_target_skip_unavailable' from command line to 'False'
[2.894s] [34mcolcon.colcon_core.verb[0m [1;30mLevel 5[0m set package 'keyboard_claw_controller' build argument 'cmake_clean_cache' from command line to 'False'
[2.894s] [34mcolcon.colcon_core.verb[0m [1;30mLevel 5[0m set package 'keyboard_claw_controller' build argument 'cmake_clean_first' from command line to 'False'
[2.894s] [34mcolcon.colcon_core.verb[0m [1;30mLevel 5[0m set package 'keyboard_claw_controller' build argument 'cmake_force_configure' from command line to 'False'
[2.894s] [34mcolcon.colcon_core.verb[0m [1;30mLevel 5[0m set package 'keyboard_claw_controller' build argument 'ament_cmake_args' from command line to 'None'
[2.894s] [34mcolcon.colcon_core.verb[0m [1;30mLevel 5[0m set package 'keyboard_claw_controller' build argument 'catkin_cmake_args' from command line to 'None'
[2.894s] [34mcolcon.colcon_core.verb[0m [1;30mLevel 5[0m set package 'keyboard_claw_controller' build argument 'catkin_skip_building_tests' from command line to 'False'
[2.894s] [34mcolcon.colcon_core.verb[0m [1;30mDEBUG[0m [32mBuilding package 'keyboard_claw_controller' with the following arguments: {'ament_cmake_args': None, 'build_base': '/home/clawMachine/code/claw_machine_ros2/build/keyboard_claw_controller', 'catkin_cmake_args': None, 'catkin_skip_building_tests': False, 'cmake_args': None, 'cmake_clean_cache': False, 'cmake_clean_first': False, 'cmake_force_configure': False, 'cmake_target': None, 'cmake_target_skip_unavailable': False, 'install_base': '/home/clawMachine/code/claw_machine_ros2/install/keyboard_claw_controller', 'merge_install': False, 'path': '/home/clawMachine/code/claw_machine_ros2/src/keyboard_claw_controller', 'symlink_install': False, 'test_result_base': None}[0m
[2.895s] [34mcolcon.colcon_core.executor[0m [1;30mINFO[0m Executing jobs using 'parallel' executor
[2.897s] [34mcolcon.colcon_parallel_executor.executor.parallel[0m [1;30mDEBUG[0m [32mrun_until_complete[0m
[2.897s] [34mcolcon.colcon_ros.task.ament_cmake.build[0m [1;30mINFO[0m Building ROS package in '/home/clawMachine/code/claw_machine_ros2/src/claw_machine_msgs' with build type 'ament_cmake'
[2.898s] [34mcolcon.colcon_cmake.task.cmake.build[0m [1;30mINFO[0m Building CMake package in '/home/clawMachine/code/claw_machine_ros2/src/claw_machine_msgs'
[2.910s] [34mcolcon.colcon_core.plugin_system[0m [1;30mINFO[0m Skipping extension 'colcon_core.shell.bat': Not used on non-Windows systems
[2.911s] [34mcolcon.colcon_core.shell[0m [1;30mINFO[0m Skip shell extension 'powershell' for command environment: Not usable outside of PowerShell
[2.911s] [34mcolcon.colcon_core.shell[0m [1;30mDEBUG[0m [32mSkip shell extension 'dsv' for command environment[0m
[2.971s] [34mcolcon.colcon_ros.task.ament_python.build[0m [1;30mINFO[0m Building ROS package in '/home/clawMachine/code/claw_machine_ros2/src/keyboard_claw_controller' with build type 'ament_python'
[2.971s] [34mcolcon.colcon_core.shell[0m [1;30mLevel 1[0m create_environment_hook('keyboard_claw_controller', 'ament_prefix_path')
[2.972s] [34mcolcon.colcon_core.shell[0m [1;30mINFO[0m Creating environment hook '/home/clawMachine/code/claw_machine_ros2/install/keyboard_claw_controller/share/keyboard_claw_controller/hook/ament_prefix_path.ps1'
[2.983s] [34mcolcon.colcon_core.shell[0m [1;30mINFO[0m Creating environment descriptor '/home/clawMachine/code/claw_machine_ros2/install/keyboard_claw_controller/share/keyboard_claw_controller/hook/ament_prefix_path.dsv'
[2.984s] [34mcolcon.colcon_core.shell[0m [1;30mINFO[0m Creating environment hook '/home/clawMachine/code/claw_machine_ros2/install/keyboard_claw_controller/share/keyboard_claw_controller/hook/ament_prefix_path.sh'
[2.986s] [34mcolcon.colcon_core.shell[0m [1;30mINFO[0m Skip shell extension 'powershell' for command environment: Not usable outside of PowerShell
[2.987s] [34mcolcon.colcon_core.shell[0m [1;30mDEBUG[0m [32mSkip shell extension 'dsv' for command environment[0m
[3.008s] [34mcolcon.colcon_core.event_handler.log_command[0m [1;30mDEBUG[0m [32mInvoking command in '/home/clawMachine/code/claw_machine_ros2/build/claw_machine_msgs': CONDA_PROMPT_MODIFIER=(ros_env) /home/clawMachine/miniforge3/envs/ros_env/bin/cmake --build /home/clawMachine/code/claw_machine_ros2/build/claw_machine_msgs -- -j8 -l8[0m
[3.284s] [34mcolcon.colcon_core.task.python.build[0m [1;30mINFO[0m Building Python package in '/home/clawMachine/code/claw_machine_ros2/src/keyboard_claw_controller'
[3.284s] [34mcolcon.colcon_core.shell[0m [1;30mINFO[0m Skip shell extension 'powershell' for command environment: Not usable outside of PowerShell
[3.284s] [34mcolcon.colcon_core.shell[0m [1;30mDEBUG[0m [32mSkip shell extension 'dsv' for command environment[0m
[4.007s] [34mcolcon.colcon_core.event_handler.log_command[0m [1;30mDEBUG[0m [32mInvoked command in '/home/clawMachine/code/claw_machine_ros2/build/claw_machine_msgs' returned '1': CONDA_PROMPT_MODIFIER=(ros_env) /home/clawMachine/miniforge3/envs/ros_env/bin/cmake --build /home/clawMachine/code/claw_machine_ros2/build/claw_machine_msgs -- -j8 -l8[0m
[4.046s] [34mcolcon.colcon_core.environment[0m [1;30mLevel 1[0m create_environment_scripts_only(claw_machine_msgs)
[4.193s] [34mcolcon.colcon_core.environment[0m [1;30mLevel 1[0m checking '/home/clawMachine/code/claw_machine_ros2/install/claw_machine_msgs' for CMake module files
[4.195s] [34mcolcon.colcon_core.environment[0m [1;30mLevel 1[0m checking '/home/clawMachine/code/claw_machine_ros2/install/claw_machine_msgs' for CMake config files
[4.197s] [34mcolcon.colcon_core.shell[0m [1;30mLevel 1[0m create_environment_hook('claw_machine_msgs', 'cmake_prefix_path')
[4.198s] [34mcolcon.colcon_core.shell[0m [1;30mINFO[0m Creating environment hook '/home/clawMachine/code/claw_machine_ros2/install/claw_machine_msgs/share/claw_machine_msgs/hook/cmake_prefix_path.ps1'
[4.198s] [34mcolcon.colcon_core.shell[0m [1;30mINFO[0m Creating environment descriptor '/home/clawMachine/code/claw_machine_ros2/install/claw_machine_msgs/share/claw_machine_msgs/hook/cmake_prefix_path.dsv'
[4.199s] [34mcolcon.colcon_core.shell[0m [1;30mINFO[0m Creating environment hook '/home/clawMachine/code/claw_machine_ros2/install/claw_machine_msgs/share/claw_machine_msgs/hook/cmake_prefix_path.sh'
[4.199s] [34mcolcon.colcon_core.environment[0m [1;30mLevel 1[0m checking '/home/clawMachine/code/claw_machine_ros2/install/claw_machine_msgs/lib'
[4.199s] [34mcolcon.colcon_core.shell[0m [1;30mLevel 1[0m create_environment_hook('claw_machine_msgs', 'ld_library_path_lib')
[4.199s] [34mcolcon.colcon_core.shell[0m [1;30mINFO[0m Creating environment hook '/home/clawMachine/code/claw_machine_ros2/install/claw_machine_msgs/share/claw_machine_msgs/hook/ld_library_path_lib.ps1'
[4.200s] [34mcolcon.colcon_core.shell[0m [1;30mINFO[0m Creating environment descriptor '/home/clawMachine/code/claw_machine_ros2/install/claw_machine_msgs/share/claw_machine_msgs/hook/ld_library_path_lib.dsv'
[4.200s] [34mcolcon.colcon_core.shell[0m [1;30mINFO[0m Creating environment hook '/home/clawMachine/code/claw_machine_ros2/install/claw_machine_msgs/share/claw_machine_msgs/hook/ld_library_path_lib.sh'
[4.200s] [34mcolcon.colcon_core.environment[0m [1;30mLevel 1[0m checking '/home/clawMachine/code/claw_machine_ros2/install/claw_machine_msgs/bin'
[4.200s] [34mcolcon.colcon_core.environment[0m [1;30mLevel 1[0m checking '/home/clawMachine/code/claw_machine_ros2/install/claw_machine_msgs/lib/pkgconfig/claw_machine_msgs.pc'
[4.200s] [34mcolcon.colcon_core.environment[0m [1;30mLevel 1[0m checking '/home/clawMachine/code/claw_machine_ros2/install/claw_machine_msgs/lib/python3.11/site-packages'
[4.200s] [34mcolcon.colcon_core.shell[0m [1;30mLevel 1[0m create_environment_hook('claw_machine_msgs', 'pythonpath')
[4.200s] [34mcolcon.colcon_core.shell[0m [1;30mINFO[0m Creating environment hook '/home/clawMachine/code/claw_machine_ros2/install/claw_machine_msgs/share/claw_machine_msgs/hook/pythonpath.ps1'
[4.201s] [34mcolcon.colcon_core.shell[0m [1;30mINFO[0m Creating environment descriptor '/home/clawMachine/code/claw_machine_ros2/install/claw_machine_msgs/share/claw_machine_msgs/hook/pythonpath.dsv'
[4.201s] [34mcolcon.colcon_core.shell[0m [1;30mINFO[0m Creating environment hook '/home/clawMachine/code/claw_machine_ros2/install/claw_machine_msgs/share/claw_machine_msgs/hook/pythonpath.sh'
[4.201s] [34mcolcon.colcon_core.environment[0m [1;30mLevel 1[0m checking '/home/clawMachine/code/claw_machine_ros2/install/claw_machine_msgs/bin'
[4.201s] [34mcolcon.colcon_core.shell[0m [1;30mINFO[0m Creating package script '/home/clawMachine/code/claw_machine_ros2/install/claw_machine_msgs/share/claw_machine_msgs/package.ps1'
[4.217s] [34mcolcon.colcon_core.shell[0m [1;30mINFO[0m Creating package descriptor '/home/clawMachine/code/claw_machine_ros2/install/claw_machine_msgs/share/claw_machine_msgs/package.dsv'
[4.226s] [34mcolcon.colcon_core.shell[0m [1;30mINFO[0m Creating package script '/home/clawMachine/code/claw_machine_ros2/install/claw_machine_msgs/share/claw_machine_msgs/package.sh'
[4.229s] [34mcolcon.colcon_core.shell[0m [1;30mINFO[0m Creating package script '/home/clawMachine/code/claw_machine_ros2/install/claw_machine_msgs/share/claw_machine_msgs/package.bash'
[4.260s] [34mcolcon.colcon_core.shell[0m [1;30mINFO[0m Creating package script '/home/clawMachine/code/claw_machine_ros2/install/claw_machine_msgs/share/claw_machine_msgs/package.zsh'
[4.270s] [34mcolcon.colcon_core.environment[0m [1;30mLevel 1[0m create_file_with_runtime_dependencies(/home/clawMachine/code/claw_machine_ros2/install/claw_machine_msgs/share/colcon-core/packages/claw_machine_msgs)
[5.919s] [34mcolcon.colcon_parallel_executor.executor.parallel[0m [1;30mDEBUG[0m [32mclosing loop[0m
[5.919s] [34mcolcon.colcon_parallel_executor.executor.parallel[0m [1;30mDEBUG[0m [32mloop closed[0m
[5.919s] [34mcolcon.colcon_parallel_executor.executor.parallel[0m [1;30mDEBUG[0m [32mrun_until_complete finished with '1'[0m
[5.919s] [34mcolcon.colcon_core.event_reactor[0m [1;30mDEBUG[0m [32mjoining thread[0m
[5.920s] [34mcolcon.colcon_core.event_reactor[0m [1;30mDEBUG[0m [32mjoined thread[0m
[5.920s] [34mcolcon.colcon_core.shell[0m [1;30mINFO[0m Creating prefix script '/home/clawMachine/code/claw_machine_ros2/install/local_setup.ps1'
[5.933s] [34mcolcon.colcon_core.shell[0m [1;30mINFO[0m Creating prefix util module '/home/clawMachine/code/claw_machine_ros2/install/_local_setup_util_ps1.py'
[5.936s] [34mcolcon.colcon_core.shell[0m [1;30mINFO[0m Creating prefix chain script '/home/clawMachine/code/claw_machine_ros2/install/setup.ps1'
[5.938s] [34mcolcon.colcon_core.shell[0m [1;30mINFO[0m Creating prefix script '/home/clawMachine/code/claw_machine_ros2/install/local_setup.sh'
[5.942s] [34mcolcon.colcon_core.shell[0m [1;30mINFO[0m Creating prefix util module '/home/clawMachine/code/claw_machine_ros2/install/_local_setup_util_sh.py'
[5.942s] [34mcolcon.colcon_core.shell[0m [1;30mINFO[0m Creating prefix chain script '/home/clawMachine/code/claw_machine_ros2/install/setup.sh'
[5.943s] [34mcolcon.colcon_core.shell[0m [1;30mINFO[0m Creating prefix script '/home/clawMachine/code/claw_machine_ros2/install/local_setup.bash'
[5.951s] [34mcolcon.colcon_core.shell[0m [1;30mINFO[0m Creating prefix chain script '/home/clawMachine/code/claw_machine_ros2/install/setup.bash'
[5.953s] [34mcolcon.colcon_core.shell[0m [1;30mINFO[0m Creating prefix script '/home/clawMachine/code/claw_machine_ros2/install/local_setup.zsh'
[5.961s] [34mcolcon.colcon_core.shell[0m [1;30mINFO[0m Creating prefix chain script '/home/clawMachine/code/claw_machine_ros2/install/setup.zsh'
