[0.011s] Invoking command in '/home/clawMachine/code/claw_machine_ros2/build/claw_machine_msgs': CONDA_PROMPT_MODIFIER=(ros_env) /home/clawMachine/miniforge3/envs/ros_env/bin/cmake --build /home/clawMachine/code/claw_machine_ros2/build/claw_machine_msgs -- -j8 -l8
[0.052s] [  3%] Built target claw_machine_msgs__cpp
[0.053s] [ 12%] Built target claw_machine_msgs__rosidl_generator_c
[0.060s] [ 12%] Built target ament_cmake_python_copy_claw_machine_msgs
[0.072s] [ 22%] Built target claw_machine_msgs__rosidl_typesupport_introspection_cpp
[0.073s] [ 32%] Built target claw_machine_msgs__rosidl_typesupport_cpp
[0.074s] [ 41%] Built target claw_machine_msgs__rosidl_typesupport_fastrtps_cpp
[0.082s] [ 51%] Built target claw_machine_msgs__rosidl_typesupport_c
[0.082s] [ 61%] Built target claw_machine_msgs__rosidl_typesupport_introspection_c
[0.084s] [ 70%] Built target claw_machine_msgs__rosidl_typesupport_fastrtps_c
[0.099s] [ 70%] Built target claw_machine_msgs
[0.114s] [ 74%] Built target claw_machine_msgs__py
[0.130s] [ 80%] Built target claw_machine_msgs__rosidl_generator_py
[0.147s] [ 87%] Built target claw_machine_msgs__rosidl_typesupport_c__pyext
[0.150s] [ 93%] Built target claw_machine_msgs__rosidl_typesupport_introspection_c__pyext
[0.150s] [100%] Built target claw_machine_msgs__rosidl_typesupport_fastrtps_c__pyext
[0.243s] running egg_info
[0.255s] writing claw_machine_msgs.egg-info/PKG-INFO
[0.255s] writing dependency_links to claw_machine_msgs.egg-info/dependency_links.txt
[0.255s] writing top-level names to claw_machine_msgs.egg-info/top_level.txt
[0.289s] reading manifest file 'claw_machine_msgs.egg-info/SOURCES.txt'
[0.290s] writing manifest file 'claw_machine_msgs.egg-info/SOURCES.txt'
[0.317s] [100%] Built target ament_cmake_python_build_claw_machine_msgs_egg
[0.324s] Invoked command in '/home/clawMachine/code/claw_machine_ros2/build/claw_machine_msgs' returned '0': CONDA_PROMPT_MODIFIER=(ros_env) /home/clawMachine/miniforge3/envs/ros_env/bin/cmake --build /home/clawMachine/code/claw_machine_ros2/build/claw_machine_msgs -- -j8 -l8
[0.371s] Invoking command in '/home/clawMachine/code/claw_machine_ros2/build/claw_machine_msgs': CONDA_PROMPT_MODIFIER=(ros_env) /home/clawMachine/miniforge3/envs/ros_env/bin/cmake --install /home/clawMachine/code/claw_machine_ros2/build/claw_machine_msgs
[0.377s] -- Install configuration: ""
[0.377s] -- Up-to-date: /home/clawMachine/code/claw_machine_ros2/install/claw_machine_msgs/share/ament_index/resource_index/rosidl_interfaces/claw_machine_msgs
[0.377s] -- Up-to-date: /home/clawMachine/code/claw_machine_ros2/install/claw_machine_msgs/include/claw_machine_msgs/claw_machine_msgs
[0.377s] -- Up-to-date: /home/clawMachine/code/claw_machine_ros2/install/claw_machine_msgs/include/claw_machine_msgs/claw_machine_msgs/msg
[0.377s] -- Up-to-date: /home/clawMachine/code/claw_machine_ros2/install/claw_machine_msgs/include/claw_machine_msgs/claw_machine_msgs/msg/rosidl_generator_c__visibility_control.h
[0.377s] -- Up-to-date: /home/clawMachine/code/claw_machine_ros2/install/claw_machine_msgs/include/claw_machine_msgs/claw_machine_msgs/msg/position.h
[0.377s] -- Up-to-date: /home/clawMachine/code/claw_machine_ros2/install/claw_machine_msgs/include/claw_machine_msgs/claw_machine_msgs/msg/detail
[0.378s] -- Up-to-date: /home/clawMachine/code/claw_machine_ros2/install/claw_machine_msgs/include/claw_machine_msgs/claw_machine_msgs/msg/detail/position__struct.h
[0.378s] -- Up-to-date: /home/clawMachine/code/claw_machine_ros2/install/claw_machine_msgs/include/claw_machine_msgs/claw_machine_msgs/msg/detail/position__functions.h
[0.378s] -- Up-to-date: /home/clawMachine/code/claw_machine_ros2/install/claw_machine_msgs/include/claw_machine_msgs/claw_machine_msgs/msg/detail/position__type_support.h
[0.378s] -- Up-to-date: /home/clawMachine/code/claw_machine_ros2/install/claw_machine_msgs/include/claw_machine_msgs/claw_machine_msgs/msg/detail/position__functions.c
[0.378s] -- Installing: /home/clawMachine/code/claw_machine_ros2/install/claw_machine_msgs/lib/libclaw_machine_msgs__rosidl_generator_c.so
[0.378s] -- Up-to-date: /home/clawMachine/code/claw_machine_ros2/install/claw_machine_msgs/include/claw_machine_msgs/claw_machine_msgs
[0.378s] -- Up-to-date: /home/clawMachine/code/claw_machine_ros2/install/claw_machine_msgs/include/claw_machine_msgs/claw_machine_msgs/msg
[0.378s] -- Up-to-date: /home/clawMachine/code/claw_machine_ros2/install/claw_machine_msgs/include/claw_machine_msgs/claw_machine_msgs/msg/rosidl_typesupport_fastrtps_c__visibility_control.h
[0.378s] -- Up-to-date: /home/clawMachine/code/claw_machine_ros2/install/claw_machine_msgs/include/claw_machine_msgs/claw_machine_msgs/msg/detail
[0.378s] -- Up-to-date: /home/clawMachine/code/claw_machine_ros2/install/claw_machine_msgs/include/claw_machine_msgs/claw_machine_msgs/msg/detail/position__rosidl_typesupport_fastrtps_c.h
[0.378s] -- Installing: /home/clawMachine/code/claw_machine_ros2/install/claw_machine_msgs/lib/libclaw_machine_msgs__rosidl_typesupport_fastrtps_c.so
[0.379s] -- Set non-toolchain portion of runtime path of "/home/clawMachine/code/claw_machine_ros2/install/claw_machine_msgs/lib/libclaw_machine_msgs__rosidl_typesupport_fastrtps_c.so" to ""
[0.379s] -- Up-to-date: /home/clawMachine/code/claw_machine_ros2/install/claw_machine_msgs/include/claw_machine_msgs/claw_machine_msgs
[0.379s] -- Up-to-date: /home/clawMachine/code/claw_machine_ros2/install/claw_machine_msgs/include/claw_machine_msgs/claw_machine_msgs/msg
[0.379s] -- Up-to-date: /home/clawMachine/code/claw_machine_ros2/install/claw_machine_msgs/include/claw_machine_msgs/claw_machine_msgs/msg/position.hpp
[0.379s] -- Up-to-date: /home/clawMachine/code/claw_machine_ros2/install/claw_machine_msgs/include/claw_machine_msgs/claw_machine_msgs/msg/detail
[0.379s] -- Up-to-date: /home/clawMachine/code/claw_machine_ros2/install/claw_machine_msgs/include/claw_machine_msgs/claw_machine_msgs/msg/detail/position__traits.hpp
[0.380s] -- Up-to-date: /home/clawMachine/code/claw_machine_ros2/install/claw_machine_msgs/include/claw_machine_msgs/claw_machine_msgs/msg/detail/position__struct.hpp
[0.380s] -- Up-to-date: /home/clawMachine/code/claw_machine_ros2/install/claw_machine_msgs/include/claw_machine_msgs/claw_machine_msgs/msg/detail/position__builder.hpp
[0.380s] -- Up-to-date: /home/clawMachine/code/claw_machine_ros2/install/claw_machine_msgs/include/claw_machine_msgs/claw_machine_msgs
[0.380s] -- Up-to-date: /home/clawMachine/code/claw_machine_ros2/install/claw_machine_msgs/include/claw_machine_msgs/claw_machine_msgs/msg
[0.380s] -- Up-to-date: /home/clawMachine/code/claw_machine_ros2/install/claw_machine_msgs/include/claw_machine_msgs/claw_machine_msgs/msg/rosidl_typesupport_fastrtps_cpp__visibility_control.h
[0.380s] -- Up-to-date: /home/clawMachine/code/claw_machine_ros2/install/claw_machine_msgs/include/claw_machine_msgs/claw_machine_msgs/msg/detail
[0.380s] -- Up-to-date: /home/clawMachine/code/claw_machine_ros2/install/claw_machine_msgs/include/claw_machine_msgs/claw_machine_msgs/msg/detail/position__rosidl_typesupport_fastrtps_cpp.hpp
[0.380s] -- Up-to-date: /home/clawMachine/code/claw_machine_ros2/install/claw_machine_msgs/include/claw_machine_msgs/claw_machine_msgs/msg/detail/dds_fastrtps
[0.380s] -- Installing: /home/clawMachine/code/claw_machine_ros2/install/claw_machine_msgs/lib/libclaw_machine_msgs__rosidl_typesupport_fastrtps_cpp.so
[0.380s] -- Up-to-date: /home/clawMachine/code/claw_machine_ros2/install/claw_machine_msgs/include/claw_machine_msgs/claw_machine_msgs
[0.380s] -- Up-to-date: /home/clawMachine/code/claw_machine_ros2/install/claw_machine_msgs/include/claw_machine_msgs/claw_machine_msgs/msg
[0.381s] -- Up-to-date: /home/clawMachine/code/claw_machine_ros2/install/claw_machine_msgs/include/claw_machine_msgs/claw_machine_msgs/msg/rosidl_typesupport_introspection_c__visibility_control.h
[0.381s] -- Up-to-date: /home/clawMachine/code/claw_machine_ros2/install/claw_machine_msgs/include/claw_machine_msgs/claw_machine_msgs/msg/detail
[0.381s] -- Up-to-date: /home/clawMachine/code/claw_machine_ros2/install/claw_machine_msgs/include/claw_machine_msgs/claw_machine_msgs/msg/detail/position__type_support.c
[0.381s] -- Up-to-date: /home/clawMachine/code/claw_machine_ros2/install/claw_machine_msgs/include/claw_machine_msgs/claw_machine_msgs/msg/detail/position__rosidl_typesupport_introspection_c.h
[0.381s] -- Installing: /home/clawMachine/code/claw_machine_ros2/install/claw_machine_msgs/lib/libclaw_machine_msgs__rosidl_typesupport_introspection_c.so
[0.381s] -- Set non-toolchain portion of runtime path of "/home/clawMachine/code/claw_machine_ros2/install/claw_machine_msgs/lib/libclaw_machine_msgs__rosidl_typesupport_introspection_c.so" to ""
[0.381s] -- Installing: /home/clawMachine/code/claw_machine_ros2/install/claw_machine_msgs/lib/libclaw_machine_msgs__rosidl_typesupport_c.so
[0.382s] -- Set non-toolchain portion of runtime path of "/home/clawMachine/code/claw_machine_ros2/install/claw_machine_msgs/lib/libclaw_machine_msgs__rosidl_typesupport_c.so" to ""
[0.382s] -- Up-to-date: /home/clawMachine/code/claw_machine_ros2/install/claw_machine_msgs/include/claw_machine_msgs/claw_machine_msgs
[0.382s] -- Up-to-date: /home/clawMachine/code/claw_machine_ros2/install/claw_machine_msgs/include/claw_machine_msgs/claw_machine_msgs/msg
[0.382s] -- Up-to-date: /home/clawMachine/code/claw_machine_ros2/install/claw_machine_msgs/include/claw_machine_msgs/claw_machine_msgs/msg/detail
[0.382s] -- Up-to-date: /home/clawMachine/code/claw_machine_ros2/install/claw_machine_msgs/include/claw_machine_msgs/claw_machine_msgs/msg/detail/position__rosidl_typesupport_introspection_cpp.hpp
[0.382s] -- Up-to-date: /home/clawMachine/code/claw_machine_ros2/install/claw_machine_msgs/include/claw_machine_msgs/claw_machine_msgs/msg/detail/position__type_support.cpp
[0.382s] -- Installing: /home/clawMachine/code/claw_machine_ros2/install/claw_machine_msgs/lib/libclaw_machine_msgs__rosidl_typesupport_introspection_cpp.so
[0.383s] -- Installing: /home/clawMachine/code/claw_machine_ros2/install/claw_machine_msgs/lib/libclaw_machine_msgs__rosidl_typesupport_cpp.so
[0.383s] -- Up-to-date: /home/clawMachine/code/claw_machine_ros2/install/claw_machine_msgs/share/claw_machine_msgs/environment/pythonpath.sh
[0.383s] -- Up-to-date: /home/clawMachine/code/claw_machine_ros2/install/claw_machine_msgs/share/claw_machine_msgs/environment/pythonpath.dsv
[0.383s] -- Up-to-date: /home/clawMachine/code/claw_machine_ros2/install/claw_machine_msgs/lib/python3.11/site-packages/claw_machine_msgs-0.0.0-py3.11.egg-info
[0.383s] -- Installing: /home/clawMachine/code/claw_machine_ros2/install/claw_machine_msgs/lib/python3.11/site-packages/claw_machine_msgs-0.0.0-py3.11.egg-info/PKG-INFO
[0.383s] -- Installing: /home/clawMachine/code/claw_machine_ros2/install/claw_machine_msgs/lib/python3.11/site-packages/claw_machine_msgs-0.0.0-py3.11.egg-info/top_level.txt
[0.383s] -- Installing: /home/clawMachine/code/claw_machine_ros2/install/claw_machine_msgs/lib/python3.11/site-packages/claw_machine_msgs-0.0.0-py3.11.egg-info/SOURCES.txt
[0.383s] -- Installing: /home/clawMachine/code/claw_machine_ros2/install/claw_machine_msgs/lib/python3.11/site-packages/claw_machine_msgs-0.0.0-py3.11.egg-info/dependency_links.txt
[0.384s] -- Up-to-date: /home/clawMachine/code/claw_machine_ros2/install/claw_machine_msgs/lib/python3.11/site-packages/claw_machine_msgs
[0.384s] -- Up-to-date: /home/clawMachine/code/claw_machine_ros2/install/claw_machine_msgs/lib/python3.11/site-packages/claw_machine_msgs/_claw_machine_msgs_s.ep.rosidl_typesupport_c.c
[0.384s] -- Up-to-date: /home/clawMachine/code/claw_machine_ros2/install/claw_machine_msgs/lib/python3.11/site-packages/claw_machine_msgs/_claw_machine_msgs_s.ep.rosidl_typesupport_fastrtps_c.c
[0.384s] -- Up-to-date: /home/clawMachine/code/claw_machine_ros2/install/claw_machine_msgs/lib/python3.11/site-packages/claw_machine_msgs/claw_machine_msgs_s__rosidl_typesupport_introspection_c.cpython-311-x86_64-linux-gnu.so
[0.384s] -- Up-to-date: /home/clawMachine/code/claw_machine_ros2/install/claw_machine_msgs/lib/python3.11/site-packages/claw_machine_msgs/__init__.py
[0.384s] -- Up-to-date: /home/clawMachine/code/claw_machine_ros2/install/claw_machine_msgs/lib/python3.11/site-packages/claw_machine_msgs/claw_machine_msgs_s__rosidl_typesupport_fastrtps_c.cpython-311-x86_64-linux-gnu.so
[0.384s] -- Up-to-date: /home/clawMachine/code/claw_machine_ros2/install/claw_machine_msgs/lib/python3.11/site-packages/claw_machine_msgs/msg
[0.384s] -- Up-to-date: /home/clawMachine/code/claw_machine_ros2/install/claw_machine_msgs/lib/python3.11/site-packages/claw_machine_msgs/msg/__init__.py
[0.384s] -- Up-to-date: /home/clawMachine/code/claw_machine_ros2/install/claw_machine_msgs/lib/python3.11/site-packages/claw_machine_msgs/msg/_position.py
[0.384s] -- Up-to-date: /home/clawMachine/code/claw_machine_ros2/install/claw_machine_msgs/lib/python3.11/site-packages/claw_machine_msgs/msg/_position_s.c
[0.385s] -- Up-to-date: /home/clawMachine/code/claw_machine_ros2/install/claw_machine_msgs/lib/python3.11/site-packages/claw_machine_msgs/_claw_machine_msgs_s.ep.rosidl_typesupport_introspection_c.c
[0.385s] -- Up-to-date: /home/clawMachine/code/claw_machine_ros2/install/claw_machine_msgs/lib/python3.11/site-packages/claw_machine_msgs/claw_machine_msgs_s__rosidl_typesupport_c.cpython-311-x86_64-linux-gnu.so
[0.385s] -- Up-to-date: /home/clawMachine/code/claw_machine_ros2/install/claw_machine_msgs/lib/python3.11/site-packages/claw_machine_msgs/libclaw_machine_msgs__rosidl_generator_py.so
[0.420s] Listing 'lib/python3.11/site-packages/claw_machine_msgs'...
[0.420s] Can't list 'lib/python3.11/site-packages/claw_machine_msgs'
[0.425s] -- Installing: /home/clawMachine/code/claw_machine_ros2/install/claw_machine_msgs/lib/python3.11/site-packages/claw_machine_msgs/claw_machine_msgs_s__rosidl_typesupport_fastrtps_c.cpython-311-x86_64-linux-gnu.so
[0.425s] -- Set non-toolchain portion of runtime path of "/home/clawMachine/code/claw_machine_ros2/install/claw_machine_msgs/lib/python3.11/site-packages/claw_machine_msgs/claw_machine_msgs_s__rosidl_typesupport_fastrtps_c.cpython-311-x86_64-linux-gnu.so" to ""
[0.426s] -- Installing: /home/clawMachine/code/claw_machine_ros2/install/claw_machine_msgs/lib/python3.11/site-packages/claw_machine_msgs/claw_machine_msgs_s__rosidl_typesupport_introspection_c.cpython-311-x86_64-linux-gnu.so
[0.426s] -- Set non-toolchain portion of runtime path of "/home/clawMachine/code/claw_machine_ros2/install/claw_machine_msgs/lib/python3.11/site-packages/claw_machine_msgs/claw_machine_msgs_s__rosidl_typesupport_introspection_c.cpython-311-x86_64-linux-gnu.so" to ""
[0.427s] -- Installing: /home/clawMachine/code/claw_machine_ros2/install/claw_machine_msgs/lib/python3.11/site-packages/claw_machine_msgs/claw_machine_msgs_s__rosidl_typesupport_c.cpython-311-x86_64-linux-gnu.so
[0.427s] -- Set non-toolchain portion of runtime path of "/home/clawMachine/code/claw_machine_ros2/install/claw_machine_msgs/lib/python3.11/site-packages/claw_machine_msgs/claw_machine_msgs_s__rosidl_typesupport_c.cpython-311-x86_64-linux-gnu.so" to ""
[0.427s] -- Installing: /home/clawMachine/code/claw_machine_ros2/install/claw_machine_msgs/lib/libclaw_machine_msgs__rosidl_generator_py.so
[0.428s] -- Set non-toolchain portion of runtime path of "/home/clawMachine/code/claw_machine_ros2/install/claw_machine_msgs/lib/libclaw_machine_msgs__rosidl_generator_py.so" to ""
[0.428s] -- Up-to-date: /home/clawMachine/code/claw_machine_ros2/install/claw_machine_msgs/share/claw_machine_msgs/msg/Position.idl
[0.428s] -- Up-to-date: /home/clawMachine/code/claw_machine_ros2/install/claw_machine_msgs/share/claw_machine_msgs/msg/Position.msg
[0.428s] -- Up-to-date: /home/clawMachine/code/claw_machine_ros2/install/claw_machine_msgs/share/ament_index/resource_index/package_run_dependencies/claw_machine_msgs
[0.428s] -- Up-to-date: /home/clawMachine/code/claw_machine_ros2/install/claw_machine_msgs/share/ament_index/resource_index/parent_prefix_path/claw_machine_msgs
[0.428s] -- Up-to-date: /home/clawMachine/code/claw_machine_ros2/install/claw_machine_msgs/share/claw_machine_msgs/environment/ament_prefix_path.sh
[0.428s] -- Up-to-date: /home/clawMachine/code/claw_machine_ros2/install/claw_machine_msgs/share/claw_machine_msgs/environment/ament_prefix_path.dsv
[0.429s] -- Up-to-date: /home/clawMachine/code/claw_machine_ros2/install/claw_machine_msgs/share/claw_machine_msgs/environment/path.sh
[0.429s] -- Up-to-date: /home/clawMachine/code/claw_machine_ros2/install/claw_machine_msgs/share/claw_machine_msgs/environment/path.dsv
[0.429s] -- Up-to-date: /home/clawMachine/code/claw_machine_ros2/install/claw_machine_msgs/share/claw_machine_msgs/local_setup.bash
[0.429s] -- Up-to-date: /home/clawMachine/code/claw_machine_ros2/install/claw_machine_msgs/share/claw_machine_msgs/local_setup.sh
[0.429s] -- Up-to-date: /home/clawMachine/code/claw_machine_ros2/install/claw_machine_msgs/share/claw_machine_msgs/local_setup.zsh
[0.429s] -- Up-to-date: /home/clawMachine/code/claw_machine_ros2/install/claw_machine_msgs/share/claw_machine_msgs/local_setup.dsv
[0.429s] -- Installing: /home/clawMachine/code/claw_machine_ros2/install/claw_machine_msgs/share/claw_machine_msgs/package.dsv
[0.429s] -- Up-to-date: /home/clawMachine/code/claw_machine_ros2/install/claw_machine_msgs/share/ament_index/resource_index/packages/claw_machine_msgs
[0.429s] -- Up-to-date: /home/clawMachine/code/claw_machine_ros2/install/claw_machine_msgs/share/claw_machine_msgs/cmake/export_claw_machine_msgs__rosidl_generator_cExport.cmake
[0.430s] -- Up-to-date: /home/clawMachine/code/claw_machine_ros2/install/claw_machine_msgs/share/claw_machine_msgs/cmake/export_claw_machine_msgs__rosidl_generator_cExport-noconfig.cmake
[0.430s] -- Up-to-date: /home/clawMachine/code/claw_machine_ros2/install/claw_machine_msgs/share/claw_machine_msgs/cmake/export_claw_machine_msgs__rosidl_typesupport_fastrtps_cExport.cmake
[0.430s] -- Up-to-date: /home/clawMachine/code/claw_machine_ros2/install/claw_machine_msgs/share/claw_machine_msgs/cmake/export_claw_machine_msgs__rosidl_typesupport_fastrtps_cExport-noconfig.cmake
[0.430s] -- Up-to-date: /home/clawMachine/code/claw_machine_ros2/install/claw_machine_msgs/share/claw_machine_msgs/cmake/export_claw_machine_msgs__rosidl_generator_cppExport.cmake
[0.430s] -- Up-to-date: /home/clawMachine/code/claw_machine_ros2/install/claw_machine_msgs/share/claw_machine_msgs/cmake/export_claw_machine_msgs__rosidl_typesupport_fastrtps_cppExport.cmake
[0.430s] -- Up-to-date: /home/clawMachine/code/claw_machine_ros2/install/claw_machine_msgs/share/claw_machine_msgs/cmake/export_claw_machine_msgs__rosidl_typesupport_fastrtps_cppExport-noconfig.cmake
[0.430s] -- Up-to-date: /home/clawMachine/code/claw_machine_ros2/install/claw_machine_msgs/share/claw_machine_msgs/cmake/claw_machine_msgs__rosidl_typesupport_introspection_cExport.cmake
[0.430s] -- Up-to-date: /home/clawMachine/code/claw_machine_ros2/install/claw_machine_msgs/share/claw_machine_msgs/cmake/claw_machine_msgs__rosidl_typesupport_introspection_cExport-noconfig.cmake
[0.431s] -- Up-to-date: /home/clawMachine/code/claw_machine_ros2/install/claw_machine_msgs/share/claw_machine_msgs/cmake/claw_machine_msgs__rosidl_typesupport_cExport.cmake
[0.431s] -- Up-to-date: /home/clawMachine/code/claw_machine_ros2/install/claw_machine_msgs/share/claw_machine_msgs/cmake/claw_machine_msgs__rosidl_typesupport_cExport-noconfig.cmake
[0.431s] -- Up-to-date: /home/clawMachine/code/claw_machine_ros2/install/claw_machine_msgs/share/claw_machine_msgs/cmake/claw_machine_msgs__rosidl_typesupport_introspection_cppExport.cmake
[0.431s] -- Up-to-date: /home/clawMachine/code/claw_machine_ros2/install/claw_machine_msgs/share/claw_machine_msgs/cmake/claw_machine_msgs__rosidl_typesupport_introspection_cppExport-noconfig.cmake
[0.431s] -- Up-to-date: /home/clawMachine/code/claw_machine_ros2/install/claw_machine_msgs/share/claw_machine_msgs/cmake/claw_machine_msgs__rosidl_typesupport_cppExport.cmake
[0.431s] -- Up-to-date: /home/clawMachine/code/claw_machine_ros2/install/claw_machine_msgs/share/claw_machine_msgs/cmake/claw_machine_msgs__rosidl_typesupport_cppExport-noconfig.cmake
[0.431s] -- Up-to-date: /home/clawMachine/code/claw_machine_ros2/install/claw_machine_msgs/share/claw_machine_msgs/cmake/export_claw_machine_msgs__rosidl_generator_pyExport.cmake
[0.431s] -- Up-to-date: /home/clawMachine/code/claw_machine_ros2/install/claw_machine_msgs/share/claw_machine_msgs/cmake/export_claw_machine_msgs__rosidl_generator_pyExport-noconfig.cmake
[0.432s] -- Up-to-date: /home/clawMachine/code/claw_machine_ros2/install/claw_machine_msgs/share/claw_machine_msgs/cmake/rosidl_cmake-extras.cmake
[0.432s] -- Up-to-date: /home/clawMachine/code/claw_machine_ros2/install/claw_machine_msgs/share/claw_machine_msgs/cmake/ament_cmake_export_dependencies-extras.cmake
[0.432s] -- Up-to-date: /home/clawMachine/code/claw_machine_ros2/install/claw_machine_msgs/share/claw_machine_msgs/cmake/ament_cmake_export_include_directories-extras.cmake
[0.432s] -- Up-to-date: /home/clawMachine/code/claw_machine_ros2/install/claw_machine_msgs/share/claw_machine_msgs/cmake/ament_cmake_export_libraries-extras.cmake
[0.432s] -- Up-to-date: /home/clawMachine/code/claw_machine_ros2/install/claw_machine_msgs/share/claw_machine_msgs/cmake/ament_cmake_export_targets-extras.cmake
[0.432s] -- Up-to-date: /home/clawMachine/code/claw_machine_ros2/install/claw_machine_msgs/share/claw_machine_msgs/cmake/rosidl_cmake_export_typesupport_targets-extras.cmake
[0.432s] -- Up-to-date: /home/clawMachine/code/claw_machine_ros2/install/claw_machine_msgs/share/claw_machine_msgs/cmake/rosidl_cmake_export_typesupport_libraries-extras.cmake
[0.432s] -- Up-to-date: /home/clawMachine/code/claw_machine_ros2/install/claw_machine_msgs/share/claw_machine_msgs/cmake/claw_machine_msgsConfig.cmake
[0.432s] -- Up-to-date: /home/clawMachine/code/claw_machine_ros2/install/claw_machine_msgs/share/claw_machine_msgs/cmake/claw_machine_msgsConfig-version.cmake
[0.432s] -- Up-to-date: /home/clawMachine/code/claw_machine_ros2/install/claw_machine_msgs/share/claw_machine_msgs/package.xml
[0.434s] Invoked command in '/home/clawMachine/code/claw_machine_ros2/build/claw_machine_msgs' returned '0': CONDA_PROMPT_MODIFIER=(ros_env) /home/clawMachine/miniforge3/envs/ros_env/bin/cmake --install /home/clawMachine/code/claw_machine_ros2/build/claw_machine_msgs
