[0.014s] Invoking command in '/home/clawMachine/code/claw_machine_ros2/build/claw_machine_msgs': CMAKE_PREFIX_PATH=${CMAKE_PREFIX_PATH}:/home/clawMachine/code/claw_machine_ros2/install/keyboard_claw_controller CONDA_PROMPT_MODIFIER=(ros_env) /home/clawMachine/miniforge3/envs/ros_env/bin/cmake --build /home/clawMachine/code/claw_machine_ros2/build/claw_machine_msgs -- -j8 -l8
[0.071s] [  9%] Built target claw_machine_msgs__rosidl_generator_c
[0.072s] [ 12%] Built target claw_machine_msgs__cpp
[0.082s] [ 12%] Built target ament_cmake_python_copy_claw_machine_msgs
[0.099s] [ 22%] Built target claw_machine_msgs__rosidl_typesupport_introspection_c
[0.101s] [ 32%] Built target claw_machine_msgs__rosidl_typesupport_cpp
[0.103s] [ 41%] Built target claw_machine_msgs__rosidl_typesupport_fastrtps_cpp
[0.106s] [ 51%] Built target claw_machine_msgs__rosidl_typesupport_c
[0.107s] [ 61%] Built target claw_machine_msgs__rosidl_typesupport_fastrtps_c
[0.109s] [ 70%] Built target claw_machine_msgs__rosidl_typesupport_introspection_cpp
[0.124s] [ 70%] Built target claw_machine_msgs
[0.139s] [ 74%] Built target claw_machine_msgs__py
[0.156s] [ 80%] Built target claw_machine_msgs__rosidl_generator_py
[0.174s] [ 87%] Built target claw_machine_msgs__rosidl_typesupport_introspection_c__pyext
[0.174s] [ 93%] Built target claw_machine_msgs__rosidl_typesupport_c__pyext
[0.178s] [100%] Built target claw_machine_msgs__rosidl_typesupport_fastrtps_c__pyext
[0.269s] running egg_info
[0.285s] writing claw_machine_msgs.egg-info/PKG-INFO
[0.285s] writing dependency_links to claw_machine_msgs.egg-info/dependency_links.txt
[0.285s] writing top-level names to claw_machine_msgs.egg-info/top_level.txt
[0.336s] reading manifest file 'claw_machine_msgs.egg-info/SOURCES.txt'
[0.336s] writing manifest file 'claw_machine_msgs.egg-info/SOURCES.txt'
[0.387s] [100%] Built target ament_cmake_python_build_claw_machine_msgs_egg
[0.406s] Invoked command in '/home/clawMachine/code/claw_machine_ros2/build/claw_machine_msgs' returned '0': CMAKE_PREFIX_PATH=${CMAKE_PREFIX_PATH}:/home/clawMachine/code/claw_machine_ros2/install/keyboard_claw_controller CONDA_PROMPT_MODIFIER=(ros_env) /home/clawMachine/miniforge3/envs/ros_env/bin/cmake --build /home/clawMachine/code/claw_machine_ros2/build/claw_machine_msgs -- -j8 -l8
[0.482s] Invoking command in '/home/clawMachine/code/claw_machine_ros2/build/claw_machine_msgs': CMAKE_PREFIX_PATH=${CMAKE_PREFIX_PATH}:/home/clawMachine/code/claw_machine_ros2/install/keyboard_claw_controller CONDA_PROMPT_MODIFIER=(ros_env) /home/clawMachine/miniforge3/envs/ros_env/bin/cmake --install /home/clawMachine/code/claw_machine_ros2/build/claw_machine_msgs
[0.491s] -- Install configuration: ""
[0.491s] -- Up-to-date: /home/clawMachine/code/claw_machine_ros2/install/claw_machine_msgs/share/ament_index/resource_index/rosidl_interfaces/claw_machine_msgs
[0.491s] -- Up-to-date: /home/clawMachine/code/claw_machine_ros2/install/claw_machine_msgs/include/claw_machine_msgs/claw_machine_msgs
[0.491s] -- Up-to-date: /home/clawMachine/code/claw_machine_ros2/install/claw_machine_msgs/include/claw_machine_msgs/claw_machine_msgs/msg
[0.491s] -- Up-to-date: /home/clawMachine/code/claw_machine_ros2/install/claw_machine_msgs/include/claw_machine_msgs/claw_machine_msgs/msg/rosidl_generator_c__visibility_control.h
[0.491s] -- Up-to-date: /home/clawMachine/code/claw_machine_ros2/install/claw_machine_msgs/include/claw_machine_msgs/claw_machine_msgs/msg/position.h
[0.492s] -- Up-to-date: /home/clawMachine/code/claw_machine_ros2/install/claw_machine_msgs/include/claw_machine_msgs/claw_machine_msgs/msg/detail
[0.492s] -- Up-to-date: /home/clawMachine/code/claw_machine_ros2/install/claw_machine_msgs/include/claw_machine_msgs/claw_machine_msgs/msg/detail/position__struct.h
[0.492s] -- Up-to-date: /home/clawMachine/code/claw_machine_ros2/install/claw_machine_msgs/include/claw_machine_msgs/claw_machine_msgs/msg/detail/position__functions.h
[0.492s] -- Up-to-date: /home/clawMachine/code/claw_machine_ros2/install/claw_machine_msgs/include/claw_machine_msgs/claw_machine_msgs/msg/detail/position__type_support.h
[0.492s] -- Up-to-date: /home/clawMachine/code/claw_machine_ros2/install/claw_machine_msgs/include/claw_machine_msgs/claw_machine_msgs/msg/detail/position__functions.c
[0.492s] -- Installing: /home/clawMachine/code/claw_machine_ros2/install/claw_machine_msgs/lib/libclaw_machine_msgs__rosidl_generator_c.so
[0.492s] -- Up-to-date: /home/clawMachine/code/claw_machine_ros2/install/claw_machine_msgs/include/claw_machine_msgs/claw_machine_msgs
[0.493s] -- Up-to-date: /home/clawMachine/code/claw_machine_ros2/install/claw_machine_msgs/include/claw_machine_msgs/claw_machine_msgs/msg
[0.493s] -- Up-to-date: /home/clawMachine/code/claw_machine_ros2/install/claw_machine_msgs/include/claw_machine_msgs/claw_machine_msgs/msg/rosidl_typesupport_fastrtps_c__visibility_control.h
[0.493s] -- Up-to-date: /home/clawMachine/code/claw_machine_ros2/install/claw_machine_msgs/include/claw_machine_msgs/claw_machine_msgs/msg/detail
[0.493s] -- Up-to-date: /home/clawMachine/code/claw_machine_ros2/install/claw_machine_msgs/include/claw_machine_msgs/claw_machine_msgs/msg/detail/position__rosidl_typesupport_fastrtps_c.h
[0.493s] -- Installing: /home/clawMachine/code/claw_machine_ros2/install/claw_machine_msgs/lib/libclaw_machine_msgs__rosidl_typesupport_fastrtps_c.so
[0.494s] -- Set non-toolchain portion of runtime path of "/home/clawMachine/code/claw_machine_ros2/install/claw_machine_msgs/lib/libclaw_machine_msgs__rosidl_typesupport_fastrtps_c.so" to ""
[0.494s] -- Up-to-date: /home/clawMachine/code/claw_machine_ros2/install/claw_machine_msgs/include/claw_machine_msgs/claw_machine_msgs
[0.494s] -- Up-to-date: /home/clawMachine/code/claw_machine_ros2/install/claw_machine_msgs/include/claw_machine_msgs/claw_machine_msgs/msg
[0.494s] -- Up-to-date: /home/clawMachine/code/claw_machine_ros2/install/claw_machine_msgs/include/claw_machine_msgs/claw_machine_msgs/msg/position.hpp
[0.494s] -- Up-to-date: /home/clawMachine/code/claw_machine_ros2/install/claw_machine_msgs/include/claw_machine_msgs/claw_machine_msgs/msg/detail
[0.495s] -- Up-to-date: /home/clawMachine/code/claw_machine_ros2/install/claw_machine_msgs/include/claw_machine_msgs/claw_machine_msgs/msg/detail/position__traits.hpp
[0.495s] -- Up-to-date: /home/clawMachine/code/claw_machine_ros2/install/claw_machine_msgs/include/claw_machine_msgs/claw_machine_msgs/msg/detail/position__struct.hpp
[0.495s] -- Up-to-date: /home/clawMachine/code/claw_machine_ros2/install/claw_machine_msgs/include/claw_machine_msgs/claw_machine_msgs/msg/detail/position__builder.hpp
[0.495s] -- Up-to-date: /home/clawMachine/code/claw_machine_ros2/install/claw_machine_msgs/include/claw_machine_msgs/claw_machine_msgs
[0.495s] -- Up-to-date: /home/clawMachine/code/claw_machine_ros2/install/claw_machine_msgs/include/claw_machine_msgs/claw_machine_msgs/msg
[0.495s] -- Up-to-date: /home/clawMachine/code/claw_machine_ros2/install/claw_machine_msgs/include/claw_machine_msgs/claw_machine_msgs/msg/rosidl_typesupport_fastrtps_cpp__visibility_control.h
[0.495s] -- Up-to-date: /home/clawMachine/code/claw_machine_ros2/install/claw_machine_msgs/include/claw_machine_msgs/claw_machine_msgs/msg/detail
[0.495s] -- Up-to-date: /home/clawMachine/code/claw_machine_ros2/install/claw_machine_msgs/include/claw_machine_msgs/claw_machine_msgs/msg/detail/position__rosidl_typesupport_fastrtps_cpp.hpp
[0.495s] -- Up-to-date: /home/clawMachine/code/claw_machine_ros2/install/claw_machine_msgs/include/claw_machine_msgs/claw_machine_msgs/msg/detail/dds_fastrtps
[0.496s] -- Installing: /home/clawMachine/code/claw_machine_ros2/install/claw_machine_msgs/lib/libclaw_machine_msgs__rosidl_typesupport_fastrtps_cpp.so
[0.496s] -- Up-to-date: /home/clawMachine/code/claw_machine_ros2/install/claw_machine_msgs/include/claw_machine_msgs/claw_machine_msgs
[0.496s] -- Up-to-date: /home/clawMachine/code/claw_machine_ros2/install/claw_machine_msgs/include/claw_machine_msgs/claw_machine_msgs/msg
[0.496s] -- Up-to-date: /home/clawMachine/code/claw_machine_ros2/install/claw_machine_msgs/include/claw_machine_msgs/claw_machine_msgs/msg/rosidl_typesupport_introspection_c__visibility_control.h
[0.496s] -- Up-to-date: /home/clawMachine/code/claw_machine_ros2/install/claw_machine_msgs/include/claw_machine_msgs/claw_machine_msgs/msg/detail
[0.496s] -- Up-to-date: /home/clawMachine/code/claw_machine_ros2/install/claw_machine_msgs/include/claw_machine_msgs/claw_machine_msgs/msg/detail/position__type_support.c
[0.496s] -- Up-to-date: /home/clawMachine/code/claw_machine_ros2/install/claw_machine_msgs/include/claw_machine_msgs/claw_machine_msgs/msg/detail/position__rosidl_typesupport_introspection_c.h
[0.496s] -- Installing: /home/clawMachine/code/claw_machine_ros2/install/claw_machine_msgs/lib/libclaw_machine_msgs__rosidl_typesupport_introspection_c.so
[0.496s] -- Set non-toolchain portion of runtime path of "/home/clawMachine/code/claw_machine_ros2/install/claw_machine_msgs/lib/libclaw_machine_msgs__rosidl_typesupport_introspection_c.so" to ""
[0.496s] -- Installing: /home/clawMachine/code/claw_machine_ros2/install/claw_machine_msgs/lib/libclaw_machine_msgs__rosidl_typesupport_c.so
[0.497s] -- Set non-toolchain portion of runtime path of "/home/clawMachine/code/claw_machine_ros2/install/claw_machine_msgs/lib/libclaw_machine_msgs__rosidl_typesupport_c.so" to ""
[0.497s] -- Up-to-date: /home/clawMachine/code/claw_machine_ros2/install/claw_machine_msgs/include/claw_machine_msgs/claw_machine_msgs
[0.497s] -- Up-to-date: /home/clawMachine/code/claw_machine_ros2/install/claw_machine_msgs/include/claw_machine_msgs/claw_machine_msgs/msg
[0.497s] -- Up-to-date: /home/clawMachine/code/claw_machine_ros2/install/claw_machine_msgs/include/claw_machine_msgs/claw_machine_msgs/msg/detail
[0.497s] -- Up-to-date: /home/clawMachine/code/claw_machine_ros2/install/claw_machine_msgs/include/claw_machine_msgs/claw_machine_msgs/msg/detail/position__rosidl_typesupport_introspection_cpp.hpp
[0.497s] -- Up-to-date: /home/clawMachine/code/claw_machine_ros2/install/claw_machine_msgs/include/claw_machine_msgs/claw_machine_msgs/msg/detail/position__type_support.cpp
[0.497s] -- Installing: /home/clawMachine/code/claw_machine_ros2/install/claw_machine_msgs/lib/libclaw_machine_msgs__rosidl_typesupport_introspection_cpp.so
[0.498s] -- Installing: /home/clawMachine/code/claw_machine_ros2/install/claw_machine_msgs/lib/libclaw_machine_msgs__rosidl_typesupport_cpp.so
[0.498s] -- Up-to-date: /home/clawMachine/code/claw_machine_ros2/install/claw_machine_msgs/share/claw_machine_msgs/environment/pythonpath.sh
[0.498s] -- Up-to-date: /home/clawMachine/code/claw_machine_ros2/install/claw_machine_msgs/share/claw_machine_msgs/environment/pythonpath.dsv
[0.498s] -- Up-to-date: /home/clawMachine/code/claw_machine_ros2/install/claw_machine_msgs/lib/python3.11/site-packages/claw_machine_msgs-0.0.0-py3.11.egg-info
[0.498s] -- Installing: /home/clawMachine/code/claw_machine_ros2/install/claw_machine_msgs/lib/python3.11/site-packages/claw_machine_msgs-0.0.0-py3.11.egg-info/PKG-INFO
[0.498s] -- Installing: /home/clawMachine/code/claw_machine_ros2/install/claw_machine_msgs/lib/python3.11/site-packages/claw_machine_msgs-0.0.0-py3.11.egg-info/top_level.txt
[0.498s] -- Installing: /home/clawMachine/code/claw_machine_ros2/install/claw_machine_msgs/lib/python3.11/site-packages/claw_machine_msgs-0.0.0-py3.11.egg-info/SOURCES.txt
[0.498s] -- Installing: /home/clawMachine/code/claw_machine_ros2/install/claw_machine_msgs/lib/python3.11/site-packages/claw_machine_msgs-0.0.0-py3.11.egg-info/dependency_links.txt
[0.499s] -- Up-to-date: /home/clawMachine/code/claw_machine_ros2/install/claw_machine_msgs/lib/python3.11/site-packages/claw_machine_msgs
[0.499s] -- Up-to-date: /home/clawMachine/code/claw_machine_ros2/install/claw_machine_msgs/lib/python3.11/site-packages/claw_machine_msgs/_claw_machine_msgs_s.ep.rosidl_typesupport_c.c
[0.499s] -- Up-to-date: /home/clawMachine/code/claw_machine_ros2/install/claw_machine_msgs/lib/python3.11/site-packages/claw_machine_msgs/_claw_machine_msgs_s.ep.rosidl_typesupport_fastrtps_c.c
[0.499s] -- Up-to-date: /home/clawMachine/code/claw_machine_ros2/install/claw_machine_msgs/lib/python3.11/site-packages/claw_machine_msgs/claw_machine_msgs_s__rosidl_typesupport_introspection_c.cpython-311-x86_64-linux-gnu.so
[0.499s] -- Up-to-date: /home/clawMachine/code/claw_machine_ros2/install/claw_machine_msgs/lib/python3.11/site-packages/claw_machine_msgs/__init__.py
[0.499s] -- Up-to-date: /home/clawMachine/code/claw_machine_ros2/install/claw_machine_msgs/lib/python3.11/site-packages/claw_machine_msgs/claw_machine_msgs_s__rosidl_typesupport_fastrtps_c.cpython-311-x86_64-linux-gnu.so
[0.499s] -- Up-to-date: /home/clawMachine/code/claw_machine_ros2/install/claw_machine_msgs/lib/python3.11/site-packages/claw_machine_msgs/msg
[0.499s] -- Up-to-date: /home/clawMachine/code/claw_machine_ros2/install/claw_machine_msgs/lib/python3.11/site-packages/claw_machine_msgs/msg/__init__.py
[0.499s] -- Up-to-date: /home/clawMachine/code/claw_machine_ros2/install/claw_machine_msgs/lib/python3.11/site-packages/claw_machine_msgs/msg/_position.py
[0.500s] -- Up-to-date: /home/clawMachine/code/claw_machine_ros2/install/claw_machine_msgs/lib/python3.11/site-packages/claw_machine_msgs/msg/_position_s.c
[0.500s] -- Up-to-date: /home/clawMachine/code/claw_machine_ros2/install/claw_machine_msgs/lib/python3.11/site-packages/claw_machine_msgs/_claw_machine_msgs_s.ep.rosidl_typesupport_introspection_c.c
[0.500s] -- Up-to-date: /home/clawMachine/code/claw_machine_ros2/install/claw_machine_msgs/lib/python3.11/site-packages/claw_machine_msgs/claw_machine_msgs_s__rosidl_typesupport_c.cpython-311-x86_64-linux-gnu.so
[0.500s] -- Up-to-date: /home/clawMachine/code/claw_machine_ros2/install/claw_machine_msgs/lib/python3.11/site-packages/claw_machine_msgs/libclaw_machine_msgs__rosidl_generator_py.so
[0.542s] Listing 'lib/python3.11/site-packages/claw_machine_msgs'...
[0.542s] Can't list 'lib/python3.11/site-packages/claw_machine_msgs'
[0.549s] -- Installing: /home/clawMachine/code/claw_machine_ros2/install/claw_machine_msgs/lib/python3.11/site-packages/claw_machine_msgs/claw_machine_msgs_s__rosidl_typesupport_fastrtps_c.cpython-311-x86_64-linux-gnu.so
[0.552s] -- Set non-toolchain portion of runtime path of "/home/clawMachine/code/claw_machine_ros2/install/claw_machine_msgs/lib/python3.11/site-packages/claw_machine_msgs/claw_machine_msgs_s__rosidl_typesupport_fastrtps_c.cpython-311-x86_64-linux-gnu.so" to ""
[0.552s] -- Installing: /home/clawMachine/code/claw_machine_ros2/install/claw_machine_msgs/lib/python3.11/site-packages/claw_machine_msgs/claw_machine_msgs_s__rosidl_typesupport_introspection_c.cpython-311-x86_64-linux-gnu.so
[0.552s] -- Set non-toolchain portion of runtime path of "/home/clawMachine/code/claw_machine_ros2/install/claw_machine_msgs/lib/python3.11/site-packages/claw_machine_msgs/claw_machine_msgs_s__rosidl_typesupport_introspection_c.cpython-311-x86_64-linux-gnu.so" to ""
[0.552s] -- Installing: /home/clawMachine/code/claw_machine_ros2/install/claw_machine_msgs/lib/python3.11/site-packages/claw_machine_msgs/claw_machine_msgs_s__rosidl_typesupport_c.cpython-311-x86_64-linux-gnu.so
[0.552s] -- Set non-toolchain portion of runtime path of "/home/clawMachine/code/claw_machine_ros2/install/claw_machine_msgs/lib/python3.11/site-packages/claw_machine_msgs/claw_machine_msgs_s__rosidl_typesupport_c.cpython-311-x86_64-linux-gnu.so" to ""
[0.552s] -- Installing: /home/clawMachine/code/claw_machine_ros2/install/claw_machine_msgs/lib/libclaw_machine_msgs__rosidl_generator_py.so
[0.553s] -- Set non-toolchain portion of runtime path of "/home/clawMachine/code/claw_machine_ros2/install/claw_machine_msgs/lib/libclaw_machine_msgs__rosidl_generator_py.so" to ""
[0.553s] -- Up-to-date: /home/clawMachine/code/claw_machine_ros2/install/claw_machine_msgs/share/claw_machine_msgs/msg/Position.idl
[0.553s] -- Up-to-date: /home/clawMachine/code/claw_machine_ros2/install/claw_machine_msgs/share/claw_machine_msgs/msg/Position.msg
[0.553s] -- Up-to-date: /home/clawMachine/code/claw_machine_ros2/install/claw_machine_msgs/share/ament_index/resource_index/package_run_dependencies/claw_machine_msgs
[0.553s] -- Up-to-date: /home/clawMachine/code/claw_machine_ros2/install/claw_machine_msgs/share/ament_index/resource_index/parent_prefix_path/claw_machine_msgs
[0.553s] -- Up-to-date: /home/clawMachine/code/claw_machine_ros2/install/claw_machine_msgs/share/claw_machine_msgs/environment/ament_prefix_path.sh
[0.553s] -- Up-to-date: /home/clawMachine/code/claw_machine_ros2/install/claw_machine_msgs/share/claw_machine_msgs/environment/ament_prefix_path.dsv
[0.554s] -- Up-to-date: /home/clawMachine/code/claw_machine_ros2/install/claw_machine_msgs/share/claw_machine_msgs/environment/path.sh
[0.554s] -- Up-to-date: /home/clawMachine/code/claw_machine_ros2/install/claw_machine_msgs/share/claw_machine_msgs/environment/path.dsv
[0.554s] -- Up-to-date: /home/clawMachine/code/claw_machine_ros2/install/claw_machine_msgs/share/claw_machine_msgs/local_setup.bash
[0.554s] -- Up-to-date: /home/clawMachine/code/claw_machine_ros2/install/claw_machine_msgs/share/claw_machine_msgs/local_setup.sh
[0.554s] -- Up-to-date: /home/clawMachine/code/claw_machine_ros2/install/claw_machine_msgs/share/claw_machine_msgs/local_setup.zsh
[0.554s] -- Up-to-date: /home/clawMachine/code/claw_machine_ros2/install/claw_machine_msgs/share/claw_machine_msgs/local_setup.dsv
[0.554s] -- Installing: /home/clawMachine/code/claw_machine_ros2/install/claw_machine_msgs/share/claw_machine_msgs/package.dsv
[0.555s] -- Up-to-date: /home/clawMachine/code/claw_machine_ros2/install/claw_machine_msgs/share/ament_index/resource_index/packages/claw_machine_msgs
[0.555s] -- Up-to-date: /home/clawMachine/code/claw_machine_ros2/install/claw_machine_msgs/share/claw_machine_msgs/cmake/export_claw_machine_msgs__rosidl_generator_cExport.cmake
[0.555s] -- Up-to-date: /home/clawMachine/code/claw_machine_ros2/install/claw_machine_msgs/share/claw_machine_msgs/cmake/export_claw_machine_msgs__rosidl_generator_cExport-noconfig.cmake
[0.555s] -- Up-to-date: /home/clawMachine/code/claw_machine_ros2/install/claw_machine_msgs/share/claw_machine_msgs/cmake/export_claw_machine_msgs__rosidl_typesupport_fastrtps_cExport.cmake
[0.555s] -- Up-to-date: /home/clawMachine/code/claw_machine_ros2/install/claw_machine_msgs/share/claw_machine_msgs/cmake/export_claw_machine_msgs__rosidl_typesupport_fastrtps_cExport-noconfig.cmake
[0.555s] -- Up-to-date: /home/clawMachine/code/claw_machine_ros2/install/claw_machine_msgs/share/claw_machine_msgs/cmake/export_claw_machine_msgs__rosidl_generator_cppExport.cmake
[0.555s] -- Up-to-date: /home/clawMachine/code/claw_machine_ros2/install/claw_machine_msgs/share/claw_machine_msgs/cmake/export_claw_machine_msgs__rosidl_typesupport_fastrtps_cppExport.cmake
[0.555s] -- Up-to-date: /home/clawMachine/code/claw_machine_ros2/install/claw_machine_msgs/share/claw_machine_msgs/cmake/export_claw_machine_msgs__rosidl_typesupport_fastrtps_cppExport-noconfig.cmake
[0.555s] -- Up-to-date: /home/clawMachine/code/claw_machine_ros2/install/claw_machine_msgs/share/claw_machine_msgs/cmake/claw_machine_msgs__rosidl_typesupport_introspection_cExport.cmake
[0.556s] -- Up-to-date: /home/clawMachine/code/claw_machine_ros2/install/claw_machine_msgs/share/claw_machine_msgs/cmake/claw_machine_msgs__rosidl_typesupport_introspection_cExport-noconfig.cmake
[0.556s] -- Up-to-date: /home/clawMachine/code/claw_machine_ros2/install/claw_machine_msgs/share/claw_machine_msgs/cmake/claw_machine_msgs__rosidl_typesupport_cExport.cmake
[0.556s] -- Up-to-date: /home/clawMachine/code/claw_machine_ros2/install/claw_machine_msgs/share/claw_machine_msgs/cmake/claw_machine_msgs__rosidl_typesupport_cExport-noconfig.cmake
[0.556s] -- Up-to-date: /home/clawMachine/code/claw_machine_ros2/install/claw_machine_msgs/share/claw_machine_msgs/cmake/claw_machine_msgs__rosidl_typesupport_introspection_cppExport.cmake
[0.556s] -- Up-to-date: /home/clawMachine/code/claw_machine_ros2/install/claw_machine_msgs/share/claw_machine_msgs/cmake/claw_machine_msgs__rosidl_typesupport_introspection_cppExport-noconfig.cmake
[0.557s] -- Up-to-date: /home/clawMachine/code/claw_machine_ros2/install/claw_machine_msgs/share/claw_machine_msgs/cmake/claw_machine_msgs__rosidl_typesupport_cppExport.cmake
[0.557s] -- Up-to-date: /home/clawMachine/code/claw_machine_ros2/install/claw_machine_msgs/share/claw_machine_msgs/cmake/claw_machine_msgs__rosidl_typesupport_cppExport-noconfig.cmake
[0.557s] -- Up-to-date: /home/clawMachine/code/claw_machine_ros2/install/claw_machine_msgs/share/claw_machine_msgs/cmake/export_claw_machine_msgs__rosidl_generator_pyExport.cmake
[0.558s] -- Up-to-date: /home/clawMachine/code/claw_machine_ros2/install/claw_machine_msgs/share/claw_machine_msgs/cmake/export_claw_machine_msgs__rosidl_generator_pyExport-noconfig.cmake
[0.558s] -- Up-to-date: /home/clawMachine/code/claw_machine_ros2/install/claw_machine_msgs/share/claw_machine_msgs/cmake/rosidl_cmake-extras.cmake
[0.558s] -- Up-to-date: /home/clawMachine/code/claw_machine_ros2/install/claw_machine_msgs/share/claw_machine_msgs/cmake/ament_cmake_export_dependencies-extras.cmake
[0.558s] -- Up-to-date: /home/clawMachine/code/claw_machine_ros2/install/claw_machine_msgs/share/claw_machine_msgs/cmake/ament_cmake_export_include_directories-extras.cmake
[0.558s] -- Up-to-date: /home/clawMachine/code/claw_machine_ros2/install/claw_machine_msgs/share/claw_machine_msgs/cmake/ament_cmake_export_libraries-extras.cmake
[0.559s] -- Up-to-date: /home/clawMachine/code/claw_machine_ros2/install/claw_machine_msgs/share/claw_machine_msgs/cmake/ament_cmake_export_targets-extras.cmake
[0.559s] -- Up-to-date: /home/clawMachine/code/claw_machine_ros2/install/claw_machine_msgs/share/claw_machine_msgs/cmake/rosidl_cmake_export_typesupport_targets-extras.cmake
[0.559s] -- Up-to-date: /home/clawMachine/code/claw_machine_ros2/install/claw_machine_msgs/share/claw_machine_msgs/cmake/rosidl_cmake_export_typesupport_libraries-extras.cmake
[0.559s] -- Up-to-date: /home/clawMachine/code/claw_machine_ros2/install/claw_machine_msgs/share/claw_machine_msgs/cmake/claw_machine_msgsConfig.cmake
[0.560s] -- Up-to-date: /home/clawMachine/code/claw_machine_ros2/install/claw_machine_msgs/share/claw_machine_msgs/cmake/claw_machine_msgsConfig-version.cmake
[0.560s] -- Up-to-date: /home/clawMachine/code/claw_machine_ros2/install/claw_machine_msgs/share/claw_machine_msgs/package.xml
[0.563s] Invoked command in '/home/clawMachine/code/claw_machine_ros2/build/claw_machine_msgs' returned '0': CMAKE_PREFIX_PATH=${CMAKE_PREFIX_PATH}:/home/clawMachine/code/claw_machine_ros2/install/keyboard_claw_controller CONDA_PROMPT_MODIFIER=(ros_env) /home/clawMachine/miniforge3/envs/ros_env/bin/cmake --install /home/clawMachine/code/claw_machine_ros2/build/claw_machine_msgs
