[0.795s] Invoking command in '/home/clawMachine/code/claw_machine_ros2/src/keyboard_claw_controller': CONDA_PROMPT_MODIFIER=(ros_env) PYTHONPATH=/home/clawMachine/code/claw_machine_ros2/build/keyboard_claw_controller/prefix_override:/home/clawMachine/code/claw_machine_ros2/install/keyboard_claw_controller/lib/python3.11/site-packages:${PYTHONPATH} /home/clawMachine/miniforge3/envs/ros_env/bin/python3.11 -W ignore:setup.py install is deprecated setup.py egg_info --egg-base ../../build/keyboard_claw_controller build --build-base /home/clawMachine/code/claw_machine_ros2/build/keyboard_claw_controller/build install --record /home/clawMachine/code/claw_machine_ros2/build/keyboard_claw_controller/install.log --single-version-externally-managed install_data
[1.013s] running egg_info
[1.024s] writing ../../build/keyboard_claw_controller/keyboard_claw_controller.egg-info/PKG-INFO
[1.025s] writing dependency_links to ../../build/keyboard_claw_controller/keyboard_claw_controller.egg-info/dependency_links.txt
[1.025s] writing entry points to ../../build/keyboard_claw_controller/keyboard_claw_controller.egg-info/entry_points.txt
[1.025s] writing requirements to ../../build/keyboard_claw_controller/keyboard_claw_controller.egg-info/requires.txt
[1.025s] writing top-level names to ../../build/keyboard_claw_controller/keyboard_claw_controller.egg-info/top_level.txt
[1.049s] reading manifest file '../../build/keyboard_claw_controller/keyboard_claw_controller.egg-info/SOURCES.txt'
[1.050s] writing manifest file '../../build/keyboard_claw_controller/keyboard_claw_controller.egg-info/SOURCES.txt'
[1.050s] running build
[1.050s] running build_py
[1.050s] copying keyboard_claw_controller/keyboard_publisher.py -> /home/clawMachine/code/claw_machine_ros2/build/keyboard_claw_controller/build/lib/keyboard_claw_controller
[1.050s] copying keyboard_claw_controller/__init__.py -> /home/clawMachine/code/claw_machine_ros2/build/keyboard_claw_controller/build/lib/keyboard_claw_controller
[1.050s] copying keyboard_claw_controller/ros2_mqtt_bridge.py -> /home/clawMachine/code/claw_machine_ros2/build/keyboard_claw_controller/build/lib/keyboard_claw_controller
[1.051s] copying keyboard_claw_controller/basic_game (copy).py -> /home/clawMachine/code/claw_machine_ros2/build/keyboard_claw_controller/build/lib/keyboard_claw_controller
[1.051s] copying keyboard_claw_controller/xcarve_controller.py -> /home/clawMachine/code/claw_machine_ros2/build/keyboard_claw_controller/build/lib/keyboard_claw_controller
[1.051s] copying keyboard_claw_controller/basic_game.py -> /home/clawMachine/code/claw_machine_ros2/build/keyboard_claw_controller/build/lib/keyboard_claw_controller
[1.051s] running install
[1.057s] running install_lib
[1.069s] copying /home/clawMachine/code/claw_machine_ros2/build/keyboard_claw_controller/build/lib/keyboard_claw_controller/claw_lib.py -> /home/clawMachine/code/claw_machine_ros2/install/keyboard_claw_controller/lib/python3.11/site-packages/keyboard_claw_controller
[1.069s] copying /home/clawMachine/code/claw_machine_ros2/build/keyboard_claw_controller/build/lib/keyboard_claw_controller/game_flow.py -> /home/clawMachine/code/claw_machine_ros2/install/keyboard_claw_controller/lib/python3.11/site-packages/keyboard_claw_controller
[1.070s] byte-compiling /home/clawMachine/code/claw_machine_ros2/install/keyboard_claw_controller/lib/python3.11/site-packages/keyboard_claw_controller/game_flow.py to game_flow.cpython-311.pyc
[1.074s] running install_data
[1.074s] copying resource/keyboard_claw_controller -> /home/clawMachine/code/claw_machine_ros2/install/keyboard_claw_controller/share/ament_index/resource_index/packages
[1.074s] copying package.xml -> /home/clawMachine/code/claw_machine_ros2/install/keyboard_claw_controller/share/keyboard_claw_controller
[1.074s] copying launch/clawMachine_engine.launch.py -> /home/clawMachine/code/claw_machine_ros2/install/keyboard_claw_controller/share/keyboard_claw_controller
[1.074s] running install_egg_info
[1.087s] removing '/home/clawMachine/code/claw_machine_ros2/install/keyboard_claw_controller/lib/python3.11/site-packages/keyboard_claw_controller-0.0.0-py3.11.egg-info' (and everything under it)
[1.087s] Copying ../../build/keyboard_claw_controller/keyboard_claw_controller.egg-info to /home/clawMachine/code/claw_machine_ros2/install/keyboard_claw_controller/lib/python3.11/site-packages/keyboard_claw_controller-0.0.0-py3.11.egg-info
[1.089s] running install_scripts
[1.173s] Installing basic_game script to /home/clawMachine/code/claw_machine_ros2/install/keyboard_claw_controller/lib/keyboard_claw_controller
[1.173s] Installing keyboard_publisher script to /home/clawMachine/code/claw_machine_ros2/install/keyboard_claw_controller/lib/keyboard_claw_controller
[1.173s] Installing ros2_mqtt_bridge script to /home/clawMachine/code/claw_machine_ros2/install/keyboard_claw_controller/lib/keyboard_claw_controller
[1.173s] Installing xcarve_controller script to /home/clawMachine/code/claw_machine_ros2/install/keyboard_claw_controller/lib/keyboard_claw_controller
[1.174s] writing list of installed files to '/home/clawMachine/code/claw_machine_ros2/build/keyboard_claw_controller/install.log'
[1.204s] Invoked command in '/home/clawMachine/code/claw_machine_ros2/src/keyboard_claw_controller' returned '0': CONDA_PROMPT_MODIFIER=(ros_env) PYTHONPATH=/home/clawMachine/code/claw_machine_ros2/build/keyboard_claw_controller/prefix_override:/home/clawMachine/code/claw_machine_ros2/install/keyboard_claw_controller/lib/python3.11/site-packages:${PYTHONPATH} /home/clawMachine/miniforge3/envs/ros_env/bin/python3.11 -W ignore:setup.py install is deprecated setup.py egg_info --egg-base ../../build/keyboard_claw_controller build --build-base /home/clawMachine/code/claw_machine_ros2/build/keyboard_claw_controller/build install --record /home/clawMachine/code/claw_machine_ros2/build/keyboard_claw_controller/install.log --single-version-externally-managed install_data
